 delwaq2

 Timestamp is 587341b4 (Mon Jan 09 00:54:28 2017)

 Preferred load address is 00400000

 Start         Length     Name                   Class
 0001:00000000 0003a400H .text                   CODE
 0001:0003a400 00000c0cH .text$mn                CODE
 0002:00000000 00000050H .text1                  CODE
 0003:00000000 0000025cH .idata$5                DATA
 0003:0000025c 00000004H .CRT$XCA                DATA
 0003:00000260 00000004H .CRT$XCAA               DATA
 0003:00000264 00000004H .CRT$XCF                DATA
 0003:00000268 00000004H .CRT$XCU                DATA
 0003:0000026c 00000004H .CRT$XCZ                DATA
 0003:00000270 00000004H .CRT$XIA                DATA
 0003:00000274 00000004H .CRT$XIAA               DATA
 0003:00000278 00000004H .CRT$XIC                DATA
 0003:0000027c 00000004H .CRT$XIY                DATA
 0003:00000280 00000004H .CRT$XIZ                DATA
 0003:000002a0 0000a8c0H .rdata                  DATA
 0003:0000ab60 00000008H .rdata$sxdata           DATA
 0003:0000ab68 00000004H .rtc$IAA                DATA
 0003:0000ab6c 00000004H .rtc$IZZ                DATA
 0003:0000ab70 00000004H .rtc$TAA                DATA
 0003:0000ab74 00000004H .rtc$TZZ                DATA
 0003:0000ab78 0000005cH .xdata$x                DATA
 0003:0000abd4 00000000H .edata                  DATA
 0003:0000abd4 00000050H .idata$2                DATA
 0003:0000ac24 00000014H .idata$3                DATA
 0003:0000ac38 0000025cH .idata$4                DATA
 0003:0000ae94 000008e4H .idata$6                DATA
 0004:00000000 00002e3fH .data                   DATA
 0004:00002e40 0000a1bcH .bss                    DATA
 0005:00000000 000001fcH .trace                  DATA
 0006:00000000 00000540H _RDATA                  DATA
 0007:00000000 00000058H .rsrc$01                DATA
 0007:00000060 00000370H .rsrc$02                DATA

  Address         Publics by Value              Rva+Base       Lib:Object

 0000:00000000       ___guard_flags             00000000     <absolute>
 0000:00000000       __except_list              00000000     <absolute>
 0000:00000000       ___guard_fids_count        00000000     <absolute>
 0000:00000000       ___guard_fids_table        00000000     <absolute>
 0000:00000002       ___safe_se_handler_count   00000002     <absolute>
 0000:00009876       __fltused                  00009876     <absolute>
 0000:00009876       __ldused                   00009876     <absolute>
 0000:00000000       ___ImageBase               00400000     <linker-defined>
 0001:00000000       _MAIN__                    00401000 f   dlwq2.obj
 0001:00000250       __UNNAMED_DATA$            00401250 f   block.obj
 0001:00000260       _GETIDENTIFICATION         00401260 f   getidentification.obj
 0001:00000290       _for_set_reentrancy        00401290 f   libifcoremt:for_reentrancy.obj
 0001:000002b0       _for__reentrancy_cleanup   004012b0 f   libifcoremt:for_reentrancy.obj
 0001:000004d0       _for__destroy_threadstor   004014d0 f   libifcoremt:for_reentrancy.obj
 0001:00000510       _for__destroy_threadstor_index 00401510 f   libifcoremt:for_reentrancy.obj
 0001:00000530       _for__access_threadstor_threads 00401530 f   libifcoremt:for_reentrancy.obj
 0001:00000740       _for__acquire_threadstor_threads 00401740 f   libifcoremt:for_reentrancy.obj
 0001:00000920       _for__disable_asynch_deliv_private 00401920 f   libifcoremt:for_reentrancy.obj
 0001:00000950       _for__enable_asynch_deliv_private 00401950 f   libifcoremt:for_reentrancy.obj
 0001:00000970       _for__acquire_semaphore_threaded 00401970 f   libifcoremt:for_reentrancy.obj
 0001:00000a20       _for__reentrancy_init      00401a20 f   libifcoremt:for_reentrancy.obj
 0001:00000c20       _for_iargc                 00401c20 f   libifcoremt:for_getarg.obj
 0001:00000c30       _for_getarg                00401c30 f   libifcoremt:for_getarg.obj
 0001:00000d10       _for__get_vm               00401d10 f   libifcoremt:for_vm.obj
 0001:00000d50       _for__realloc_vm           00401d50 f   libifcoremt:for_vm.obj
 0001:00000dc0       _for__free_vm              00401dc0 f   libifcoremt:for_vm.obj
 0001:00000de0       _for_alloc_allocatable     00401de0 f   libifcoremt:for_vm.obj
 0001:00000f00       _for_check_mult_overflow   00401f00 f   libifcoremt:for_vm.obj
 0001:00000f80       _for_write_seq_lis         00401f80 f   libifcoremt:for_wseq_lis.obj
 0001:00002800       _for_write_seq_lis_xmit    00403800 f   libifcoremt:for_wseq_lis.obj
 0001:00006de0       _for_open                  00407de0 f   libifcoremt:for_open.obj
 0001:00008050       _for__update_reopen_keywords 00409050 f   libifcoremt:for_open.obj
 0001:00008058       _for__update_reopen_keywords. 00409058 f   libifcoremt:for_open.obj
 0001:00009140       _for__set_foreign_bits     0040a140 f   libifcoremt:for_open.obj
 0001:00009148       _for__set_foreign_bits.    0040a148 f   libifcoremt:for_open.obj
 0001:00009fb0       _for__open_key             0040afb0 f   libifcoremt:for_open.obj
 0001:0000a1c0       _for__find_iomsg           0040b1c0 f   libifcoremt:for_open.obj
 0001:0000a250       _for__set_terminator_option 0040b250 f   libifcoremt:for_open.obj
 0001:0000a2c0       _for__is_special_device    0040b2c0 f   libifcoremt:for_open.obj
 0001:0000a400       _for__open_default         0040b400 f   libifcoremt:for_open.obj
 0001:0000a710       _for_close                 0040b710 f   libifcoremt:for_close.obj
 0001:0000ac00       _for__close_default        0040bc00 f   libifcoremt:for_close.obj
 0001:0000ad20       _for_exit                  0040bd20 f   libifcoremt:for_exit.obj
 0001:0000ad60       _for__acquire_lun          0040bd60 f   libifcoremt:for_lub_mgt.obj
 0001:0000c030       _for__release_lun          0040d030 f   libifcoremt:for_lub_mgt.obj
 0001:0000c560       _for__create_lub           0040d560 f   libifcoremt:for_lub_mgt.obj
 0001:0000c650       _for__deallocate_lub       0040d650 f   libifcoremt:for_lub_mgt.obj
 0001:0000db60       _for__get_next_lub         0040eb60 f   libifcoremt:for_lub_mgt.obj
 0001:0000e780       _for__get_free_newunit     0040f780 f   libifcoremt:for_lub_mgt.obj
 0001:0000eb00       _for__release_newunit      0040fb00 f   libifcoremt:for_lub_mgt.obj
 0001:0000eb60       _for__add_to_lf_table      0040fb60 f   libifcoremt:for_need_lf.obj
 0001:0000f130       _for__rm_from_lf_table     00410130 f   libifcoremt:for_need_lf.obj
 0001:0000f2e0       _free_for__l_excpt_info    004102e0 f   libifcoremt:for_init.obj
 0001:0000f610       _for_get_fpe_              00410610 f   libifcoremt:for_init.obj
 0001:0000f6e0       _for_set_fpe_              004106e0 f   libifcoremt:for_init.obj
 0001:0000f7c0       _for_rtl_finish_           004107c0 f   libifcoremt:for_init.obj
 0001:0000f8e0       _for__nt_signal_handler    004108e0 f   libifcoremt:for_init.obj
 0001:000107a0       _for_rtl_init_wrap_        004117a0 f   libifcoremt:for_init.obj
 0001:00010b30       _for_rtl_init_             00411b30 f   libifcoremt:for_init.obj
 0001:00010f20       _for__io_return            00411f20 f   libifcoremt:for_diags_intel.obj
 0001:00012330       _for__issue_diagnostic     00413330 f   libifcoremt:for_diags_intel.obj
 0001:00013000       _for__this_image_number_or_zero 00414000 f   libifcoremt:for_diags_intel.obj
 0001:00013290       _for__get_msg              00414290 f   libifcoremt:for_diags_intel.obj
 0001:000138c0       _for__message_catalog_close 004148c0 f   libifcoremt:for_diags_intel.obj
 0001:00014210       _for_avallocate            00415210 f   libifcoremt:for_avalloc.obj
 0001:000144f0       _for__put_su               004154f0 f   libifcoremt:for_put.obj
 0001:00014a00       _for__write_output         00415a00 f   libifcoremt:for_put.obj
 0001:00014a0c       _for__write_output.        00415a0c f   libifcoremt:for_put.obj
 0001:00015040       _for__put_sf               00416040 f   libifcoremt:for_put.obj
 0001:00016110       _for__flush_readahead      00417110 f   libifcoremt:for_put.obj
 0001:00016210       _for__aio_destroy          00417210 f   libifcoremt:for_aio.obj
 0001:00016250       _for__aio_release          00417250 f   libifcoremt:for_aio.obj
 0001:00016330       _for__aio_acquire_lun      00417330 f   libifcoremt:for_aio.obj
 0001:0001633c       _for__aio_acquire_lun.     0041733c f   libifcoremt:for_aio.obj
 0001:000169a0       _for__aio_release_lun      004179a0 f   libifcoremt:for_aio.obj
 0001:000169a8       _for__aio_release_lun.     004179a8 f   libifcoremt:for_aio.obj
 0001:00016d80       _for__aio_check_unit       00417d80 f   libifcoremt:for_aio.obj
 0001:00016e40       _for__aio_error_handling   00417e40 f   libifcoremt:for_aio.obj
 0001:00016e4c       _for__aio_error_handling.  00417e4c f   libifcoremt:for_aio.obj
 0001:00017280       _for__aio_init             00418280 f   libifcoremt:for_aio.obj
 0001:000172e0       _for__adjust_buffer        004182e0 f   libifcoremt:for_io_util.obj
 0001:000174c0       _for__lower_bound_index    004184c0 f   libifcoremt:for_io_util.obj
 0001:000174cc       _for__lower_bound_index.   004184cc f   libifcoremt:for_io_util.obj
 0001:00017510       _for_check_env_name        00418510 f   libifcoremt:for_io_util.obj
 0001:000175b0       _for__key_desc_ret_item    004185b0 f   libifcoremt:for_desc_item.obj
 0001:000175f0       _for__desc_ret_item        004185f0 f   libifcoremt:for_desc_item.obj
 0001:000175fc       _for__desc_ret_item.       004185fc f   libifcoremt:for_desc_item.obj
 0001:00017890       _for__format_value         00418890 f   libifcoremt:for_fmt_val.obj
 0001:00018660       _for__reopen_file          00419660 f   libifcoremt:for_nt_open_proc.obj
 0001:00018c40       _for__compute_filename     00419c40 f   libifcoremt:for_nt_open_proc.obj
 0001:00018c4c       _for__compute_filename.    00419c4c f   libifcoremt:for_nt_open_proc.obj
 0001:0001a090       _for__open_proc            0041b090 f   libifcoremt:for_nt_open_proc.obj
 0001:0001a098       _for__open_proc.           0041b098 f   libifcoremt:for_nt_open_proc.obj
 0001:0001d830       _for__close_proc           0041e830 f   libifcoremt:for_close_proc.obj
 0001:0001dfb0       _for__exit_handler         0041efb0 f   libifcoremt:for_exit_handler.obj
 0001:0001e200       __unit2handle              0041f200 f   libifcoremt:for_m_qwin.obj
 0001:0001e204       __unit2handle.             0041f204 f   libifcoremt:for_m_qwin.obj
 0001:0001e4e0       _GETHANDLEQQ               0041f4e0 f   libifcoremt:for_m_qwin.obj
 0001:0001e510       _GETUNITQQ                 0041f510 f   libifcoremt:for_m_qwin.obj
 0001:0001e5e0       _for__preconnected_units_create 0041f5e0 f   libifcoremt:for_preconnected_units_init.obj
 0001:0001e7c0       _for__default_io_sizes_env_init 0041f7c0 f   libifcoremt:for_default_io_sizes_env_init.obj
 0001:0001e990       _for_since_epoch_t         0041f990 f   libifcoremt:for_secnds.obj
 0001:0001edc0       _tbk_stack_trace           0041fdc0 f   libifcoremt:tbk_traceback.obj
 0001:0001ef90       _cvt_ieee_single_to_ibm_short 0041ff90 f   libifcoremt:cvt_ieee_single.obj
 0001:0001ef9c       _cvt_ieee_single_to_ibm_short. 0041ff9c f   libifcoremt:cvt_ieee_single.obj
 0001:0001f2c0       _cvt_ieee_single_to_vax_f  004202c0 f   libifcoremt:cvt_ieee_single.obj
 0001:0001f2cc       _cvt_ieee_single_to_vax_f. 004202cc f   libifcoremt:cvt_ieee_single.obj
 0001:0001f570       _cvt_ieee_double_to_cray   00420570 f   libifcoremt:cvt_ieee_double.obj
 0001:0001f57c       _cvt_ieee_double_to_cray.  0042057c f   libifcoremt:cvt_ieee_double.obj
 0001:0001f940       _cvt_ieee_double_to_ibm_long 00420940 f   libifcoremt:cvt_ieee_double.obj
 0001:0001f94c       _cvt_ieee_double_to_ibm_long. 0042094c f   libifcoremt:cvt_ieee_double.obj
 0001:0001fd90       _cvt_ieee_double_to_vax_d  00420d90 f   libifcoremt:cvt_ieee_double.obj
 0001:0001fd9c       _cvt_ieee_double_to_vax_d. 00420d9c f   libifcoremt:cvt_ieee_double.obj
 0001:00020130       _cvt_ieee_double_to_vax_g  00421130 f   libifcoremt:cvt_ieee_double.obj
 0001:0002013c       _cvt_ieee_double_to_vax_g. 0042113c f   libifcoremt:cvt_ieee_double.obj
 0001:000204d0       _cvt_vax_f_to_ieee_single  004214d0 f   libifcoremt:cvt_vax_f.obj
 0001:000204dc       _cvt_vax_f_to_ieee_single. 004214dc f   libifcoremt:cvt_vax_f.obj
 0001:00020880       _cvt_ibm_short_to_ieee_single 00421880 f   libifcoremt:cvt_ibm_short.obj
 0001:0002088c       _cvt_ibm_short_to_ieee_single. 0042188c f   libifcoremt:cvt_ibm_short.obj
 0001:00020c50       _cvt_vax_g_to_ieee_double  00421c50 f   libifcoremt:cvt_vax_g.obj
 0001:00020c5c       _cvt_vax_g_to_ieee_double. 00421c5c f   libifcoremt:cvt_vax_g.obj
 0001:000210c0       _cvt_vax_d_to_ieee_double  004220c0 f   libifcoremt:cvt_vax_d.obj
 0001:000210cc       _cvt_vax_d_to_ieee_double. 004220cc f   libifcoremt:cvt_vax_d.obj
 0001:00021530       _cvt_ibm_long_to_ieee_double 00422530 f   libifcoremt:cvt_ibm_long.obj
 0001:0002153c       _cvt_ibm_long_to_ieee_double. 0042253c f   libifcoremt:cvt_ibm_long.obj
 0001:000219b0       _cvt_cray_to_ieee_double   004229b0 f   libifcoremt:cvt_cray.obj
 0001:000219bc       _cvt_cray_to_ieee_double.  004229bc f   libifcoremt:cvt_cray.obj
 0001:00021e40       _cvt_data64_to_text        00422e40 f   libifcoremt:cvt_data_to_text.obj
 0001:00021e40       _cvt_data_to_text          00422e40 f   libifcoremt:cvt_data_to_text.obj
 0001:000221d0       _cvt_integer_to_text       004231d0 f   libifcoremt:cvt_int_to_text.obj
 0001:000223d0       _cvt_unsigned_to_text      004233d0 f   libifcoremt:cvt_int_to_text.obj
 0001:00022590       _cvt_integer64_to_text     00423590 f   libifcoremt:cvt_int_to_text.obj
 0001:000227e0       _cvt_unsigned64_to_text    004237e0 f   libifcoremt:cvt_int_to_text.obj
 0001:00022a10       _cvt_boolean_to_text_ex    00423a10 f   libifcoremt:cvt_log_to_text.obj
 0001:00022c80       _cvt_boolean64_to_text     00423c80 f   libifcoremt:cvt_log_to_text.obj
 0001:00022ee0       _cvt_ieee_x_to_text_ex     00423ee0 f   libifcoremt:cvt_cvtas_x.obj
 0001:000241d0       _cvt_ieee_t_to_text_ex     004251d0 f   libifcoremt:cvt_cvtas_t.obj
 0001:00025460       _cvt_ieee_s_to_text_ex     00426460 f   libifcoremt:cvt_cvtas_s.obj
 0001:00026600       _cvt_text_to_integer       00427600 f   libifcoremt:cvt_text_to_int.obj
 0001:00026960       _for__get_s                00427960 f   libifcoremt:for_get.obj
 0001:00027da0       _for__read_input           00428da0 f   libifcoremt:for_get.obj
 0001:00027dac       _for__read_input.          00428dac f   libifcoremt:for_get.obj
 0001:00027fe0       _for__finish_ufseq_write   00428fe0 f   libifcoremt:for_wseq.obj
 0001:00028370       _cvtas_x_to_a              00429370 f   libifcoremt:cvtas_x_to_a.obj
 0001:0002d2b0       _cvtas_t_to_a              0042e2b0 f   libifcoremt:cvtas_t_to_a.obj
 0001:00031d10       _cvtas_s_to_a              00432d10 f   libifcoremt:cvtas_s_to_a.obj
 0001:00036290       ___intel_new_feature_proc_init 00437290 f   libirc:new_proc_init.obj
 0001:00036600       __intel_fast_memset.A      00437600 f   libirc:fastmemset.obj
 0001:00036610       __intel_fast_memset.H      00437610 f   libirc:fastmemset.obj
 0001:00036620       __intel_fast_memset        00437620 f   libirc:fastmemset.obj
 0001:00036660       __intel_fast_memcpy.A      00437660 f   libirc:fastmemcpy.obj
 0001:00036670       __intel_fast_memcpy.H      00437670 f   libirc:fastmemcpy.obj
 0001:00036680       __intel_fast_memcpy        00437680 f   libirc:fastmemcpy.obj
 0001:000366c0       ___intel_cpu_features_init 004376c0 f   libirc:cpu_feature_disp.obj
 0001:00036ab0       __intel_fast_memcmp        00437ab0 f   libirc:ia32_memcmp.obj
 0001:00036b80       _tbk_string_stack_signal_impl 00437b80 f   libirc:tbk_display.obj
 0001:00036b8c       _tbk_string_stack_signal_impl. 00437b8c f   libirc:tbk_display.obj
 0001:00037410       ___libirc_get_msg          00438410 f   libirc:irc_msg_support.obj
 0001:00037550       ___libirc_print            00438550 f   libirc:irc_msg_support.obj
 0001:000376b0       ___intel_proc_init_ftzdazule 004386b0 f   libirc:proc_init_utils.obj
 0001:00037770       ___intel_new_memset        00438770 f   libirc:fast_memset.obj
 0001:0003777d       ___intel_memset            0043877d f   libirc:fast_memset.obj
 0001:00037e40       ___intel_new_memcpy        00438e40 f   libirc:fast_memcpy.obj
 0001:00037e4c       ___intel_memcpy            00438e4c f   libirc:fast_memcpy.obj
 0001:00038a20       _tbk_getPC                 00439a20 f   libirc:tbk_backtrace.obj
 0001:00038a30       _tbk_getModuleName         00439a30 f   libirc:tbk_backtrace.obj
 0001:00038ad0       _tbk_get_pc_info           00439ad0 f   libirc:tbk_backtrace.obj
 0001:00039270       _tbk_trace_stack_impl      0043a270 f   libirc:tbk_backtrace.obj
 0001:0003a190       _RegisterGetHandleQQ       0043b190 f   ifconsol:for_m_console.obj
 0001:0003a190       _RegisterGetUnitQQ         0043b190 f   ifconsol:for_m_console.obj
 0001:0003a190       _ChangeQWINCP              0043b190 f   ifconsol:for_m_console.obj
 0001:0003a1a0       __wgsetactive              0043b1a0 f   ifconsol:for_m_console.obj
 0001:0003a1a0       __wgopen                   0043b1a0 f   ifconsol:for_m_console.obj
 0001:0003a1a0       __QWINClose                0043b1a0 f   ifconsol:for_m_console.obj
 0001:0003a1a0       __QWINGetTitle             0043b1a0 f   ifconsol:for_m_console.obj
 0001:0003a1a0       __QWINMsgBox               0043b1a0 f   ifconsol:for_m_console.obj
 0001:0003a1a0       __QWINGetFileName          0043b1a0 f   ifconsol:for_m_console.obj
 0001:0003a1a0       __QWINRead                 0043b1a0 f   ifconsol:for_m_console.obj
 0001:0003a1a0       __QWINNiceExit             0043b1a0 f   ifconsol:for_m_console.obj
 0001:0003a1a0       __QWINSetIOFOCUS           0043b1a0 f   ifconsol:for_m_console.obj
 0001:0003a1a0       __QWINWrite                0043b1a0 f   ifconsol:for_m_console.obj
 0001:0003a1c0       __QWINSetFocus             0043b1c0 f   ifconsol:for_m_console.obj
 0001:0003a1c0       __QWINGetDefaultWindow     0043b1c0 f   ifconsol:for_m_console.obj
 0001:0003a1e0       _main                      0043b1e0 f   libifcoremt:for_main.obj
 0001:0003a2b0       _for__nt_handler_jacket    0043b2b0 f   libifcoremt:for_main.obj
 0001:0003a2b4       _for__nt_handler_jacket.   0043b2b4 f   libifcoremt:for_main.obj
 0001:0003a310       _for__nt_user_handler_jacket 0043b310 f   libifcoremt:for_main.obj
 0001:0003a400       _GETFULLVERSIONSTRING_DELWAQ2 0043b400 f   delwaq2_version_number:f2c.obj
 0001:0003a460       _GETFEATURENUMBERSTRING_DELWAQ2 0043b460 f   delwaq2_version_number:f2c.obj
 0001:0003a502       _DELWAQ2                   0043b502 f   delwaq2_lib:delwaq2_lib.dll
 0001:0003a771       _mainCRTStartup            0043b771 f   MSVCRT:crtexe.obj
 0001:0003a77b       @__security_check_cookie@4 0043b77b f   MSVCRT:secchk.obj
 0001:0003a78a       _strncpy                   0043b78a f   MSVCRT:MSVCR120.dll
 0001:0003a790       _signal                    0043b790 f   MSVCRT:MSVCR120.dll
 0001:0003a796       ___atonexitinit            0043b796 f   MSVCRT:atonexit.obj
 0001:0003a7d2       __onexit                   0043b7d2 f   MSVCRT:atonexit.obj
 0001:0003a87b       _atexit                    0043b87b f   MSVCRT:atonexit.obj
 0001:0003a890       _malloc                    0043b890 f   MSVCRT:MSVCR120.dll
 0001:0003a896       _realloc                   0043b896 f   MSVCRT:MSVCR120.dll
 0001:0003a89c       _free                      0043b89c f   MSVCRT:MSVCR120.dll
 0001:0003a8a2       __aligned_malloc           0043b8a2 f   MSVCRT:MSVCR120.dll
 0001:0003a8b0       __allmul                   0043b8b0 f   MSVCRT:llmul.obj
 0001:0003a8e4       _getenv                    0043b8e4 f   MSVCRT:MSVCR120.dll
 0001:0003a8ea       _strchr                    0043b8ea f   MSVCRT:MSVCR120.dll
 0001:0003a8f0       _strstr                    0043b8f0 f   MSVCRT:MSVCR120.dll
 0001:0003a8f6       _toupper                   0043b8f6 f   MSVCRT:MSVCR120.dll
 0001:0003a8fc       _strncmp                   0043b8fc f   MSVCRT:MSVCR120.dll
 0001:0003a902       __stricmp                  0043b902 f   MSVCRT:MSVCR120.dll
 0001:0003a908       _sprintf                   0043b908 f   MSVCRT:MSVCR120.dll
 0001:0003a90e       _exit                      0043b90e f   MSVCRT:MSVCR120.dll
 0001:0003a920       __chkstk                   0043b920 f   MSVCRT:chkstk.obj
 0001:0003a920       __alloca_probe             0043b920 f   MSVCRT:chkstk.obj
 0001:0003a94c       __controlfp_s              0043b94c f   MSVCRT:MSVCR120.dll
 0001:0003a952       _memmove                   0043b952 f   MSVCRT:MSVCR120.dll
 0001:0003a958       __clearfp                  0043b958 f   MSVCRT:MSVCR120.dll
 0001:0003a960       _vsprintf                  0043b960 f   MSVCRT:MSVCR120.dll
 0001:0003a966       ___iob_func                0043b966 f   MSVCRT:MSVCR120.dll
 0001:0003a96c       _freopen                   0043b96c f   MSVCRT:MSVCR120.dll
 0001:0003a972       _fprintf                   0043b972 f   MSVCRT:MSVCR120.dll
 0001:0003a978       _abort                     0043b978 f   MSVCRT:MSVCR120.dll
 0001:0003a97e       _fopen                     0043b97e f   MSVCRT:MSVCR120.dll
 0001:0003a984       _fputs                     0043b984 f   MSVCRT:MSVCR120.dll
 0001:0003a98a       _fclose                    0043b98a f   MSVCRT:MSVCR120.dll
 0001:0003a990       _fflush                    0043b990 f   MSVCRT:MSVCR120.dll
 0001:0003a996       _rand                      0043b996 f   MSVCRT:MSVCR120.dll
 0001:0003a99c       __getpid                   0043b99c f   MSVCRT:MSVCR120.dll
 0001:0003a9a2       __write                    0043b9a2 f   MSVCRT:MSVCR120.dll
 0001:0003a9a8       _tolower                   0043b9a8 f   MSVCRT:MSVCR120.dll
 0001:0003a9ae       _isdigit                   0043b9ae f   MSVCRT:MSVCR120.dll
 0001:0003a9b4       _sscanf                    0043b9b4 f   MSVCRT:MSVCR120.dll
 0001:0003a9ba       _getenv_s                  0043b9ba f   MSVCRT:MSVCR120.dll
 0001:0003a9c0       _strtok                    0043b9c0 f   MSVCRT:MSVCR120.dll
 0001:0003a9c6       _atoi                      0043b9c6 f   MSVCRT:MSVCR120.dll
 0001:0003a9cc       __get_osfhandle            0043b9cc f   MSVCRT:MSVCR120.dll
 0001:0003a9d2       __open_osfhandle           0043b9d2 f   MSVCRT:MSVCR120.dll
 0001:0003a9d8       __fileno                   0043b9d8 f   MSVCRT:MSVCR120.dll
 0001:0003a9de       __access                   0043b9de f   MSVCRT:MSVCR120.dll
 0001:0003a9e4       __errno                    0043b9e4 f   MSVCRT:MSVCR120.dll
 0001:0003a9f0       __aulldiv                  0043b9f0 f   MSVCRT:ulldiv.obj
 0001:0003aa58       _memchr                    0043ba58 f   MSVCRT:MSVCR120.dll
 0001:0003aa60       __alldiv                   0043ba60 f   MSVCRT:lldiv.obj
 0001:0003ab0a       _strlen                    0043bb0a f   MSVCRT:MSVCR120.dll
 0001:0003ab10       _strncat                   0043bb10 f   MSVCRT:MSVCR120.dll
 0001:0003ab16       _memset                    0043bb16 f   MSVCRT:MSVCR120.dll
 0001:0003ab1c       _memcpy                    0043bb1c f   MSVCRT:MSVCR120.dll
 0001:0003ab22       _strcat                    0043bb22 f   MSVCRT:MSVCR120.dll
 0001:0003ab28       __snprintf                 0043bb28 f   MSVCRT:MSVCR120.dll
 0001:0003ab2e       _strcpy                    0043bb2e f   MSVCRT:MSVCR120.dll
 0001:0003ab34       __splitpath                0043bb34 f   MSVCRT:MSVCR120.dll
 0001:0003ab3a       _printf                    0043bb3a f   MSVCRT:MSVCR120.dll
 0001:0003ab40       _memcmp                    0043bb40 f   MSVCRT:MSVCR120.dll
 0001:0003ab46       __except_handler3          0043bb46 f   MSVCRT:MSVCR120.dll
 0001:0003ab4c       ?__CxxUnhandledExceptionFilter@@YGJPAU_EXCEPTION_POINTERS@@@Z 0043bb4c f   MSVCRT:unhandld.obj
 0001:0003ab8d       ___CxxSetUnhandledExceptionFilter 0043bb8d f   MSVCRT:unhandld.obj
 0001:0003ab9c       __XcptFilter               0043bb9c f   MSVCRT:MSVCR120.dll
 0001:0003aba2       __amsg_exit                0043bba2 f   MSVCRT:MSVCR120.dll
 0001:0003abb0       __FindPESection            0043bbb0 f   MSVCRT:pesect.obj
 0001:0003ac00       __IsNonwritableInCurrentImage 0043bc00 f   MSVCRT:pesect.obj
 0001:0003acc0       __ValidateImageBase        0043bcc0 f   MSVCRT:pesect.obj
 0001:0003acf1       ___security_init_cookie    0043bcf1 f   MSVCRT:gs_support.obj
 0001:0003ad8d       __matherr                  0043bd8d f   MSVCRT:merr.obj
 0001:0003ad8d       __setargv                  0043bd8d f   MSVCRT:dllargv.obj
 0001:0003ad90       __RTC_Initialize           0043bd90 f   MSVCRT:initsect.obj
 0001:0003adb0       __RTC_Terminate            0043bdb0 f   MSVCRT:initsect.obj
 0001:0003add0       __setdefaultprecision      0043bdd0 f   MSVCRT:fp8.obj
 0001:0003adf8       __initterm_e               0043bdf8 f   MSVCRT:MSVCR120.dll
 0001:0003adfe       __initterm                 0043bdfe f   MSVCRT:MSVCR120.dll
 0001:0003ae10       __SEH_prolog4              0043be10 f   MSVCRT:sehprolg4.obj
 0001:0003ae55       __SEH_epilog4              0043be55 f   MSVCRT:sehprolg4.obj
 0001:0003ae69       __except_handler4          0043be69 f   MSVCRT:chandler4gs.obj
 0001:0003ae8c       ___raise_securityfailure   0043be8c f   MSVCRT:gs_report.obj
 0001:0003aec9       ___report_gsfailure        0043bec9 f   MSVCRT:gs_report.obj
 0001:0003afc4       __lock                     0043bfc4 f   MSVCRT:MSVCR120.dll
 0001:0003afca       __unlock                   0043bfca f   MSVCRT:MSVCR120.dll
 0001:0003afd0       ___dllonexit               0043bfd0 f   MSVCRT:MSVCR120.dll
 0001:0003afd6       ?terminate@@YAXXZ          0043bfd6 f   MSVCRT:MSVCR120.dll
 0001:0003afdc       ___crtSetUnhandledExceptionFilter 0043bfdc f   MSVCRT:MSVCR120.dll
 0001:0003afe2       __invoke_watson            0043bfe2 f   MSVCRT:MSVCR120.dll
 0001:0003afe8       __except_handler4_common   0043bfe8 f   MSVCRT:MSVCR120.dll
 0001:0003afee       __crt_debugger_hook        0043bfee f   MSVCRT:MSVCR120.dll
 0001:0003aff4       ___crtUnhandledException   0043bff4 f   MSVCRT:MSVCR120.dll
 0001:0003affa       ___crtTerminateProcess     0043bffa f   MSVCRT:MSVCR120.dll
 0001:0003b000       _IsProcessorFeaturePresent@4 0043c000 f   kernel32:KERNEL32.dll
 0001:0003b006       __fpieee_flt               0043c006 f   MSVCRT:MSVCR120.dll
 0002:00000000       __VInfreq__main            0043d000     libifcoremt:for_main.obj
 0003:00000000       __imp__EncodePointer@4     0043e000     kernel32:KERNEL32.dll
 0003:00000004       __imp__VirtualQuery@12     0043e004     kernel32:KERNEL32.dll
 0003:00000008       __imp__GetModuleFileNameA@12 0043e008     kernel32:KERNEL32.dll
 0003:0000000c       __imp__GetCurrentProcess@0 0043e00c     kernel32:KERNEL32.dll
 0003:00000010       __imp__GetSystemTimeAsFileTime@4 0043e010     kernel32:KERNEL32.dll
 0003:00000014       __imp__CreateProcessA@40   0043e014     kernel32:KERNEL32.dll
 0003:00000018       __imp__SetThreadPriority@8 0043e018     kernel32:KERNEL32.dll
 0003:0000001c       __imp__GetVersionExA@4     0043e01c     kernel32:KERNEL32.dll
 0003:00000020       __imp__DeleteFileA@4       0043e020     kernel32:KERNEL32.dll
 0003:00000024       __imp__ReadFile@20         0043e024     kernel32:KERNEL32.dll
 0003:00000028       __imp__GetUserDefaultLangID@0 0043e028     kernel32:KERNEL32.dll
 0003:0000002c       __imp__GetFullPathNameW@16 0043e02c     kernel32:KERNEL32.dll
 0003:00000030       __imp__GetSystemDefaultLangID@0 0043e030     kernel32:KERNEL32.dll
 0003:00000034       __imp__GetFullPathNameA@16 0043e034     kernel32:KERNEL32.dll
 0003:00000038       __imp__GetTempFileNameA@16 0043e038     kernel32:KERNEL32.dll
 0003:0000003c       __imp__GetTempPathA@8      0043e03c     kernel32:KERNEL32.dll
 0003:00000040       __imp__GetFileInformationByHandle@8 0043e040     kernel32:KERNEL32.dll
 0003:00000044       __imp__TerminateThread@8   0043e044     kernel32:KERNEL32.dll
 0003:00000048       __imp__SetEvent@4          0043e048     kernel32:KERNEL32.dll
 0003:0000004c       __imp__CreateEventA@16     0043e04c     kernel32:KERNEL32.dll
 0003:00000050       __imp__ExitThread@4        0043e050     kernel32:KERNEL32.dll
 0003:00000054       __imp__EnterCriticalSection@4 0043e054     kernel32:KERNEL32.dll
 0003:00000058       __imp__LeaveCriticalSection@4 0043e058     kernel32:KERNEL32.dll
 0003:0000005c       __imp__InitializeCriticalSection@4 0043e05c     kernel32:KERNEL32.dll
 0003:00000060       __imp__DeleteCriticalSection@4 0043e060     kernel32:KERNEL32.dll
 0003:00000064       __imp__SetEndOfFile@4      0043e064     kernel32:KERNEL32.dll
 0003:00000068       __imp__OpenFileMappingA@12 0043e068     kernel32:KERNEL32.dll
 0003:0000006c       __imp__CreateFileMappingA@24 0043e06c     kernel32:KERNEL32.dll
 0003:00000070       __imp__MapViewOfFile@20    0043e070     kernel32:KERNEL32.dll
 0003:00000074       __imp__CreateFileA@28      0043e074     kernel32:KERNEL32.dll
 0003:00000078       __imp__FreeLibrary@4       0043e078     kernel32:KERNEL32.dll
 0003:0000007c       __imp__GetThreadLocale@0   0043e07c     kernel32:KERNEL32.dll
 0003:00000080       __imp__LoadLibraryA@4      0043e080     kernel32:KERNEL32.dll
 0003:00000084       __imp__FormatMessageA@28   0043e084     kernel32:KERNEL32.dll
 0003:00000088       __imp__GetModuleHandleA@4  0043e088     kernel32:KERNEL32.dll
 0003:0000008c       __imp__GetProcAddress@8    0043e08c     kernel32:KERNEL32.dll
 0003:00000090       __imp__SetConsoleCtrlHandler@8 0043e090     kernel32:KERNEL32.dll
 0003:00000094       __imp__GetACP@0            0043e094     kernel32:KERNEL32.dll
 0003:00000098       __imp__GetCommandLineA@0   0043e098     kernel32:KERNEL32.dll
 0003:0000009c       __imp__SetErrorMode@4      0043e09c     kernel32:KERNEL32.dll
 0003:000000a0       __imp__IsDebuggerPresent@0 0043e0a0     kernel32:KERNEL32.dll
 0003:000000a4       __imp__GetStdHandle@4      0043e0a4     kernel32:KERNEL32.dll
 0003:000000a8       __imp__GetCurrentThreadId@0 0043e0a8     kernel32:KERNEL32.dll
 0003:000000ac       __imp__ReleaseMutex@4      0043e0ac     kernel32:KERNEL32.dll
 0003:000000b0       __imp__CreateMutexA@12     0043e0b0     kernel32:KERNEL32.dll
 0003:000000b4       __imp__SetFilePointer@16   0043e0b4     kernel32:KERNEL32.dll
 0003:000000b8       __imp__GetFileType@4       0043e0b8     kernel32:KERNEL32.dll
 0003:000000bc       __imp__GetLastError@0      0043e0bc     kernel32:KERNEL32.dll
 0003:000000c0       __imp__WriteFile@20        0043e0c0     kernel32:KERNEL32.dll
 0003:000000c4       __imp__VirtualAlloc@16     0043e0c4     kernel32:KERNEL32.dll
 0003:000000c8       __imp__WaitForSingleObject@8 0043e0c8     kernel32:KERNEL32.dll
 0003:000000cc       __imp__TlsAlloc@0          0043e0cc     kernel32:KERNEL32.dll
 0003:000000d0       __imp__SetLastError@4      0043e0d0     kernel32:KERNEL32.dll
 0003:000000d4       __imp__TlsFree@4           0043e0d4     kernel32:KERNEL32.dll
 0003:000000d8       __imp__TlsGetValue@4       0043e0d8     kernel32:KERNEL32.dll
 0003:000000dc       __imp__TlsSetValue@8       0043e0dc     kernel32:KERNEL32.dll
 0003:000000e0       __imp__CloseHandle@4       0043e0e0     kernel32:KERNEL32.dll
 0003:000000e4       __imp__InterlockedExchange@8 0043e0e4     kernel32:KERNEL32.dll
 0003:000000e8       __imp__Sleep@4             0043e0e8     kernel32:KERNEL32.dll
 0003:000000ec       __imp__DecodePointer@4     0043e0ec     kernel32:KERNEL32.dll
 0003:000000f0       __imp__QueryPerformanceCounter@4 0043e0f0     kernel32:KERNEL32.dll
 0003:000000f4       __imp__GetCurrentProcessId@0 0043e0f4     kernel32:KERNEL32.dll
 0003:000000f8       __imp__IsProcessorFeaturePresent@4 0043e0f8     kernel32:KERNEL32.dll
 0003:000000fc       __imp__GetCurrentThread@0  0043e0fc     kernel32:KERNEL32.dll
 0003:00000100       \177KERNEL32_NULL_THUNK_DATA 0043e100     kernel32:KERNEL32.dll
 0003:00000104       __imp___commode            0043e104     MSVCRT:MSVCR120.dll
 0003:00000108       __imp___lock               0043e108     MSVCRT:MSVCR120.dll
 0003:0000010c       __imp___unlock             0043e10c     MSVCRT:MSVCR120.dll
 0003:00000110       __imp___calloc_crt         0043e110     MSVCRT:MSVCR120.dll
 0003:00000114       __imp____dllonexit         0043e114     MSVCRT:MSVCR120.dll
 0003:00000118       __imp___onexit             0043e118     MSVCRT:MSVCR120.dll
 0003:0000011c       __imp___fmode              0043e11c     MSVCRT:MSVCR120.dll
 0003:00000120       __imp____crtSetUnhandledExceptionFilter 0043e120     MSVCRT:MSVCR120.dll
 0003:00000124       __imp___invoke_watson      0043e124     MSVCRT:MSVCR120.dll
 0003:00000128       __imp___fpieee_flt         0043e128     MSVCRT:MSVCR120.dll
 0003:0000012c       __imp___crt_debugger_hook  0043e12c     MSVCRT:MSVCR120.dll
 0003:00000130       __imp____crtUnhandledException 0043e130     MSVCRT:MSVCR120.dll
 0003:00000134       __imp____crtTerminateProcess 0043e134     MSVCRT:MSVCR120.dll
 0003:00000138       __imp____initenv           0043e138     MSVCRT:MSVCR120.dll
 0003:0000013c       __imp___initterm           0043e13c     MSVCRT:MSVCR120.dll
 0003:00000140       __imp___initterm_e         0043e140     MSVCRT:MSVCR120.dll
 0003:00000144       __imp____setusermatherr    0043e144     MSVCRT:MSVCR120.dll
 0003:00000148       __imp___configthreadlocale 0043e148     MSVCRT:MSVCR120.dll
 0003:0000014c       __imp___cexit              0043e14c     MSVCRT:MSVCR120.dll
 0003:00000150       __imp___exit               0043e150     MSVCRT:MSVCR120.dll
 0003:00000154       __imp____set_app_type      0043e154     MSVCRT:MSVCR120.dll
 0003:00000158       __imp____getmainargs       0043e158     MSVCRT:MSVCR120.dll
 0003:0000015c       __imp___amsg_exit          0043e15c     MSVCRT:MSVCR120.dll
 0003:00000160       __imp___XcptFilter         0043e160     MSVCRT:MSVCR120.dll
 0003:00000164       __imp___except_handler3    0043e164     MSVCRT:MSVCR120.dll
 0003:00000168       __imp__memcmp              0043e168     MSVCRT:MSVCR120.dll
 0003:0000016c       __imp__printf              0043e16c     MSVCRT:MSVCR120.dll
 0003:00000170       __imp___splitpath          0043e170     MSVCRT:MSVCR120.dll
 0003:00000174       __imp__strcpy              0043e174     MSVCRT:MSVCR120.dll
 0003:00000178       __imp___snprintf           0043e178     MSVCRT:MSVCR120.dll
 0003:0000017c       __imp__strcat              0043e17c     MSVCRT:MSVCR120.dll
 0003:00000180       __imp__memcpy              0043e180     MSVCRT:MSVCR120.dll
 0003:00000184       __imp__memset              0043e184     MSVCRT:MSVCR120.dll
 0003:00000188       __imp__strncat             0043e188     MSVCRT:MSVCR120.dll
 0003:0000018c       __imp__strlen              0043e18c     MSVCRT:MSVCR120.dll
 0003:00000190       __imp__memchr              0043e190     MSVCRT:MSVCR120.dll
 0003:00000194       __imp___errno              0043e194     MSVCRT:MSVCR120.dll
 0003:00000198       __imp___access             0043e198     MSVCRT:MSVCR120.dll
 0003:0000019c       __imp___fileno             0043e19c     MSVCRT:MSVCR120.dll
 0003:000001a0       __imp___open_osfhandle     0043e1a0     MSVCRT:MSVCR120.dll
 0003:000001a4       __imp___get_osfhandle      0043e1a4     MSVCRT:MSVCR120.dll
 0003:000001a8       __imp__atoi                0043e1a8     MSVCRT:MSVCR120.dll
 0003:000001ac       __imp__strtok              0043e1ac     MSVCRT:MSVCR120.dll
 0003:000001b0       __imp__getenv_s            0043e1b0     MSVCRT:MSVCR120.dll
 0003:000001b4       __imp__sscanf              0043e1b4     MSVCRT:MSVCR120.dll
 0003:000001b8       __imp__isdigit             0043e1b8     MSVCRT:MSVCR120.dll
 0003:000001bc       __imp__tolower             0043e1bc     MSVCRT:MSVCR120.dll
 0003:000001c0       __imp___write              0043e1c0     MSVCRT:MSVCR120.dll
 0003:000001c4       __imp___getpid             0043e1c4     MSVCRT:MSVCR120.dll
 0003:000001c8       __imp__rand                0043e1c8     MSVCRT:MSVCR120.dll
 0003:000001cc       __imp__fflush              0043e1cc     MSVCRT:MSVCR120.dll
 0003:000001d0       __imp__fclose              0043e1d0     MSVCRT:MSVCR120.dll
 0003:000001d4       __imp__fputs               0043e1d4     MSVCRT:MSVCR120.dll
 0003:000001d8       __imp__fopen               0043e1d8     MSVCRT:MSVCR120.dll
 0003:000001dc       __imp__abort               0043e1dc     MSVCRT:MSVCR120.dll
 0003:000001e0       __imp__fprintf             0043e1e0     MSVCRT:MSVCR120.dll
 0003:000001e4       __imp__freopen             0043e1e4     MSVCRT:MSVCR120.dll
 0003:000001e8       __imp____iob_func          0043e1e8     MSVCRT:MSVCR120.dll
 0003:000001ec       __imp__vsprintf            0043e1ec     MSVCRT:MSVCR120.dll
 0003:000001f0       __imp___clearfp            0043e1f0     MSVCRT:MSVCR120.dll
 0003:000001f4       __imp__memmove             0043e1f4     MSVCRT:MSVCR120.dll
 0003:000001f8       __imp___controlfp_s        0043e1f8     MSVCRT:MSVCR120.dll
 0003:000001fc       __imp__exit                0043e1fc     MSVCRT:MSVCR120.dll
 0003:00000200       __imp__sprintf             0043e200     MSVCRT:MSVCR120.dll
 0003:00000204       __imp___stricmp            0043e204     MSVCRT:MSVCR120.dll
 0003:00000208       __imp__strncmp             0043e208     MSVCRT:MSVCR120.dll
 0003:0000020c       __imp__toupper             0043e20c     MSVCRT:MSVCR120.dll
 0003:00000210       __imp__strstr              0043e210     MSVCRT:MSVCR120.dll
 0003:00000214       __imp__strchr              0043e214     MSVCRT:MSVCR120.dll
 0003:00000218       __imp__getenv              0043e218     MSVCRT:MSVCR120.dll
 0003:0000021c       __imp___aligned_malloc     0043e21c     MSVCRT:MSVCR120.dll
 0003:00000220       __imp__free                0043e220     MSVCRT:MSVCR120.dll
 0003:00000224       __imp__realloc             0043e224     MSVCRT:MSVCR120.dll
 0003:00000228       __imp__malloc              0043e228     MSVCRT:MSVCR120.dll
 0003:0000022c       __imp__signal              0043e22c     MSVCRT:MSVCR120.dll
 0003:00000230       __imp___strdup             0043e230     MSVCRT:MSVCR120.dll
 0003:00000234       __imp__strncpy             0043e234     MSVCRT:MSVCR120.dll
 0003:00000238       __imp_?terminate@@YAXXZ    0043e238     MSVCRT:MSVCR120.dll
 0003:0000023c       __imp___except_handler4_common 0043e23c     MSVCRT:MSVCR120.dll
 0003:00000240       \177MSVCR120_NULL_THUNK_DATA 0043e240     MSVCRT:MSVCR120.dll
 0003:00000244       __imp__DELWAQ2             0043e244     delwaq2_lib:delwaq2_lib.dll
 0003:00000248       \177delwaq2_lib_NULL_THUNK_DATA 0043e248     delwaq2_lib:delwaq2_lib.dll
 0003:0000024c       __imp__StackWalk64@36      0043e24c     ImageHlp:imagehlp.dll
 0003:00000250       __imp__SymCleanup@4        0043e250     ImageHlp:imagehlp.dll
 0003:00000254       __imp__SymInitialize@12    0043e254     ImageHlp:imagehlp.dll
 0003:00000258       \177imagehlp_NULL_THUNK_DATA 0043e258     ImageHlp:imagehlp.dll
 0003:0000025c       ___xc_a                    0043e25c     MSVCRT:cinitexe.obj
 0003:00000264       ___for_init_proc           0043e264     libifcoremt:for_init.obj
 0003:0000026c       ___xc_z                    0043e26c     MSVCRT:cinitexe.obj
 0003:00000270       ___xi_a                    0043e270     MSVCRT:cinitexe.obj
 0003:00000280       ___xi_z                    0043e280     MSVCRT:cinitexe.obj
 0003:000003c8       ??_C@_07A@unknown?$AA@     0043e3c8     libifcoremt:for_wseq_lis.obj
 0003:000003d0       ??_C@_0P@A@for_wseq_lis?4c?$AA@ 0043e3d0     libifcoremt:for_wseq_lis.obj
 0003:00000c10       ??_C@_0N@A@F_UFMTENDIAN?$AA@ 0043ec10     libifcoremt:for_open.obj
 0003:00000c20       ??_C@_0BD@A@FOR_FMT_TERMINATOR?$AA@ 0043ec20     libifcoremt:for_open.obj
 0003:00000c34       ??_C@_06A@little?$AA@      0043ec34     libifcoremt:for_open.obj
 0003:00000c3c       ??_C@_03A@big?$AA@         0043ec3c     libifcoremt:for_open.obj
 0003:00000c40       ??_C@_07A@little?$DL?$AA@  0043ec40     libifcoremt:for_open.obj
 0003:00000c48       ??_C@_04A@big?$DL?$AA@     0043ec48     libifcoremt:for_open.obj
 0003:00000c50       ??_C@_07A@little?3?$AA@    0043ec50     libifcoremt:for_open.obj
 0003:00000c58       ??_C@_04A@big?3?$AA@       0043ec58     libifcoremt:for_open.obj
 0003:00000c60       ??_C@_04A@CRLF?$AA@        0043ec60     libifcoremt:for_open.obj
 0003:00000c68       ??_C@_02A@LF?$AA@          0043ec68     libifcoremt:for_open.obj
 0003:00000c6c       ??_C@_02A@CR?$AA@          0043ec6c     libifcoremt:for_open.obj
 0003:00000c70       ??_C@_05A@CRLF?$DL?$AA@    0043ec70     libifcoremt:for_open.obj
 0003:00000c78       ??_C@_03A@LF?$DL?$AA@      0043ec78     libifcoremt:for_open.obj
 0003:00000c7c       ??_C@_03A@CR?$DL?$AA@      0043ec7c     libifcoremt:for_open.obj
 0003:00000c80       ??_C@_05A@CRLF?3?$AA@      0043ec80     libifcoremt:for_open.obj
 0003:00000c88       ??_C@_03A@LF?3?$AA@        0043ec88     libifcoremt:for_open.obj
 0003:00000c8c       ??_C@_03A@CR?3?$AA@        0043ec8c     libifcoremt:for_open.obj
 0003:00000c90       ??_C@_0L@A@for_open?4c?$AA@ 0043ec90     libifcoremt:for_open.obj
 0003:00000c9c       ??_C@_08A@FOR_TYPE?$AA@    0043ec9c     libifcoremt:for_open.obj
 0003:00000ca8       ??_C@_09A@FOR_PRINT?$AA@   0043eca8     libifcoremt:for_open.obj
 0003:00000cb4       ??_C@_0L@A@FOR_ACCEPT?$AA@ 0043ecb4     libifcoremt:for_open.obj
 0003:00000cc0       ??_C@_08A@FOR_READ?$AA@    0043ecc0     libifcoremt:for_open.obj
 0003:00000ccc       ??_C@_0L@A@SEQUENTIAL?$AA@ 0043eccc     libifcoremt:for_open.obj
 0003:00000cd8       ??_C@_06A@DIRECT?$AA@      0043ecd8     libifcoremt:for_open.obj
 0003:00000ce0       ??_C@_06A@APPEND?$AA@      0043ece0     libifcoremt:for_open.obj
 0003:00000ce8       ??_C@_05A@KEYED?$AA@       0043ece8     libifcoremt:for_open.obj
 0003:00000cf0       ??_C@_06A@STREAM?$AA@      0043ecf0     libifcoremt:for_open.obj
 0003:00000cf8       ??_C@_04A@ZERO?$AA@        0043ecf8     libifcoremt:for_open.obj
 0003:00000d00       ??_C@_04A@NULL?$AA@        0043ed00     libifcoremt:for_open.obj
 0003:00000d08       ??_C@_07A@FORTRAN?$AA@     0043ed08     libifcoremt:for_open.obj
 0003:00000d10       ??_C@_04A@LIST?$AA@        0043ed10     libifcoremt:for_open.obj
 0003:00000d18       ??_C@_04A@NONE?$AA@        0043ed18     libifcoremt:for_open.obj
 0003:00000d20       ??_C@_04A@SAVE?$AA@        0043ed20     libifcoremt:for_open.obj
 0003:00000d28       ??_C@_04A@KEEP?$AA@        0043ed28     libifcoremt:for_open.obj
 0003:00000d30       ??_C@_06A@DELETE?$AA@      0043ed30     libifcoremt:for_open.obj
 0003:00000d38       ??_C@_05A@PRINT?$AA@       0043ed38     libifcoremt:for_open.obj
 0003:00000d40       ??_C@_06A@SUBMIT?$AA@      0043ed40     libifcoremt:for_open.obj
 0003:00000d48       ??_C@_0N@A@PRINT?1DELETE?$AA@ 0043ed48     libifcoremt:for_open.obj
 0003:00000d58       ??_C@_0O@A@SUBMIT?1DELETE?$AA@ 0043ed58     libifcoremt:for_open.obj
 0003:00000d68       ??_C@_09A@FORMATTED?$AA@   0043ed68     libifcoremt:for_open.obj
 0003:00000d74       ??_C@_0M@A@UNFORMATTED?$AA@ 0043ed74     libifcoremt:for_open.obj
 0003:00000d80       ??_C@_06A@BINARY?$AA@      0043ed80     libifcoremt:for_open.obj
 0003:00000d88       ??_C@_08A@RELATIVE?$AA@    0043ed88     libifcoremt:for_open.obj
 0003:00000d94       ??_C@_07A@INDEXED?$AA@     0043ed94     libifcoremt:for_open.obj
 0003:00000d9c       ??_C@_05A@FIXED?$AA@       0043ed9c     libifcoremt:for_open.obj
 0003:00000da4       ??_C@_08A@VARIABLE?$AA@    0043eda4     libifcoremt:for_open.obj
 0003:00000db0       ??_C@_09A@SEGMENTED?$AA@   0043edb0     libifcoremt:for_open.obj
 0003:00000dbc       ??_C@_09A@STREAM_CR?$AA@   0043edbc     libifcoremt:for_open.obj
 0003:00000dc8       ??_C@_09A@STREAM_LF?$AA@   0043edc8     libifcoremt:for_open.obj
 0003:00000dd4       ??_C@_0M@A@STREAM_CRLF?$AA@ 0043edd4     libifcoremt:for_open.obj
 0003:00000de0       ??_C@_03A@OLD?$AA@         0043ede0     libifcoremt:for_open.obj
 0003:00000de4       ??_C@_03A@NEW?$AA@         0043ede4     libifcoremt:for_open.obj
 0003:00000de8       ??_C@_07A@SCRATCH?$AA@     0043ede8     libifcoremt:for_open.obj
 0003:00000df0       ??_C@_07A@UNKNOWN?$AA@     0043edf0     libifcoremt:for_open.obj
 0003:00000df8       ??_C@_07A@REPLACE?$AA@     0043edf8     libifcoremt:for_open.obj
 0003:00000e00       ??_C@_0L@A@BIG_ENDIAN?$AA@ 0043ee00     libifcoremt:for_open.obj
 0003:00000e0c       ??_C@_0O@A@LITTLE_ENDIAN?$AA@ 0043ee0c     libifcoremt:for_open.obj
 0003:00000e1c       ??_C@_04A@VAXD?$AA@        0043ee1c     libifcoremt:for_open.obj
 0003:00000e24       ??_C@_04A@VAXG?$AA@        0043ee24     libifcoremt:for_open.obj
 0003:00000e2c       ??_C@_04A@CRAY?$AA@        0043ee2c     libifcoremt:for_open.obj
 0003:00000e34       ??_C@_03A@IBM?$AA@         0043ee34     libifcoremt:for_open.obj
 0003:00000e38       ??_C@_03A@FDX?$AA@         0043ee38     libifcoremt:for_open.obj
 0003:00000e3c       ??_C@_03A@FGX?$AA@         0043ee3c     libifcoremt:for_open.obj
 0003:00000e40       ??_C@_06A@NATIVE?$AA@      0043ee40     libifcoremt:for_open.obj
 0003:00000e48       ??_C@_04A@READ?$AA@        0043ee48     libifcoremt:for_open.obj
 0003:00000e50       ??_C@_09A@READWRITE?$AA@   0043ee50     libifcoremt:for_open.obj
 0003:00000e5c       ??_C@_05A@WRITE?$AA@       0043ee5c     libifcoremt:for_open.obj
 0003:00000e64       ??_C@_0L@A@APOSTROPHE?$AA@ 0043ee64     libifcoremt:for_open.obj
 0003:00000e70       ??_C@_05A@QUOTE?$AA@       0043ee70     libifcoremt:for_open.obj
 0003:00000e78       ??_C@_02A@NO?$AA@          0043ee78     libifcoremt:for_open.obj
 0003:00000e7c       ??_C@_03A@YES?$AA@         0043ee7c     libifcoremt:for_open.obj
 0003:00000e80       ??_C@_04A@ASIS?$AA@        0043ee80     libifcoremt:for_open.obj
 0003:00000e88       ??_C@_06A@REWIND?$AA@      0043ee88     libifcoremt:for_open.obj
 0003:00000e90       ??_C@_06A@COMPAT?$AA@      0043ee90     libifcoremt:for_open.obj
 0003:00000e98       ??_C@_08A@DENYNONE?$AA@    0043ee98     libifcoremt:for_open.obj
 0003:00000ea4       ??_C@_06A@DENYRD?$AA@      0043eea4     libifcoremt:for_open.obj
 0003:00000eac       ??_C@_06A@DENYRW?$AA@      0043eeac     libifcoremt:for_open.obj
 0003:00000eb4       ??_C@_06A@DENYWR?$AA@      0043eeb4     libifcoremt:for_open.obj
 0003:00000ebc       ??_C@_02A@UP?$AA@          0043eebc     libifcoremt:for_open.obj
 0003:00000ec0       ??_C@_04A@DOWN?$AA@        0043eec0     libifcoremt:for_open.obj
 0003:00000ec8       ??_C@_07A@NEAREST?$AA@     0043eec8     libifcoremt:for_open.obj
 0003:00000ed0       ??_C@_0L@A@COMPATIBLE?$AA@ 0043eed0     libifcoremt:for_open.obj
 0003:00000edc       ??_C@_0BC@A@PROCESSOR_DEFINED?$AA@ 0043eedc     libifcoremt:for_open.obj
 0003:00000ef0       ??_C@_05A@COMMA?$AA@       0043eef0     libifcoremt:for_open.obj
 0003:00000ef8       ??_C@_05A@POINT?$AA@       0043eef8     libifcoremt:for_open.obj
 0003:00000f00       ??_C@_04A@PLUS?$AA@        0043ef00     libifcoremt:for_open.obj
 0003:00000f08       ??_C@_08A@SUPPRESS?$AA@    0043ef08     libifcoremt:for_open.obj
 0003:00000f14       ??_C@_07A@DEFAULT?$AA@     0043ef14     libifcoremt:for_open.obj
 0003:00000f1c       ??_C@_05A@UTF?98?$AA@      0043ef1c     libifcoremt:for_open.obj
 0003:00000f24       ??_C@_07A@ACCESS?$DN?$AA@  0043ef24     libifcoremt:for_open.obj
 0003:00000f2c       ??_C@_07A@ACTION?$DN?$AA@  0043ef2c     libifcoremt:for_open.obj
 0003:00000f34       ??_C@_0BD@A@ASSOCIATEVARIABLE?$DN?$AA@ 0043ef34     libifcoremt:for_open.obj
 0003:00000f48       ??_C@_0O@A@ASYNCHRONOUS?$DN?$AA@ 0043ef48     libifcoremt:for_open.obj
 0003:00000f58       ??_C@_09A@BUFFERED?$DN?$AA@ 0043ef58     libifcoremt:for_open.obj
 0003:00000f64       ??_C@_08A@DISPOSE?$DN?$AA@ 0043ef64     libifcoremt:for_open.obj
 0003:00000f70       ??_C@_05A@FORM?$DN?$AA@    0043ef70     libifcoremt:for_open.obj
 0003:00000f78       ??_C@_08A@IOFOCUS?$DN?$AA@ 0043ef78     libifcoremt:for_open.obj
 0003:00000f84       ??_C@_07A@MAXREC?$DN?$AA@  0043ef84     libifcoremt:for_open.obj
 0003:00000f8c       ??_C@_05A@MODE?$DN?$AA@    0043ef8c     libifcoremt:for_open.obj
 0003:00000f94       ??_C@_08A@NOSHARED?$AA@    0043ef94     libifcoremt:for_open.obj
 0003:00000fa0       ??_C@_0O@A@ORGANIZATION?$DN?$AA@ 0043efa0     libifcoremt:for_open.obj
 0003:00000fb0       ??_C@_09A@POSITION?$DN?$AA@ 0043efb0     libifcoremt:for_open.obj
 0003:00000fbc       ??_C@_08A@READONLY?$AA@    0043efbc     libifcoremt:for_open.obj
 0003:00000fc8       ??_C@_05A@RECL?$DN?$AA@    0043efc8     libifcoremt:for_open.obj
 0003:00000fd0       ??_C@_0M@A@RECORDTYPE?$DN?$AA@ 0043efd0     libifcoremt:for_open.obj
 0003:00000fdc       ??_C@_06A@SHARE?$DN?$AA@   0043efdc     libifcoremt:for_open.obj
 0003:00000fe4       ??_C@_06A@SHARED?$AA@      0043efe4     libifcoremt:for_open.obj
 0003:00000fec       ??_C@_07A@STATUS?$DN?$AA@  0043efec     libifcoremt:for_open.obj
 0003:00000ff4       ??_C@_06A@TITLE?$DN?$AA@   0043eff4     libifcoremt:for_open.obj
 0003:00000ffc       ??_C@_0P@A@FORT_CONVERT?$CFd?$AA@ 0043effc     libifcoremt:for_open.obj
 0003:0000100c       ??_C@_06A@CONIN$?$AA@      0043f00c     libifcoremt:for_open.obj
 0003:00001014       ??_C@_07A@CONOUT$?$AA@     0043f014     libifcoremt:for_open.obj
 0003:00001078       ??_C@_0O@A@for_lub_mgt?4c?$AA@ 0043f078     libifcoremt:for_lub_mgt.obj
 0003:00001100       ??_C@_03A@CON?$AA@         0043f100     libifcoremt:for_need_lf.obj
 0003:0000120c       ??_C@_0M@A@libicaf?4dll?$AA@ 0043f20c     libifcoremt:for_init.obj
 0003:00001218       ??_C@_0BC@A@for_rtl_ICAF_INIT?$AA@ 0043f218     libifcoremt:for_init.obj
 0003:0000122c       ??_C@_0BE@A@FOR_NOERROR_DIALOGS?$AA@ 0043f22c     libifcoremt:for_init.obj
 0003:00001240       ??_C@_09A@control?9C?$AA@  0043f240     libifcoremt:for_init.obj
 0003:0000124c       ??_C@_0O@A@control?9BREAK?$AA@ 0043f24c     libifcoremt:for_init.obj
 0003:0000125c       ??_C@_0N@A@window?9CLOSE?$AA@ 0043f25c     libifcoremt:for_init.obj
 0003:0000126c       ??_C@_0BG@A@FOR_IGNORE_EXCEPTIONS?$AA@ 0043f26c     libifcoremt:for_init.obj
 0003:00001284       ??_C@_0BJ@A@FOR__IS_DEBUGGER_PRESENT?$AA@ 0043f284     libifcoremt:for_init.obj
 0003:000012b0       ??_C@_0CB@A@operation?5completed?5successfully?$AA@ 0043f2b0     libifcoremt:for_diags_intel.obj
 0003:000012d4       ??_C@_0BN@A@not?5a?5FORTRAN?5specific?5error?$AA@ 0043f2d4     libifcoremt:for_diags_intel.obj
 0003:000012f4       ??_C@_0BA@A@not?5implemented?$AA@ 0043f2f4     libifcoremt:for_diags_intel.obj
 0003:00001304       ??_C@_0BO@A@ignored?5requested?5disposition?$AA@ 0043f304     libifcoremt:for_diags_intel.obj
 0003:00001324       ??_C@_0DA@A@ignored?5requested?5disposition?0?5file?5not?5deleted?$AA@ 0043f324     libifcoremt:for_diags_intel.obj
 0003:00001360       ??_C@_0ED@A@requested?5disposition?5modified?0?5file?5not?5deleted?0?5unit?5?$CFd?0?5file?5?$CFs?$AA@ 0043f360     libifcoremt:for_diags_intel.obj
 0003:000013c0       ??_C@_0DN@A@?$EA?$CI?$CD?$CJIntel?5Fortran?5RTL?5Message?5Catalog?7V15?40?9101?5June?524?52014?$AA@ 0043f3c0     libifcoremt:for_diags_intel.obj
 0003:00001400       ??_C@_0DF@A@internal?5consistency?5check?5failure?0?5file?5?$CFs?0?5line?5?$CFd?$AA@ 0043f400     libifcoremt:for_diags_intel.obj
 0003:00001438       ??_C@_0DD@A@permission?5to?5access?5file?5denied?0?5unit?5?$CFd?0?5file?5?$CFs?$AA@ 0043f438     libifcoremt:for_diags_intel.obj
 0003:0000146c       ??_C@_0DB@A@cannot?5overwrite?5existing?5file?0?5unit?5?$CFd?0?5file?5?$CFs?$AA@ 0043f46c     libifcoremt:for_diags_intel.obj
 0003:000014a0       ??_C@_0BD@A@unit?5not?5connected?$AA@ 0043f4a0     libifcoremt:for_diags_intel.obj
 0003:000014b4       ??_C@_0DD@A@SOURCE?5length?5?$CFd?5does?5not?5equal?5variable?5length?5?$CFd?$AA@ 0043f4b4     libifcoremt:for_diags_intel.obj
 0003:000014e8       ??_C@_0DB@A@syntax?5error?5in?5NAMELIST?5input?0?5unit?5?$CFd?0?5file?5?$CFs?$AA@ 0043f4e8     libifcoremt:for_diags_intel.obj
 0003:0000151c       ??_C@_0DI@A@too?5many?5values?5for?5NAMELIST?5variable?0?5unit?5?$CFd?0?5file?5?$CFs?$AA@ 0043f51c     libifcoremt:for_diags_intel.obj
 0003:00001560       ??_C@_0EC@A@invalid?5reference?5to?5variable?5in?5NAMELIST?5input?0?5unit?5?$CFd?0?5file?5?$CFs?$AA@ 0043f560     libifcoremt:for_diags_intel.obj
 0003:000015c0       ??_C@_0BP@A@REWIND?5error?0?5unit?5?$CFd?0?5file?5?$CFs?$AA@ 0043f5c0     libifcoremt:for_diags_intel.obj
 0003:000015e0       ??_C@_0DA@A@duplicate?5file?5specifications?0?5unit?5?$CFd?0?5file?5?$CFs?$AA@ 0043f5e0     libifcoremt:for_diags_intel.obj
 0003:00001610       ??_C@_0CI@A@input?5record?5too?5long?0?5unit?5?$CFd?0?5file?5?$CFs?$AA@ 0043f610     libifcoremt:for_diags_intel.obj
 0003:00001638       ??_C@_0CC@A@BACKSPACE?5error?0?5unit?5?$CFd?0?5file?5?$CFs?$AA@ 0043f638     libifcoremt:for_diags_intel.obj
 0003:0000165c       ??_C@_0CK@A@end?9of?9file?5during?5read?0?5unit?5?$CFd?0?5file?5?$CFs?$AA@ 0043f65c     libifcoremt:for_diags_intel.obj
 0003:00001688       ??_C@_0CO@A@record?5number?5outside?5range?0?5unit?5?$CFd?0?5file?5?$CFs?$AA@ 0043f688     libifcoremt:for_diags_intel.obj
 0003:000016b8       ??_C@_0BN@A@OPEN?5or?5DEFINE?5FILE?5required?$AA@ 0043f6b8     libifcoremt:for_diags_intel.obj
 0003:000016d8       ??_C@_0DE@A@too?5many?5records?5in?5I?1O?5statement?0?5unit?5?$CFd?0?5file?5?$CFs?$AA@ 0043f6d8     libifcoremt:for_diags_intel.obj
 0003:0000170c       ??_C@_0BO@A@CLOSE?5error?0?5unit?5?$CFd?0?5file?5?$CFs?$AA@ 0043f70c     libifcoremt:for_diags_intel.obj
 0003:0000172c       ??_C@_0CB@A@file?5not?5found?0?5unit?5?$CFd?0?5file?5?$CFs?$AA@ 0043f72c     libifcoremt:for_diags_intel.obj
 0003:00001750       ??_C@_0BP@A@open?5failure?0?5unit?5?$CFd?0?5file?5?$CFs?$AA@ 0043f750     libifcoremt:for_diags_intel.obj
 0003:00001770       ??_C@_0CK@A@mixed?5file?5access?5modes?0?5unit?5?$CFd?0?5file?5?$CFs?$AA@ 0043f770     libifcoremt:for_diags_intel.obj
 0003:0000179c       ??_C@_0CO@A@invalid?5logical?5unit?5number?0?5unit?5?$CFd?0?5file?5?$CFs?$AA@ 0043f79c     libifcoremt:for_diags_intel.obj
 0003:000017cc       ??_C@_0CA@A@ENDFILE?5error?0?5unit?5?$CFd?0?5file?5?$CFs?$AA@ 0043f7cc     libifcoremt:for_diags_intel.obj
 0003:000017ec       ??_C@_0CE@A@unit?5already?5open?0?5unit?5?$CFd?0?5file?5?$CFs?$AA@ 0043f7ec     libifcoremt:for_diags_intel.obj
 0003:00001810       ??_C@_0DA@A@segmented?5record?5format?5error?0?5unit?5?$CFd?0?5file?5?$CFs?$AA@ 0043f810     libifcoremt:for_diags_intel.obj
 0003:00001840       ??_C@_0DI@A@attempt?5to?5access?5non?9existent?5record?0?5unit?5?$CFd?0?5file?5?$CFs?$AA@ 0043f840     libifcoremt:for_diags_intel.obj
 0003:00001878       ??_C@_0CN@A@inconsistent?5record?5length?0?5unit?5?$CFd?0?5file?5?$CFs?$AA@ 0043f878     libifcoremt:for_diags_intel.obj
 0003:000018a8       ??_C@_0CF@A@error?5during?5write?0?5unit?5?$CFd?0?5file?5?$CFs?$AA@ 0043f8a8     libifcoremt:for_diags_intel.obj
 0003:000018d0       ??_C@_0CE@A@error?5during?5read?0?5unit?5?$CFd?0?5file?5?$CFs?$AA@ 0043f8d0     libifcoremt:for_diags_intel.obj
 0003:000018f4       ??_C@_0CK@A@recursive?5I?1O?5operation?0?5unit?5?$CFd?0?5file?5?$CFs?$AA@ 0043f8f4     libifcoremt:for_diags_intel.obj
 0003:00001920       ??_C@_0BM@A@insufficient?5virtual?5memory?$AA@ 0043f920     libifcoremt:for_diags_intel.obj
 0003:0000193c       ??_C@_0CB@A@no?5such?5device?0?5unit?5?$CFd?0?5file?5?$CFs?$AA@ 0043f93c     libifcoremt:for_diags_intel.obj
 0003:00001960       ??_C@_0DA@A@file?5name?5specification?5error?0?5unit?5?$CFd?0?5file?5?$CFs?$AA@ 0043f960     libifcoremt:for_diags_intel.obj
 0003:00001990       ??_C@_0CL@A@inconsistent?5record?5type?0?5unit?5?$CFd?0?5file?5?$CFs?$AA@ 0043f990     libifcoremt:for_diags_intel.obj
 0003:000019bc       ??_C@_0DI@A@keyword?5value?5error?5in?5OPEN?5statement?0?5unit?5?$CFd?0?5file?5?$CFs?$AA@ 0043f9bc     libifcoremt:for_diags_intel.obj
 0003:000019f4       ??_C@_0DF@A@inconsistent?5OPEN?1CLOSE?5parameters?0?5unit?5?$CFd?0?5file?5?$CFs?$AA@ 0043f9f4     libifcoremt:for_diags_intel.obj
 0003:00001a2c       ??_C@_0CJ@A@write?5to?5READONLY?5file?0?5unit?5?$CFd?0?5file?5?$CFs?$AA@ 0043fa2c     libifcoremt:for_diags_intel.obj
 0003:00001a58       ??_C@_0CN@A@invalid?5argument?5to?5FORTRAN?5Run?9Time?5Library?$AA@ 0043fa58     libifcoremt:for_diags_intel.obj
 0003:00001a88       ??_C@_0CM@A@invalid?5key?5specification?0?5unit?5?$CFd?0?5file?5?$CFs?$AA@ 0043fa88     libifcoremt:for_diags_intel.obj
 0003:00001ab4       ??_C@_0DL@A@inconsistent?5key?5change?5or?5duplicate?5key?0?5unit?5?$CFd?0?5file?5?$CFs?$AA@ 0043fab4     libifcoremt:for_diags_intel.obj
 0003:00001af0       ??_C@_0DB@A@inconsistent?5file?5organization?0?5unit?5?$CFd?0?5file?5?$CFs?$AA@ 0043faf0     libifcoremt:for_diags_intel.obj
 0003:00001b24       ??_C@_0CK@A@specified?5record?5locked?0?5unit?5?$CFd?0?5file?5?$CFs?$AA@ 0043fb24     libifcoremt:for_diags_intel.obj
 0003:00001b50       ??_C@_0CE@A@no?5current?5record?0?5unit?5?$CFd?0?5file?5?$CFs?$AA@ 0043fb50     libifcoremt:for_diags_intel.obj
 0003:00001b74       ??_C@_0CA@A@REWRITE?5error?0?5unit?5?$CFd?0?5file?5?$CFs?$AA@ 0043fb74     libifcoremt:for_diags_intel.obj
 0003:00001b94       ??_C@_0BP@A@DELETE?5error?0?5unit?5?$CFd?0?5file?5?$CFs?$AA@ 0043fb94     libifcoremt:for_diags_intel.obj
 0003:00001bb4       ??_C@_0BP@A@UNLOCK?5error?0?5unit?5?$CFd?0?5file?5?$CFs?$AA@ 0043fbb4     libifcoremt:for_diags_intel.obj
 0003:00001bd4       ??_C@_0BN@A@FIND?5error?0?5unit?5?$CFd?0?5file?5?$CFs?$AA@ 0043fbd4     libifcoremt:for_diags_intel.obj
 0003:00001bf4       ??_C@_0CE@A@format?5syntax?5error?5at?5or?5near?5?$CF?4?$CKs?$AA@ 0043fbf4     libifcoremt:for_diags_intel.obj
 0003:00001c18       ??_C@_0DB@A@list?9directed?5I?1O?5syntax?5error?0?5unit?5?$CFd?0?5file?5?$CFs?$AA@ 0043fc18     libifcoremt:for_diags_intel.obj
 0003:00001c4c       ??_C@_0CH@A@infinite?5format?5loop?0?5unit?5?$CFd?0?5file?5?$CFs?$AA@ 0043fc4c     libifcoremt:for_diags_intel.obj
 0003:00001c74       ??_C@_0DA@A@format?1variable?9type?5mismatch?0?5unit?5?$CFd?0?5file?5?$CFs?$AA@ 0043fc74     libifcoremt:for_diags_intel.obj
 0003:00001ca4       ??_C@_0CJ@A@syntax?5error?5in?5format?0?5unit?5?$CFd?0?5file?5?$CFs?$AA@ 0043fca4     libifcoremt:for_diags_intel.obj
 0003:00001cd0       ??_C@_0CK@A@output?5conversion?5error?0?5unit?5?$CFd?0?5file?5?$CFs?$AA@ 0043fcd0     libifcoremt:for_diags_intel.obj
 0003:00001cfc       ??_C@_0CJ@A@input?5conversion?5error?0?5unit?5?$CFd?0?5file?5?$CFs?$AA@ 0043fcfc     libifcoremt:for_diags_intel.obj
 0003:00001d28       ??_C@_0BB@A@floating?5invalid?$AA@ 0043fd28     libifcoremt:for_diags_intel.obj
 0003:00001d3c       ??_C@_0DE@A@output?5statement?5overflows?5record?0?5unit?5?$CFd?0?5file?5?$CFs?$AA@ 0043fd3c     libifcoremt:for_diags_intel.obj
 0003:00001d70       ??_C@_0DJ@A@input?5statement?5requires?5too?5much?5data?0?5unit?5?$CFd?0?5file?5?$CFs?$AA@ 0043fd70     libifcoremt:for_diags_intel.obj
 0003:00001dac       ??_C@_0DJ@A@variable?5format?5expression?5value?5error?0?5unit?5?$CFd?0?5file?5?$CFs?$AA@ 0043fdac     libifcoremt:for_diags_intel.obj
 0003:00001de8       ??_C@_0BN@A@process?5interrupted?5?$CISIGINT?$CJ?$AA@ 0043fde8     libifcoremt:for_diags_intel.obj
 0003:00001e08       ??_C@_0BB@A@integer?5overflow?$AA@ 0043fe08     libifcoremt:for_diags_intel.obj
 0003:00001e1c       ??_C@_0BH@A@integer?5divide?5by?5zero?$AA@ 0043fe1c     libifcoremt:for_diags_intel.obj
 0003:00001e34       ??_C@_0BC@A@floating?5overflow?$AA@ 0043fe34     libifcoremt:for_diags_intel.obj
 0003:00001e48       ??_C@_0BI@A@floating?5divide?5by?5zero?$AA@ 0043fe48     libifcoremt:for_diags_intel.obj
 0003:00001e60       ??_C@_0BD@A@floating?5underflow?$AA@ 0043fe60     libifcoremt:for_diags_intel.obj
 0003:00001e74       ??_C@_0BJ@A@floating?5point?5exception?$AA@ 0043fe74     libifcoremt:for_diags_intel.obj
 0003:00001e90       ??_C@_0BC@A@Abort?5trap?5signal?$AA@ 0043fe90     libifcoremt:for_diags_intel.obj
 0003:00001ea4       ??_C@_0BH@A@subscript?5out?5of?5range?$AA@ 0043fea4     libifcoremt:for_diags_intel.obj
 0003:00001ebc       ??_C@_0BJ@A@process?5killed?5?$CISIGTERM?$CJ?$AA@ 0043febc     libifcoremt:for_diags_intel.obj
 0003:00001ed8       ??_C@_0BH@A@process?5quit?5?$CISIGQUIT?$CJ?$AA@ 0043fed8     libifcoremt:for_diags_intel.obj
 0003:00001ef0       ??_C@_0BK@A@wrong?5number?5of?5arguments?$AA@ 0043fef0     libifcoremt:for_diags_intel.obj
 0003:00001f0c       ??_C@_0CB@A@invalid?5argument?5to?5math?5library?$AA@ 0043ff0c     libifcoremt:for_diags_intel.obj
 0003:00001f30       ??_C@_0BJ@A@undefined?5exponentiation?$AA@ 0043ff30     libifcoremt:for_diags_intel.obj
 0003:00001f4c       ??_C@_0CE@A@logarithm?5of?5zero?5or?5negative?5value?$AA@ 0043ff4c     libifcoremt:for_diags_intel.obj
 0003:00001f70       ??_C@_0BO@A@square?5root?5of?5negative?5value?$AA@ 0043ff70     libifcoremt:for_diags_intel.obj
 0003:00001f90       ??_C@_0CC@A@significance?5lost?5in?5math?5library?$AA@ 0043ff90     libifcoremt:for_diags_intel.obj
 0003:00001fb4       ??_C@_0CC@A@floating?5overflow?5in?5math?5library?$AA@ 0043ffb4     libifcoremt:for_diags_intel.obj
 0003:00001fd8       ??_C@_0CD@A@floating?5underflow?5in?5math?5library?$AA@ 0043ffd8     libifcoremt:for_diags_intel.obj
 0003:00001ffc       ??_C@_0CG@A@Value?5of?5IOSTAT_INQUIRE_INTERNAL_UNIT?$AA@ 0043fffc     libifcoremt:for_diags_intel.obj
 0003:00002024       ??_C@_0CB@A@adjustable?5array?5dimension?5error?$AA@ 00440024     libifcoremt:for_diags_intel.obj
 0003:00002060       ??_C@_0EA@A@invalid?5key?5match?5specifier?5for?5key?5direction?0?5unit?5?$CFd?0?5file?5?$CFs?$AA@ 00440060     libifcoremt:for_diags_intel.obj
 0003:000020a0       ??_C@_0CB@A@floating?5point?5conversion?5failed?$AA@ 004400a0     libifcoremt:for_diags_intel.obj
 0003:000020c4       ??_C@_0DP@A@F_UFMTENDIAN?5environment?5variable?5was?5ignored?3erroneous?5syntax?$AA@ 004400c4     libifcoremt:for_diags_intel.obj
 0003:00002104       ??_C@_0DO@A@write?5exceeds?5the?5record?5length?5of?5the?5file?0?5unit?5?$CFd?0?5file?5?$CFs?$AA@ 00440104     libifcoremt:for_diags_intel.obj
 0003:00002160       ??_C@_0EN@A@cannot?5allocate?5memory?5for?5the?5file?5buffer?5?9?5out?5of?5memory?0?5unit?5?$CFd?0?5file?5?$CFs?$AA@ 00440160     libifcoremt:for_diags_intel.obj
 0003:000021c0       ??_C@_0DI@A@FORT_FMT_RECL?5environment?5variable?5has?5erroneous?5syntax?$AA@ 004401c0     libifcoremt:for_diags_intel.obj
 0003:000021f8       ??_C@_0DJ@A@FORT_UFMT_RECL?5environment?5variable?5has?5erroneous?5syntax?$AA@ 004401f8     libifcoremt:for_diags_intel.obj
 0003:00002240       ??_C@_0FD@A@Asynchronous?5data?5transfer?5statement?5is?5not?5allowed?5to?5this?5unit?0?5unit?5?$CFd?0?5file?5?$CFs?$AA@ 00440240     libifcoremt:for_diags_intel.obj
 0003:000022a0       ??_C@_0CL@A@ID?5value?5is?5out?5of?5range?0?5unit?5?$CFd?0?5file?5?$CFs?$AA@ 004402a0     libifcoremt:for_diags_intel.obj
 0003:000022cc       ??_C@_0DM@A@incorrect?5?$CFs?5specifier?5for?5connected?5file?0?5unit?5?$CFd?0?5file?5?$CFs?$AA@ 004402cc     libifcoremt:for_diags_intel.obj
 0003:00002320       ??_C@_0EC@A@incorrect?5?$CFs?5specifier?5value?5for?5connected?5file?0?5unit?5?$CFd?0?5file?5?$CFs?$AA@ 00440320     libifcoremt:for_diags_intel.obj
 0003:00002380       ??_C@_0FI@A@there?5is?5no?5data?9edit?9descriptor?5to?5match?5a?5data?9item?5in?5the?5I?1O?5list?0?5unit?5?$CFd?0?5file?5?$CFs?$AA@ 00440380     libifcoremt:for_diags_intel.obj
 0003:000023e0       ??_C@_0DJ@A@FORT_BLOCKSIZE?5environment?5variable?5has?5erroneous?5syntax?$AA@ 004403e0     libifcoremt:for_diags_intel.obj
 0003:0000241c       ??_C@_0DL@A@FORT_BUFFERCOUNT?5environment?5variable?5has?5erroneous?5syntax?$AA@ 0044041c     libifcoremt:for_diags_intel.obj
 0003:00002458       ??_C@_0CD@A@cannot?5stat?5file?0?5unit?5?$CFd?0?5file?5?$CFs?$AA@ 00440458     libifcoremt:for_diags_intel.obj
 0003:00002480       ??_C@_0EL@A@stream?5data?5transfer?5statement?5is?5not?5allowed?5to?5an?5unopened?5unit?0?5unit?5?$CFd?$AA@ 00440480     libifcoremt:for_diags_intel.obj
 0003:000024e0       ??_C@_0EN@A@stream?5data?5transfer?5statement?5is?5not?5allowed?5to?5this?5unit?0?5unit?5?$CFd?0?5file?5?$CFs?$AA@ 004404e0     libifcoremt:for_diags_intel.obj
 0003:00002540       ??_C@_0EA@A@position?5number?5is?5outside?5of?5the?5valid?5range?0?5unit?5?$CFd?0?5file?5?$CFs?$AA@ 00440540     libifcoremt:for_diags_intel.obj
 0003:00002580       ??_C@_0EL@A@RECL?$DN?5specifier?5may?5not?5be?5applied?5to?5stream?5access?5file?0?5unit?5?$CFd?0?5file?5?$CFs?$AA@ 00440580     libifcoremt:for_diags_intel.obj
 0003:000025e0       ??_C@_0FL@A@BACKSPACE?5statement?5may?5not?5be?5applied?5to?5unformatted?5stream?5access?5file?0?5unit?5?$CFd?0?5file?5?$CFs?$AA@ 004405e0     libifcoremt:for_diags_intel.obj
 0003:00002640       ??_C@_0FD@A@A?5keyword?5was?5specified?5that?5is?5not?5allowed?5with?5unformatted?5I?1O?$DL?5unit?5?$CFd?0?5file?5?$CFs?$AA@ 00440640     libifcoremt:for_diags_intel.obj
 0003:000026a0       ??_C@_0DL@A@keyword?5value?5error?5in?5a?5CLOSE?5statement?0?5unit?5?$CFd?0?5file?5?$CFs?$AA@ 004406a0     libifcoremt:for_diags_intel.obj
 0003:000026dc       ??_C@_0DK@A@keyword?5value?5error?5in?5an?5I?1O?5statement?0?5unit?5?$CFd?0?5file?5?$CFs?$AA@ 004406dc     libifcoremt:for_diags_intel.obj
 0003:00002720       ??_C@_0GH@A@If?5NEWUNIT?5appears?5in?5OPEN?5statement?5either?5FILE?5or?5STATUS?5?$CIwith?5value?5SCRATCH?$CJ?5specifier?5shall?5appear?$AA@ 00440720     libifcoremt:for_diags_intel.obj
 0003:000027a0       ??_C@_0HF@A@The?5?8RECL?$DN?8?5value?5in?5an?5OPEN?5statement?5for?5unit?5?$CFd?0?5file?5?$CFs?0?5exceeds?5the?5maximum?5allowed?5for?5the?5file?8s?5record?5type?4?$AA@ 004407a0     libifcoremt:for_diags_intel.obj
 0003:00002820       ??_C@_0EH@A@The?5FORT_BUFFERING_THRESHOLD?5environment?5variable?5has?5erroneous?5syntax?$AA@ 00440820     libifcoremt:for_diags_intel.obj
 0003:00002880       ??_C@_0DC@A@operation?5requires?5seek?5ability?0?5unit?5?$CFd?0?5file?5?$CFs?$AA@ 00440880     libifcoremt:for_diags_intel.obj
 0003:000028b4       ??_C@_0DN@A@Cannot?5access?5current?5working?5directory?5for?5unit?5?$CFd?0?5file?5?$CFs?$AA@ 004408b4     libifcoremt:for_diags_intel.obj
 0003:00002900       ??_C@_0EA@A@invalid?5attempt?5to?5assign?5into?5a?5pointer?5that?5is?5not?5associated?$AA@ 00440900     libifcoremt:for_diags_intel.obj
 0003:00002940       ??_C@_0DP@A@attempt?5to?5assign?5a?5scalar?5to?5an?5unallocated?5allocatable?5array?$AA@ 00440940     libifcoremt:for_diags_intel.obj
 0003:00002980       ??_C@_0DB@A@Invalid?5command?5supplied?5to?5EXECUTE_COMMAND_LINE?$AA@ 00440980     libifcoremt:for_diags_intel.obj
 0003:000029b4       ??_C@_0CB@A@Error?5Stop?5?9?5Program?5terminated?4?$AA@ 004409b4     libifcoremt:for_diags_intel.obj
 0003:000029e0       ??_C@_0EN@A@user?5breakpoint?5?$CISIGTRAP?$CJ?5?9?5obtain?5more?5info?5on?5this?5signal?5via?5the?5debugger?$AA@ 004409e0     libifcoremt:for_diags_intel.obj
 0003:00002a40       ??_C@_0BM@A@kernel?5breakpoint?5?$CISIGTRAP?$CJ?$AA@ 00440a40     libifcoremt:for_diags_intel.obj
 0003:00002a5c       ??_C@_0CH@A@taken?5branch?5delay?5emulation?5?$CISIGTRAP?$CJ?$AA@ 00440a5c     libifcoremt:for_diags_intel.obj
 0003:00002a84       ??_C@_0CL@A@not?5taken?5branch?5delay?5emulation?5?$CISIGTRAP?$CJ?$AA@ 00440a84     libifcoremt:for_diags_intel.obj
 0003:00002ab0       ??_C@_0BL@A@user?5single?5step?5?$CISIGTRAP?$CJ?$AA@ 00440ab0     libifcoremt:for_diags_intel.obj
 0003:00002acc       ??_C@_0BJ@A@overflow?5check?5?$CISIGTRAP?$CJ?$AA@ 00440acc     libifcoremt:for_diags_intel.obj
 0003:00002ae8       ??_C@_0BP@A@divide?5by?5zero?5check?5?$CISIGTRAP?$CJ?$AA@ 00440ae8     libifcoremt:for_diags_intel.obj
 0003:00002b08       ??_C@_0CE@A@array?5index?5out?5of?5bounds?5?$CISIGTRAP?$CJ?$AA@ 00440b08     libifcoremt:for_diags_intel.obj
 0003:00002b2c       ??_C@_0DB@A@array?5index?5out?5of?5bounds?5for?5index?5?$CFd?5?$CISIGTRAP?$CJ?$AA@ 00440b2c     libifcoremt:for_diags_intel.obj
 0003:00002b60       ??_C@_0BB@A@floating?5inexact?$AA@ 00440b60     libifcoremt:for_diags_intel.obj
 0003:00002b74       ??_C@_0BB@A@decimal?5overflow?$AA@ 00440b74     libifcoremt:for_diags_intel.obj
 0003:00002b88       ??_C@_0BH@A@decimal?5divide?5by?5zero?$AA@ 00440b88     libifcoremt:for_diags_intel.obj
 0003:00002ba0       ??_C@_0BA@A@decimal?5invalid?$AA@ 00440ba0     libifcoremt:for_diags_intel.obj
 0003:00002bb0       ??_C@_0BB@A@reserved?5operand?$AA@ 00440bb0     libifcoremt:for_diags_intel.obj
 0003:00002bc4       ??_C@_0BA@A@assertion?5error?$AA@ 00440bc4     libifcoremt:for_diags_intel.obj
 0003:00002bd4       ??_C@_0BD@A@null?5pointer?5error?$AA@ 00440bd4     libifcoremt:for_diags_intel.obj
 0003:00002be8       ??_C@_0P@A@stack?5overflow?$AA@ 00440be8     libifcoremt:for_diags_intel.obj
 0003:00002bf8       ??_C@_0BE@A@string?5length?5error?$AA@ 00440bf8     libifcoremt:for_diags_intel.obj
 0003:00002c0c       ??_C@_0BA@A@substring?5error?$AA@ 00440c0c     libifcoremt:for_diags_intel.obj
 0003:00002c1c       ??_C@_0M@A@range?5error?$AA@ 00440c1c     libifcoremt:for_diags_intel.obj
 0003:00002c28       ??_C@_0CH@A@allocatable?5array?5is?5already?5allocated?$AA@ 00440c28     libifcoremt:for_diags_intel.obj
 0003:00002c50       ??_C@_0DM@A@unresolved?5contention?5for?5Intel?5Fortran?5RTL?5global?5resource?$AA@ 00440c50     libifcoremt:for_diags_intel.obj
 0003:00002c8c       ??_C@_0CO@A@allocatable?5array?5or?5pointer?5is?5not?5allocated?$AA@ 00440c8c     libifcoremt:for_diags_intel.obj
 0003:00002cbc       ??_C@_0BK@A@array?5index?5out?5of?5bounds?$AA@ 00440cbc     libifcoremt:for_diags_intel.obj
 0003:00002cd8       ??_C@_0CH@A@array?5index?5out?5of?5bounds?5for?5index?5?$CFd?$AA@ 00440cd8     libifcoremt:for_diags_intel.obj
 0003:00002d00       ??_C@_0BL@A@GENTRAP?5code?5?$DN?50x?$CFlx?5?$CI?$CFld?$CJ?$AA@ 00440d00     libifcoremt:for_diags_intel.obj
 0003:00002d1c       ??_C@_0CF@A@Program?5Exception?5?9?5access?5violation?$AA@ 00440d1c     libifcoremt:for_diags_intel.obj
 0003:00002d44       ??_C@_0CK@A@Program?5Exception?5?9?5datatype?5misalignment?$AA@ 00440d44     libifcoremt:for_diags_intel.obj
 0003:00002d70       ??_C@_0BP@A@Program?5Exception?5?9?5breakpoint?$AA@ 00440d70     libifcoremt:for_diags_intel.obj
 0003:00002d90       ??_C@_0CA@A@Program?5Exception?5?9?5single?5step?$AA@ 00440d90     libifcoremt:for_diags_intel.obj
 0003:00002db0       ??_C@_0CK@A@Program?5Exception?5?9?5array?5bounds?5exceeded?$AA@ 00440db0     libifcoremt:for_diags_intel.obj
 0003:00002ddc       ??_C@_0DE@A@Program?5Exception?5?9?5denormal?5floating?9point?5operand?$AA@ 00440ddc     libifcoremt:for_diags_intel.obj
 0003:00002e10       ??_C@_0CJ@A@Program?5Exception?5?9?5floating?5stack?5check?$AA@ 00440e10     libifcoremt:for_diags_intel.obj
 0003:00002e3c       ??_C@_0CL@A@Program?5Exception?5?9?5integer?5divide?5by?5zero?$AA@ 00440e3c     libifcoremt:for_diags_intel.obj
 0003:00002e68       ??_C@_0CF@A@Program?5Exception?5?9?5integer?5overflow?$AA@ 00440e68     libifcoremt:for_diags_intel.obj
 0003:00002e90       ??_C@_0CL@A@Program?5Exception?5?9?5privileged?5instruction?$AA@ 00440e90     libifcoremt:for_diags_intel.obj
 0003:00002ebc       ??_C@_0CC@A@Program?5Exception?5?9?5in?5page?5error?$AA@ 00440ebc     libifcoremt:for_diags_intel.obj
 0003:00002ee0       ??_C@_0CI@A@Program?5Exception?5?9?5illegal?5instruction?$AA@ 00440ee0     libifcoremt:for_diags_intel.obj
 0003:00002f08       ??_C@_0CN@A@Program?5Exception?5?9?5noncontinuable?5exception?$AA@ 00440f08     libifcoremt:for_diags_intel.obj
 0003:00002f38       ??_C@_0CD@A@Program?5Exception?5?9?5stack?5overflow?$AA@ 00440f38     libifcoremt:for_diags_intel.obj
 0003:00002f5c       ??_C@_0CI@A@Program?5Exception?5?9?5invalid?5disposition?$AA@ 00440f5c     libifcoremt:for_diags_intel.obj
 0003:00002f84       ??_C@_0DB@A@Program?5Exception?5?9?5exception?5code?5?$DN?50x?$CFlx?5?$CI?$CFld?$CJ?$AA@ 00440f84     libifcoremt:for_diags_intel.obj
 0003:00002fc0       ??_C@_0EO@A@A?5pointer?5passed?5to?5DEALLOCATE?5points?5to?5an?5object?5that?5cannot?5be?5deallocated?$AA@ 00440fc0     libifcoremt:for_diags_intel.obj
 0003:00003020       ??_C@_0M@A@SIGSEGV?0?5?$CFs?$AA@ 00441020     libifcoremt:for_diags_intel.obj
 0003:00003040       ??_C@_0EF@A@DATE?5argument?5to?5DATE_AND_TIME?5is?5too?5short?5?$CILEN?$DN?$CFd?$CJ?0?5required?5LEN?$DN8?$AA@ 00441040     libifcoremt:for_diags_intel.obj
 0003:000030a0       ??_C@_0EG@A@TIME?5argument?5to?5DATE_AND_TIME?5is?5too?5short?5?$CILEN?$DN?$CFd?$CJ?0?5required?5LEN?$DN10?$AA@ 004410a0     libifcoremt:for_diags_intel.obj
 0003:00003100       ??_C@_0EF@A@ZONE?5argument?5to?5DATE_AND_TIME?5is?5too?5short?5?$CILEN?$DN?$CFd?$CJ?0?5required?5LEN?$DN5?$AA@ 00441100     libifcoremt:for_diags_intel.obj
 0003:00003160       ??_C@_0P@A@Divide?5by?5zero?$AA@ 00441160     libifcoremt:for_diags_intel.obj
 0003:00003170       ??_C@_0DM@A@Cannot?5allocate?5array?5?9?5overflow?5on?5array?5size?5calculation?4?$AA@ 00441170     libifcoremt:for_diags_intel.obj
 0003:000031ac       ??_C@_0L@A@SIGBUS?0?5?$CFs?$AA@ 004411ac     libifcoremt:for_diags_intel.obj
 0003:000031c0       ??_C@_0FE@A@Unlimited?9format?9item?5is?5?$CK?$CIformat?9item?9list?$CJ?4?5Format?9item?5in?5list?5must?5not?5be?5empty?$AA@ 004411c0     libifcoremt:for_diags_intel.obj
 0003:00003220       ??_C@_0EB@A@floating?5invalid?5?9?5possible?5uninitialized?5real?1complex?5variable?4?$AA@ 00441220     libifcoremt:for_diags_intel.obj
 0003:00003280       ??_C@_0EO@A@Run?9Time?5Check?5Failure?4?5The?5variable?5?8?$CFs?8?5is?5being?5used?5without?5being?5defined?$AA@ 00441280     libifcoremt:for_diags_intel.obj
 0003:000032e0       ??_C@_0FG@A@Run?9Time?5Check?5Failure?4?5The?5variable?5?8?$CFs?8?5is?5being?5used?5in?5?8?$CFs?8?5without?5being?5defined?$AA@ 004412e0     libifcoremt:for_diags_intel.obj
 0003:00003340       ??_C@_0CB@A@program?5aborting?5due?5to?5?$CFs?5event?$AA@ 00441340     libifcoremt:for_diags_intel.obj
 0003:00003364       ??_C@_0DO@A@Intel?5Pentium?5fdiv?5flaw?5detected?0?5please?5update?5the?5processor?$AA@ 00441364     libifcoremt:for_diags_intel.obj
 0003:000033c0       ??_C@_0EH@A@unformatted?5I?1O?5to?5unit?5open?5for?5formatted?5transfers?0?5unit?5?$CFd?0?5file?5?$CFs?$AA@ 004413c0     libifcoremt:for_diags_intel.obj
 0003:00003420       ??_C@_0EH@A@formatted?5I?1O?5to?5unit?5open?5for?5unformatted?5transfers?0?5unit?5?$CFd?0?5file?5?$CFs?$AA@ 00441420     libifcoremt:for_diags_intel.obj
 0003:00003480       ??_C@_0EC@A@direct?9access?5I?1O?5to?5unit?5open?5for?5keyed?5access?0?5unit?5?$CFd?0?5file?5?$CFs?$AA@ 00441480     libifcoremt:for_diags_intel.obj
 0003:000034e0       ??_C@_0EH@A@sequential?9access?5I?1O?5to?5unit?5open?5for?5direct?5access?0?5unit?5?$CFd?0?5file?5?$CFs?$AA@ 004414e0     libifcoremt:for_diags_intel.obj
 0003:00003540       ??_C@_0EC@A@keyed?9access?5I?1O?5to?5unit?5open?5for?5direct?5access?0?5unit?5?$CFd?0?5file?5?$CFs?$AA@ 00441540     libifcoremt:for_diags_intel.obj
 0003:000035a0       ??_C@_0BI@A@I?1O?5to?5non?9FORTRAN?5unit?$AA@ 004415a0     libifcoremt:for_diags_intel.obj
 0003:000035b8       ??_C@_0CH@A@invalid?5text?5is?5?$CFs?5in?5record?5number?5?$CFd?$AA@ 004415b8     libifcoremt:for_diags_intel.obj
 0003:000035e0       ??_C@_0BD@A@invalid?5text?5is?5?$CFs?$AA@ 004415e0     libifcoremt:for_diags_intel.obj
 0003:00003600       ??_C@_0EA@A@operation?5requires?5file?5to?5be?5on?5disk?5or?5tape?0?5unit?5?$CFd?0?5file?5?$CFs?$AA@ 00441600     libifcoremt:for_diags_intel.obj
 0003:00003640       ??_C@_0EN@A@operation?5requires?5sequential?5file?5organization?5and?5access?0?5unit?5?$CFd?0?5file?5?$CFs?$AA@ 00441640     libifcoremt:for_diags_intel.obj
 0003:000036a0       ??_C@_0BN@A@FORTRAN?5abort?5routine?5called?$AA@ 004416a0     libifcoremt:for_diags_intel.obj
 0003:000036c0       ??_C@_0CM@A@end?5of?5record?5during?5read?0?5unit?5?$CFd?0?5file?5?$CFs?$AA@ 004416c0     libifcoremt:for_diags_intel.obj
 0003:00003700       ??_C@_0FA@A@Another?5process?5has?5this?5file?5locked?5for?5shared?1exclusive?5use?0?5unit?5?$CFd?0?5file?5?$CFs?$AA@ 00441700     libifcoremt:for_diags_intel.obj
 0003:00003760       ??_C@_0IF@A@A?5SHARE?$DN?5lock?5request?5in?5an?5OPEN?5statement?5is?5incompatible?5with?5a?5?$FLNO?$FNSHARED?5specifier?5and?1or?5the?5file?8s?5open?5mode?0?5unit?5?$CFd?0?5file?5?$CFs?$AA@ 00441760     libifcoremt:for_diags_intel.obj
 0003:00003800       ??_C@_0BK@A@?$CFd?5floating?5inexact?5traps?$AA@ 00441800     libifcoremt:for_diags_intel.obj
 0003:0000381c       ??_C@_0BK@A@?$CFd?5floating?5invalid?5traps?$AA@ 0044181c     libifcoremt:for_diags_intel.obj
 0003:00003838       ??_C@_0BL@A@?$CFd?5floating?5overflow?5traps?$AA@ 00441838     libifcoremt:for_diags_intel.obj
 0003:00003854       ??_C@_0CB@A@?$CFd?5floating?5divide?9by?9zero?5traps?$AA@ 00441854     libifcoremt:for_diags_intel.obj
 0003:00003878       ??_C@_0BM@A@?$CFd?5floating?5underflow?5traps?$AA@ 00441878     libifcoremt:for_diags_intel.obj
 0003:000038a0       ??_C@_0EB@A@Diagnostic?5message?5buffer?5overflow?0?5hex?5message?5number?5was?5?$CF8?48x?$AA@ 004418a0     libifcoremt:for_diags_intel.obj
 0003:00003900       ??_C@_02A@?$CFs?$AA@       00441900     libifcoremt:for_diags_intel.obj
 0003:00003904       ??_C@_08A@forrtl?3?5?$AA@  00441904     libifcoremt:for_diags_intel.obj
 0003:00003910       ??_C@_0BE@A@forrtl?3?5info?5?$CI?$CFi?$CJ?3?5?$AA@ 00441910     libifcoremt:for_diags_intel.obj
 0003:00003924       ??_C@_0BH@A@forrtl?3?5warning?5?$CI?$CFi?$CJ?3?5?$AA@ 00441924     libifcoremt:for_diags_intel.obj
 0003:0000393c       ??_C@_0BF@A@forrtl?3?5error?5?$CI?$CFi?$CJ?3?5?$AA@ 0044193c     libifcoremt:for_diags_intel.obj
 0003:00003954       ??_C@_0BG@A@forrtl?3?5severe?5?$CI?$CFi?$CJ?3?5?$AA@ 00441954     libifcoremt:for_diags_intel.obj
 0003:0000396c       ??_C@_06A@forrtl?$AA@      0044196c     libifcoremt:for_diags_intel.obj
 0003:00003974       ??_C@_0BC@A@Message?5not?5found?$AA@ 00441974     libifcoremt:for_diags_intel.obj
 0003:00003988       ??_C@_0DE@A@Insufficient?5memory?5to?5allocate?5Fortran?5RTL?5message?$AA@ 00441988     libifcoremt:for_diags_intel.obj
 0003:000039c0       ??_C@_0EI@A@Insufficient?5memory?5to?5allocate?5Fortran?5RTL?5message?5buffer?0?5message?5?$CD?$CFd?$AA@ 004419c0     libifcoremt:for_diags_intel.obj
 0003:00003a20       ??_C@_0FF@A@Insufficient?5memory?5to?5allocate?5Fortran?5RTL?5message?5buffer?0?5message?5?$CD?$CFd?5?$DN?5hex?5?$CF8?48x?4?$AA@ 00441a20     libifcoremt:for_diags_intel.obj
 0003:00003a80       ??_C@_0DC@A@FormatMessage?5failed?5for?5sysmem?5message?5number?5?$CFi?$AA@ 00441a80     libifcoremt:for_diags_intel.obj
 0003:00003ab4       ??_C@_0CI@A@Intel?$CIr?$CJ?5Visual?5Fortran?5run?9time?5error?5?$AA@ 00441ab4     libifcoremt:for_diags_intel.obj
 0003:00003ae0       ??_C@_0EH@A@?5The?5allocation?5of?5dynamic?5common?5?$CFs?5of?5size?5?$CFs?5in?5procedure?5?$CFs?5failed?$AA@ 00441ae0     libifcoremt:for_diags_intel.obj
 0003:00003b40       ??_C@_0CN@A@?5The?5current?5size?5of?5dynamic?5common?5?$CFs?5is?5?$CFs?$AA@ 00441b40     libifcoremt:for_diags_intel.obj
 0003:00003b70       ??_C@_0CP@A@?5The?5declared?5size?5in?5procedure?5?$CFs?5is?5?$CFs?5bytes?$AA@ 00441b70     libifcoremt:for_diags_intel.obj
 0003:00003ba0       ??_C@_0EC@A@?5Heap?5Allocation?5Failure?5while?5creating?5common?5?$CFs?5in?5procedure?5?$CFs?$AA@ 00441ba0     libifcoremt:for_diags_intel.obj
 0003:00003c00       ??_C@_07A@Unknown?$AA@     00441c00     libifcoremt:for_diags_intel.obj
 0003:00003c08       ??_C@_0BH@A@?0?5line?5?$CFs?0?5position?5?$CFd?$AA@ 00441c08     libifcoremt:for_diags_intel.obj
 0003:00003c20       ??_C@_0CF@A@?$CFsAllocate?5Dynamic?5Common?5Error?5?9?5?$CFs?$AA@ 00441c20     libifcoremt:for_diags_intel.obj
 0003:00003c48       ??_C@_0BD@A@Allocation?5Failure?$AA@ 00441c48     libifcoremt:for_diags_intel.obj
 0003:00003c5c       ??_C@_0BJ@A@Inconsistent?5Common?5Size?$AA@ 00441c5c     libifcoremt:for_diags_intel.obj
 0003:00003c78       ??_C@_0L@A@Empty?5Heap?$AA@ 00441c78     libifcoremt:for_diags_intel.obj
[...]
 0003:00006ef4       .2.13_2.switchtab.6        00444ef4     libifcoremt:for_fmt_val.obj
 0003:00006f5c       .2.13_2.switchtab.7        00444f5c     libifcoremt:for_fmt_val.obj
 0003:00006f78       .2.13_2.switchtab.8        00444f78     libifcoremt:for_fmt_val.obj
 0003:00006f88       .2.13_2.switchtab.9        00444f88     libifcoremt:for_fmt_val.obj
 0003:00006fc0       .2.13_2.switchtab.10       00444fc0     libifcoremt:for_fmt_val.obj
 0003:00006ff8       .2.13_2.switchtab.11       00444ff8     libifcoremt:for_fmt_val.obj
 0003:00007030       .2.17_2.switchtab.2        00445030     libifcoremt:for_nt_open_proc.obj
 0003:00007038       .2.18_2.switchtab.4        00445038     libifcoremt:for_nt_open_proc.obj
 0003:00007044       .2.19_2.switchtab.3        00445044     libifcoremt:for_nt_open_proc.obj
 0003:0000704c       .2.20_2.switchtab.6        0044504c     libifcoremt:for_nt_open_proc.obj
 0003:00007054       .2.20_2.switchtab.7        00445054     libifcoremt:for_nt_open_proc.obj
 0003:0000705c       .2.20_2.switchtab.8        0044505c     libifcoremt:for_nt_open_proc.obj
 0003:00007064       .2.20_2.switchtab.9        00445064     libifcoremt:for_nt_open_proc.obj
 0003:00007070       .2.20_2.switchtab.10       00445070     libifcoremt:for_nt_open_proc.obj
 0003:00007078       .2.20_2.switchtab.11       00445078     libifcoremt:for_nt_open_proc.obj
 0003:00007084       .2.20_2.switchtab.12       00445084     libifcoremt:for_nt_open_proc.obj
 0003:000071bc       _for__default_name_str     004451bc     libifcoremt:for_close_proc.obj
 0003:000071c8       .2.7_2.switchtab.10        004451c8     libifcoremt:for_close_proc.obj
 0003:000072b0       _2il0floatpacket.4         004452b0     libifcoremt:for_secnds.obj
 0003:000072c0       _2il0floatpacket.6         004452c0     libifcoremt:for_secnds.obj
 0003:000072d0       _2il0floatpacket.7         004452d0     libifcoremt:for_secnds.obj
 0003:000072e0       _2il0floatpacket.8         004452e0     libifcoremt:for_secnds.obj
 0003:000072f0       _2il0floatpacket.13        004452f0     libifcoremt:for_secnds.obj
 0003:00007300       _2il0floatpacket.14        00445300     libifcoremt:for_secnds.obj
 0003:00007310       _2il0floatpacket.18        00445310     libifcoremt:for_secnds.obj
 0003:00007320       _2il0floatpacket.2         00445320     libifcoremt:for_secnds.obj
 0003:00007328       _2il0floatpacket.5         00445328     libifcoremt:for_secnds.obj
 0003:00007330       _2il0floatpacket.9         00445330     libifcoremt:for_secnds.obj
 0003:00007338       _2il0floatpacket.10        00445338     libifcoremt:for_secnds.obj
 0003:00007340       _2il0floatpacket.12        00445340     libifcoremt:for_secnds.obj
 0003:00007348       _2il0floatpacket.15        00445348     libifcoremt:for_secnds.obj
 0003:00007350       _2il0floatpacket.16        00445350     libifcoremt:for_secnds.obj
 0003:00007358       _2il0floatpacket.3         00445358     libifcoremt:for_secnds.obj
 0003:0000735c       _2il0floatpacket.11        0044535c     libifcoremt:for_secnds.obj
 0003:00007360       _2il0floatpacket.17        00445360     libifcoremt:for_secnds.obj
 0003:000078bc       .2.23_2.switchtab.3        004458bc     libifcoremt:cvt_ieee_single.obj
 0003:000078d0       .2.26_2.switchtab.3        004458d0     libifcoremt:cvt_ieee_single.obj
 0003:000078e4       .2.32_2.switchtab.3        004458e4     libifcoremt:cvt_ieee_double.obj
 0003:000078f8       .2.35_2.switchtab.3        004458f8     libifcoremt:cvt_ieee_double.obj
 0003:0000790c       .2.38_2.switchtab.3        0044590c     libifcoremt:cvt_ieee_double.obj
 0003:00007920       .2.41_2.switchtab.3        00445920     libifcoremt:cvt_ieee_double.obj
 0003:00007934       .2.8_2.switchtab.3         00445934     libifcoremt:cvt_vax_f.obj
 0003:00007948       .2.8_2.switchtab.3         00445948     libifcoremt:cvt_ibm_short.obj
 0003:0000795c       .2.8_2.switchtab.3         0044595c     libifcoremt:cvt_vax_g.obj
 0003:00007970       .2.8_2.switchtab.3         00445970     libifcoremt:cvt_vax_d.obj
 0003:00007984       .2.8_2.switchtab.3         00445984     libifcoremt:cvt_ibm_long.obj
 0003:00007998       .2.17_2.switchtab.3        00445998     libifcoremt:cvt_cray.obj
 0003:000079c0       extended_options.179.0.0.1 004459c0     libifcoremt:cvt_log_to_text.obj
 0003:000079c8       extended_options.708.0.0.5 004459c8     libifcoremt:cvt_cvtas_x.obj
 0003:000079dc       extended_options.703.0.0.5 004459dc     libifcoremt:cvt_cvtas_t.obj
 0003:000079e4       extended_options.703.0.0.5 004459e4     libifcoremt:cvt_cvtas_s.obj
 0003:000079f0       _cvt_uint64_max            004459f0     libifcoremt:cvt_text_to_int.obj
 0003:000079f8       _cvt_int64_max             004459f8     libifcoremt:cvt_text_to_int.obj
 0003:00007a00       .2.13_2.switchtab.3        00445a00     libifcoremt:for_get.obj
 0003:00007a24       .2.27_2.switchtab.1        00445a24     libifcoremt:for_wseq.obj
 0003:00007a2c       .2.27_2.switchtab.2        00445a2c     libifcoremt:for_wseq.obj
 0003:00007a40       _class_table               00445a40     libifcoremt:for_fmt_comp.obj
 0003:00007aa0       _fmt_check                 00445aa0     libifcoremt:for_fmt_comp.obj
 0003:00007ba0       _fmt_cat                   00445ba0     libifcoremt:for_intrp_fmt.obj
 0003:000080e0       _coerce_integer_to_float   004460e0     libifcoremt:for_intrp_fmt.obj
 0003:00008140       _coerce_floating_to_integer 00446140     libifcoremt:for_intrp_fmt.obj
 0003:00008390       _2il0floatpacket.9         00446390     libifcoremt:cvtas_a_to_t.obj
 0003:000083a0       _2il0floatpacket.2         004463a0     libifcoremt:cvtas_a_to_s.obj
 0003:000095f0       _QNaNIndefiniteq           004475f0     libirc:ia32_divq.obj
 0003:00009600       _d_one                     00447600     libirc:ia32_divq.obj
 0003:00009608       _d_norm                    00447608     libirc:ia32_divq.obj
 0003:00009610       _d_huge                    00447610     libirc:ia32_divq.obj
 0003:00009618       _d_half                    00447618     libirc:ia32_divq.obj
 0003:00009620       _d_zero                    00447620     libirc:ia32_divq.obj
 0003:00009628       _d_tiny                    00447628     libirc:ia32_divq.obj
 0003:00009630       __infsq                    00447630     libirc:ia32_divq.obj
 0003:00009650       __maxnumq                  00447650     libirc:ia32_divq.obj
 0003:00009670       __zerosq                   00447670     libirc:ia32_divq.obj
 0003:00009690       _QNaNIndefiniteq           00447690     libirc:ia32_addsubq.obj
 0003:000096a0       _d_one                     004476a0     libirc:ia32_addsubq.obj
 0003:000096a8       _d_norm                    004476a8     libirc:ia32_addsubq.obj
 0003:000096b0       _d_huge                    004476b0     libirc:ia32_addsubq.obj
 0003:000096b8       _d_tiny                    004476b8     libirc:ia32_addsubq.obj
 0003:000096c0       _d_zero                    004476c0     libirc:ia32_addsubq.obj
 0003:000096c8       __infsq                    004476c8     libirc:ia32_addsubq.obj
 0003:000096e8       __maxnumq                  004476e8     libirc:ia32_addsubq.obj
 0003:00009708       __zerosq                   00447708     libirc:ia32_addsubq.obj
 0003:00009730       _d_zero                    00447730     libirc:qcomp.obj
 0003:00009738       ___l_one                   00447738     libirc:fp2q.obj
 0003:00009748       _d_tiny                    00447748     libirc:q2fp.obj
 0003:00009750       _d_one                     00447750     libirc:q2fp.obj
 0003:00009758       _d_huge                    00447758     libirc:q2fp.obj
 0003:00009760       _d_norm                    00447760     libirc:q2fp.obj
 0003:00009768       _d_zero                    00447768     libirc:q2fp.obj
 0003:00009b60       _irc_msgtab                00447b60     libirc:irc_msg_support.obj
 0003:0000aa8c       __sehtable._tbk_trace_stack_impl 00448a8c     libirc:tbk_backtrace.obj
 0003:0000aa98       _tbk__default_unknown      00448a98     libirc:tbk_backtrace.obj
 0003:0000aaa0       .2.33_2.switchtab.16       00448aa0     libirc:tbk_backtrace.obj
 0003:0000aaec       _GS_ExceptionPointers      00448aec     MSVCRT:gs_report.obj
 0003:0000aaf4       __sehtable._main           00448af4     libifcoremt:for_main.obj
 0003:0000ab78       __sehtable$___tmainCRTStartup 00448b78     MSVCRT:crtexe.obj
 0003:0000ab98       __sehtable$__onexit        00448b98     MSVCRT:atonexit.obj
 0003:0000abb8       __sehtable$__IsNonwritableInCurrentImage 00448bb8     MSVCRT:pesect.obj
 0003:0000ae9e       .idata$6                   00448e9e     delwaq2_lib:delwaq2_lib.dll
 0003:0000b1a2       .idata$6                   004491a2     MSVCRT:MSVCR120.dll
 0003:0000b2c0       .idata$6                   004492c0     ImageHlp:imagehlp.dll
 0003:0000b75c       .idata$6                   0044975c     kernel32:KERNEL32.dll
 0004:00000000       _DLWQ2$ARGV.0.1            0044a000     dlwq2.obj
 0004:00000cd4       _global_resources          0044acd4     libifcoremt:for_reentrancy.obj
 0004:00000cf4       _global_resources_recurschk 0044acf4     libifcoremt:for_reentrancy.obj
 0004:00000d20       looper.4653.0.9            0044ad20     libifcoremt:for_lub_mgt.obj
 0004:00000d24       old_context.4653.0.9       0044ad24     libifcoremt:for_lub_mgt.obj
 0004:00000d28       _for__newunit_curr         0044ad28     libifcoremt:for_lub_mgt.obj
 0004:00000d40       first_time.3901.0.1        0044ad40     libifcoremt:for_diags_intel.obj
 0004:00000d44       desc_lst.4152.0.10         0044ad44     libifcoremt:for_diags_intel.obj
 0004:00000d60       _for__dec_error_header     0044ad60     libifcoremt:for_diags_intel.obj
 0004:00000da0       _for_msgtab_intel          0044ada0     libifcoremt:for_diags_intel.obj
 0004:00002408       _first_msg                 0044c408     libifcoremt:for_diags_intel.obj
 0004:0000240c       _use_internal_msg          0044c40c     libifcoremt:for_diags_intel.obj
 0004:00002410       _severity_table            0044c410     libifcoremt:for_diags_intel.obj
 0004:00002428       _forrtl_header             0044c428     libifcoremt:for_diags_intel.obj
 0004:00002440       env_var_value.4632.0.14    0044c440     libifcoremt:for_aio.obj
 0004:00002444       current_arg.5843.0.8       0044c444     libifcoremt:for_nt_open_proc.obj
 0004:00002460       _c_feature_names           0044c460     libirc:new_proc_init.obj
 0004:00002520       _p_one                     0044c520     libirc:ia32_divq.obj
 0004:00002524       _p_norm                    0044c524     libirc:ia32_divq.obj
 0004:00002528       _p_huge                    0044c528     libirc:ia32_divq.obj
 0004:0000252c       _p_half                    0044c52c     libirc:ia32_divq.obj
 0004:00002530       _p_zero                    0044c530     libirc:ia32_divq.obj
 0004:00002534       _p_tiny                    0044c534     libirc:ia32_divq.obj
 0004:00002538       _p_one                     0044c538     libirc:ia32_addsubq.obj
 0004:0000253c       _p_norm                    0044c53c     libirc:ia32_addsubq.obj
 0004:00002540       _p_huge                    0044c540     libirc:ia32_addsubq.obj
 0004:00002544       _p_tiny                    0044c544     libirc:ia32_addsubq.obj
 0004:00002548       _p_zero                    0044c548     libirc:ia32_addsubq.obj
 0004:0000254c       _p_tiny                    0044c54c     libirc:q2fp.obj
 0004:00002550       _p_one                     0044c550     libirc:q2fp.obj
 0004:00002554       _p_huge                    0044c554     libirc:q2fp.obj
 0004:00002558       _p_norm                    0044c558     libirc:q2fp.obj
 0004:0000255c       _p_zero                    0044c55c     libirc:q2fp.obj
 0004:00002560       _first_msg                 0044c560     libirc:irc_msg_support.obj
 0004:00002564       _use_internal_msg          0044c564     libirc:irc_msg_support.obj
 0004:00002580       _cpuid2_cache_tbl          0044c580     libirc:fast_mem_ops.obj
 0004:00002dc0       _company                   0044cdc0     * CIL library *:* CIL module *
 0004:00002dcc       _short_program_name        0044cdcc     * CIL library *:* CIL module *
 0004:00002dd8       _ident                     0044cdd8     * CIL library *:* CIL module *
 0004:00002e1c       _file_version              0044ce1c     * CIL library *:* CIL module *
 0004:00002e28       _version                   0044ce28     * CIL library *:* CIL module *
 0004:00002e30       _program_name              0044ce30     * CIL library *:* CIL module *
 0004:00002e38       _svn_revision              0044ce38     * CIL library *:* CIL module *
 0004:00002e40       done.4210.0.14             0044ce40     libifcoremt:for_reentrancy.obj
 0004:00002e44       _reentrancy_cleanup_once_block 0044ce44     libifcoremt:for_reentrancy.obj
 0004:00002e4c       _threadstor_index          0044ce4c     libifcoremt:for_reentrancy.obj
 0004:00002e50       _threadstor_init_once_block 0044ce50     libifcoremt:for_reentrancy.obj
 0004:00002e58       _reentrancy_init_once_block 0044ce58     libifcoremt:for_reentrancy.obj
 0004:00002e80       _for__vm_alloc_table       0044ce80     libifcoremt:for_vm.obj
 0004:00003280       _for__protect_vmalloc_table 0044d280     libifcoremt:for_vm.obj
 0004:000032a0       _exceptionbeg              0044d2a0     libifcoremt:for_open.obj
 0004:000033a0       _exceptionend              0044d3a0     libifcoremt:for_open.obj
 0004:000034a0       _rectype_exceptionbeg      0044d4a0     libifcoremt:for_open.obj
 0004:000035a0       _rectype_exceptionend      0044d5a0     libifcoremt:for_open.obj
 0004:000036a0       _endianmode                0044d6a0     libifcoremt:for_open.obj
 0004:000036a4       _endianexception           0044d6a4     libifcoremt:for_open.obj
 0004:000036a8       _exceptioncount            0044d6a8     libifcoremt:for_open.obj
 0004:000036ac       _endian_var_scanned        0044d6ac     libifcoremt:for_open.obj
 0004:000036b0       _rectype_var_scanned       0044d6b0     libifcoremt:for_open.obj
 0004:000036b4       _rectype_exception         0044d6b4     libifcoremt:for_open.obj
 0004:000036b8       _rectype_exceptioncount    0044d6b8     libifcoremt:for_open.obj
 0004:000036bc       _rectype_mode              0044d6bc     libifcoremt:for_open.obj
 0004:000036e0       old_star_lub.4653.0.9      0044d6e0     libifcoremt:for_lub_mgt.obj
 0004:00007b94       _for__newunit_mask         00451b94     libifcoremt:for_lub_mgt.obj
 0004:00007b98       _for__newunit_flag         00451b98     libifcoremt:for_lub_mgt.obj
 0004:0000b4a0       _for_process_start_time    004554a0     libifcoremt:for_init.obj
 0004:0000b4a8       rtl_init_once_block.4049.0.3 004554a8     libifcoremt:for_init.obj
 0004:0000b4b0       static_1_argv.4076.0.5     004554b0     libifcoremt:for_init.obj
 0004:0000b500       this_image_number.3901.0.1 00455500     libifcoremt:for_diags_intel.obj
 0004:0000b504       ptr_to_THIS_IMAGE.3901.0.1 00455504     libifcoremt:for_diags_intel.obj
 0004:0000b520       _tmp_buf                   00455520     libifcoremt:for_diags_intel.obj
 0004:0000b620       fmt_buf.4217.0.12          00455620     libifcoremt:for_diags_intel.obj
 0004:0000b720       _tmp_sev                   00455720     libifcoremt:for_diags_intel.obj
 0004:0000b724       _tmp_ptr                   00455724     libifcoremt:for_diags_intel.obj
 0004:0000b728       redirect_stderr_once_block.4238.0.15 00455728     libifcoremt:for_diags_intel.obj
 0004:0000b730       _current_user_error_handler 00455730     libifcoremt:for_diags_intel.obj
 0004:0000b734       _current_user_error_context 00455734     libifcoremt:for_diags_intel.obj
 0004:0000b738       _abort_on_exit             00455738     libifcoremt:for_diags_intel.obj
 0004:0000b760       _threads_in_flight         00455760     libifcoremt:for_aio.obj
 0004:0000b768       _thread_count              00455768     libifcoremt:for_aio.obj
 0004:0000b770       count.4365.0.2             00455770     libifcoremt:for_aio.obj
 0004:0000b774       _aio_lub_mutex             00455774     libifcoremt:for_aio.obj
 0004:0000b78c       _aio_lub_table_mutex       0045578c     libifcoremt:for_aio.obj
 0004:0000b7a4       _aio_init_flg              004557a4     libifcoremt:for_aio.obj
 0004:0000b7a8       _OpenThread_ptr            004557a8     libifcoremt:for_aio.obj
 0004:0000b7ac       _aio_lub                   004557ac     libifcoremt:for_aio.obj
 0004:0000b7b0       _aio_rte_thread            004557b0     libifcoremt:for_aio.obj
 0004:0000b7c0       lub_read.4313.0.1          004557c0     libifcoremt:for_preconnected_units_init.obj
 0004:0000b960       lub_accept.4313.0.1        00455960     libifcoremt:for_preconnected_units_init.obj
 0004:0000bb00       lub_print.4313.0.1         00455b00     libifcoremt:for_preconnected_units_init.obj
 0004:0000bca0       lub_type.4313.0.1          00455ca0     libifcoremt:for_preconnected_units_init.obj
 0004:0000be40       lub_stderr.4313.0.1        00455e40     libifcoremt:for_preconnected_units_init.obj
 0004:0000bfe0       lub_read_5.4313.0.1        00455fe0     libifcoremt:for_preconnected_units_init.obj
 0004:0000c180       lub_print_6.4313.0.1       00456180     libifcoremt:for_preconnected_units_init.obj
 0004:0000c320       _fix_the_rounding          00456320     libifcoremt:for_secnds.obj
 0004:0000c324       _for__protect_trace_ops    00456324     libifcoremt:tbk_traceback.obj
 0004:0000c328       for__posix_io_flag_sem.4436.0.5 00456328     libifcoremt:for_portlib.obj
 0004:0000c340       _get_msg_buf               00456340     libirc:irc_msg_support.obj
 0004:0000c540       _get_text_buf              00456540     libirc:irc_msg_support.obj
 0004:0000c740       _print_buf                 00456740     libirc:irc_msg_support.obj
 0004:0000c940       _message_catalog           00456940     libirc:irc_msg_support.obj
 0004:0000c960       pRtlCaptureContext.5466.0.1 00456960     libirc:tbk_backtrace.obj
 0004:0000c980       _error_msg                 00456980     libirc:tbk_backtrace.obj
 0004:0000ca00       ___libirc_cache_tbl        00456a00     libirc:fast_mem_ops.obj
 0004:0000ca40       ___libirc_tmp              00456a40     libirc:fast_mem_ops.obj
 0004:0000ca60       _has_cctor                 00456a60     MSVCRT:crtexe.obj
 0004:0000ca64       _mainret                   00456a64     MSVCRT:crtexe.obj
 0004:0000ca68       _managedapp                00456a68     MSVCRT:crtexe.obj
 0004:0000ca6c       _argc                      00456a6c     MSVCRT:crtexe.obj
 0004:0000ca70       _argv                      00456a70     MSVCRT:crtexe.obj
 0004:0000ca74       _envp                      00456a74     MSVCRT:crtexe.obj
 0004:0000ca78       _argret                    00456a78     MSVCRT:crtexe.obj
 0004:0000ca7c       _startinfo                 00456a7c     MSVCRT:crtexe.obj
 0004:0000ca90       _GS_ExceptionRecord        00456a90     MSVCRT:gs_report.obj
 0004:0000cae0       _GS_ContextRecord          00456ae0     MSVCRT:gs_report.obj
 0004:0000cdac       _DebuggerWasPresent        00456dac     MSVCRT:gs_report.obj
 0004:0000cdb4       _eptr                      00456db4     libifcoremt:for_main.obj
 0004:0000cdb8       _fpe_ieee_sts              00456db8     libifcoremt:for_main.obj
 0006:00000000       setPxDx                    00458000     libirc:fast_memset.obj
 0006:00000110       SSExDx                     00458110     libirc:fast_memset.obj
 0006:00000350       fwdPxDx                    00458350     libirc:fast_memcpy.obj
 0006:00000490       SSE_src                    00458490     libirc:fast_memcpy.obj
 0006:000004d0       Fix16EndTableb             004584d0     libirc:fast_memcpy.obj
 0006:00000500       Fix16EndTable              00458500     libirc:fast_memcpy.obj
 0006:00000530       sse2_align_tbl             00458530     libirc:fast_memcpy.obj
 0007:00000060       $R000000                   00459060     version_number.res
