 delpar

 Timestamp is 58734179 (Mon Jan 09 00:53:29 2017)

 Preferred load address is 00400000

 Start         Length     Name                   Class
 0001:00000000 0018fb60H .text                   CODE
 0001:0018fb60 0000b104H .text$mn                CODE
 0002:00000000 00000050H .text1                  CODE
 0003:00000000 000002f4H .idata$5                DATA
 0003:000002f4 00000004H .CRT$XCA                DATA
 0003:000002f8 00000004H .CRT$XCAA               DATA
 0003:000002fc 00000004H .CRT$XCF                DATA
 0003:00000300 00000004H .CRT$XCU                DATA
 0003:00000304 00000004H .CRT$XCZ                DATA
 0003:00000308 00000004H .CRT$XIA                DATA
 0003:0000030c 00000004H .CRT$XIAA               DATA
 0003:00000310 00000004H .CRT$XIC                DATA
 0003:00000314 00000004H .CRT$XIY                DATA
 0003:00000318 00000004H .CRT$XIZ                DATA
 0003:00000340 00049878H .rdata                  DATA
 0003:00049bc0 00000008H .rdata$sxdata           DATA
 0003:00049bc8 00000004H .rtc$IAA                DATA
 0003:00049bcc 00000004H .rtc$IZZ                DATA
 0003:00049bd0 00000004H .rtc$TAA                DATA
 0003:00049bd4 00000004H .rtc$TZZ                DATA
 0003:00049bd8 0000005cH .xdata$x                DATA
 0003:00049c34 00000000H .edata                  DATA
 0003:00049c34 00000050H .idata$2                DATA
 0003:00049c84 00000014H .idata$3                DATA
 0003:00049c98 000002f4H .idata$4                DATA
 0003:00049f8c 00000a2cH .idata$6                DATA
 0004:00000000 00018debH .data                   DATA
 0004:00018e00 01fc5e61H .bss                    DATA
 0005:00000000 00012170H .trace                  DATA
 0006:00000000 00000540H _RDATA                  DATA

  Address         Publics by Value              Rva+Base       Lib:Object

 0000:00000000       ___guard_fids_count        00000000     <absolute>
 0000:00000000       __except_list              00000000     <absolute>
 0000:00000000       ___guard_flags             00000000     <absolute>
 0000:00000000       ___guard_fids_table        00000000     <absolute>
 0000:00000002       ___safe_se_handler_count   00000002     <absolute>
 0000:00009876       __fltused                  00009876     <absolute>
 0000:00009876       __ldused                   00009876     <absolute>
 0000:00000000       ___ImageBase               00400000     <linker-defined>
 0001:00000000       _MAIN__                    00401000 f   main.obj
 0001:00000280       _DLMAIN                    00401280 f   part_kernel_f:dlmain.obj
 0001:000002b0       _DELPAR_MOD.               004012b0 f   part_kernel_f:delpar.obj
 0001:000002c0       _DELPAR_MOD_mp_DELPAR      004012c0 f   part_kernel_f:delpar.obj
 0001:000186e0       _PART01                    004196e0 f   part_kernel_f:part01.obj
 0001:00018ae0       _PLOTGRP                   00419ae0 f   part_kernel_f:plotgr.obj
 0001:00018e90       _PART08                    00419e90 f   part_kernel_f:part08.obj
 0001:0001a8b0       _PART06                    0041b8b0 f   part_kernel_f:part06.obj
 0001:0001aab0       _PART03                    0041bab0 f   part_kernel_f:part03.obj
 0001:0001b420       _PART15                    0041c420 f   part_kernel_f:part15.obj
 0001:0001bf80       _OILDSP_MOD.               0041cf80 f   part_kernel_f:oildsp.obj
 0001:0001bf90       _OILDSP_MOD_mp_OILDSP      0041cf90 f   part_kernel_f:oildsp.obj
 0001:00021f70       _PARTWQ_MOD.               00422f70 f   part_kernel_f:partwq.obj
 0001:00021f80       _PARTWQ_MOD_mp_PARTWQ      00422f80 f   part_kernel_f:partwq.obj
 0001:00025ca0       _PART09_MOD.               00426ca0 f   part_kernel_f:part09.obj
 0001:00025cb0       _PART09_MOD_mp_PART09      00426cb0 f   part_kernel_f:part09.obj
 0001:000269e0       _PART14_MOD.               004279e0 f   part_kernel_f:part14.obj
 0001:000269f0       _PART14_MOD_mp_PART14      004279f0 f   part_kernel_f:part14.obj
 0001:00027fd0       _PARTUR_MOD.               00428fd0 f   part_kernel_f:partur.obj
 0001:00027fe0       _PARTUR_MOD_mp_PARTUR      00428fe0 f   part_kernel_f:partur.obj
 0001:00028b10       _PART21_MOD.               00429b10 f   part_kernel_f:part21.obj
 0001:00028b20       _PART21_MOD_mp_PART21      00429b20 f   part_kernel_f:part21.obj
 0001:0002a400       _PARTVS                    0042b400 f   part_kernel_f:partvs.obj
 0001:0002b810       _PART17                    0042c810 f   part_kernel_f:part17.obj
 0001:0002bb00       _PART10_MOD.               0042cb00 f   part_kernel_f:part10.obj
 0001:0002bb10       _PART10_MOD_mp_PART10      0042cb10 f   part_kernel_f:part10.obj
 0001:0003d650       _PART10_MOD_mp_EQL         0043e650 f   part_kernel_f:part10.obj
 0001:0003d658       _PART10_MOD_mp_EQL.        0043e658 f   part_kernel_f:part10.obj
 0001:0003d6a0       _PART18_MOD.               0043e6a0 f   part_kernel_f:part18.obj
 0001:0003d6b0       _PART18_MOD_mp_PART18      0043e6b0 f   part_kernel_f:part18.obj
 0001:0003e3e0       _INIPART_ASC               0043f3e0 f   part_kernel_f:inipart_asc.obj
 0001:0003f4d0       _GET_VALID_LINE            004404d0 f   part_kernel_f:inipart.obj
 0001:0003f770       _INIPART                   00440770 f   part_kernel_f:inipart.obj
 0001:00040ab0       _DENSTY                    00441ab0 f   part_kernel_f:densty.obj
 0001:00040c70       _MUDREL_MOD.               00441c70 f   part_kernel_f:mudrel.obj
 0001:00040c80       _MUDREL_MOD_mp_MUDREL      00441c80 f   part_kernel_f:mudrel.obj
 0001:00044c70       _UMAGI                     00445c70 f   part_kernel_f:umagi.obj
 0001:00045520       _P10COR_MOD.               00446520 f   part_kernel_f:p10cor.obj
 0001:00045530       _P10COR_MOD_mp_P10COR      00446530 f   part_kernel_f:p10cor.obj
 0001:000459f0       _P10DDB                    004469f0 f   part_kernel_f:p10ddb.obj
 0001:00045c30       _PARTFL_MOD.               00446c30 f   part_kernel_f:partfl.obj
 0001:00045c40       _PARTFL_MOD_mp_PARTFL      00446c40 f   part_kernel_f:partfl.obj
 0001:000462a0       _DIFFUS                    004472a0 f   part_kernel_f:diffus.obj
 0001:00046480       _TIMERS.                   00447480 f   deltares_common:timers.obj
 0001:00046490       _TIMERS_mp_TIMINI          00447490 f   deltares_common:timers.obj
 0001:00046920       _TIMERS_mp_TIMSTRT         00447920 f   deltares_common:timers.obj
 0001:00046db0       _TIMERS_mp_TIMINC          00447db0 f   deltares_common:timers.obj
 0001:00049590       _TIMERS_mp_TIMFINALIZE     0044a590 f   deltares_common:timers.obj
 0001:000498b0       _TIMERS_mp_TIMLINE         0044a8b0 f   deltares_common:timers.obj
 0001:000498b4       _TIMERS_mp_TIMLINE.        0044a8b4 f   deltares_common:timers.obj
 0001:00049ce0       _TIMERS_mp_TIMDUMP         0044ace0 f   deltares_common:timers.obj
 0001:00049f20       _TIMERS_mp_TIMSTOP         0044af20 f   deltares_common:timers.obj
 0001:0004a180       _for_set_reentrancy        0044b180 f   libifcoremt:for_reentrancy.obj
 0001:0004a1a0       _for__reentrancy_cleanup   0044b1a0 f   libifcoremt:for_reentrancy.obj
 0001:0004a3c0       _for__destroy_threadstor   0044b3c0 f   libifcoremt:for_reentrancy.obj
 0001:0004a400       _for__destroy_threadstor_index 0044b400 f   libifcoremt:for_reentrancy.obj
 0001:0004a420       _for__access_threadstor_threads 0044b420 f   libifcoremt:for_reentrancy.obj
 0001:0004a630       _for__acquire_threadstor_threads 0044b630 f   libifcoremt:for_reentrancy.obj
 0001:0004a810       _for__disable_asynch_deliv_private 0044b810 f   libifcoremt:for_reentrancy.obj
 0001:0004a840       _for__enable_asynch_deliv_private 0044b840 f   libifcoremt:for_reentrancy.obj
 0001:0004a860       _for__acquire_semaphore_threaded 0044b860 f   libifcoremt:for_reentrancy.obj
 0001:0004a910       _for__reentrancy_init      0044b910 f   libifcoremt:for_reentrancy.obj
 0001:0004ab10       _for_iargc                 0044bb10 f   libifcoremt:for_getarg.obj
 0001:0004ab20       _for_getarg                0044bb20 f   libifcoremt:for_getarg.obj
 0001:0004ac00       _for_cpystr                0044bc00 f   libifcoremt:for_f90str.obj
 0001:0004ac90       _for_cpstr                 0044bc90 f   libifcoremt:for_f90str.obj
 0001:0004ae60       _for_concat                0044be60 f   libifcoremt:for_f90str.obj
 0001:0004b0b0       _for_inquire               0044c0b0 f   libifcoremt:for_inquire.obj
 0001:000526d0       _for_open                  004536d0 f   libifcoremt:for_open.obj
 0001:00053940       _for__update_reopen_keywords 00454940 f   libifcoremt:for_open.obj
 0001:00053948       _for__update_reopen_keywords. 00454948 f   libifcoremt:for_open.obj
 0001:00054a30       _for__set_foreign_bits     00455a30 f   libifcoremt:for_open.obj
 0001:00054a38       _for__set_foreign_bits.    00455a38 f   libifcoremt:for_open.obj
 0001:000558a0       _for__open_key             004568a0 f   libifcoremt:for_open.obj
 0001:00055ab0       _for__find_iomsg           00456ab0 f   libifcoremt:for_open.obj
 0001:00055b40       _for__set_terminator_option 00456b40 f   libifcoremt:for_open.obj
 0001:00055bb0       _for__is_special_device    00456bb0 f   libifcoremt:for_open.obj
 0001:00055cf0       _for__open_default         00456cf0 f   libifcoremt:for_open.obj
 0001:00056000       _for_read_seq_fmt          00457000 f   libifcoremt:for_rseq_fmt.obj
 0001:000579a0       _for_read_seq_fmt_xmit     004589a0 f   libifcoremt:for_rseq_fmt.obj
 0001:00059ed0       _for_close                 0045aed0 f   libifcoremt:for_close.obj
 0001:0005a3c0       _for__close_default        0045b3c0 f   libifcoremt:for_close.obj
 0001:0005a4e0       _for_len_trim              0045b4e0 f   libifcoremt:for_90_trim.obj
 0001:0005a500       _for_trim                  0045b500 f   libifcoremt:for_90_trim.obj
 0001:0005a560       _for_stop_core_impl        0045b560 f   libifcoremt:for_stop.obj
 0001:0005b070       _for_stop_core             0045c070 f   libifcoremt:for_stop.obj
 0001:0005b0c0       _for_write_seq_fmt         0045c0c0 f   libifcoremt:for_wseq_fmt.obj
 0001:0005cb50       _for_write_seq_fmt_xmit    0045db50 f   libifcoremt:for_wseq_fmt.obj
 0001:0005f650       _for_contig_array          00460650 f   libifcoremt:for_contig_array.obj
 0001:0005f6c0       _for_array_copy_in         004606c0 f   libifcoremt:for_contig_array.obj
 0001:000621c0       _for_array_copy_out        004631c0 f   libifcoremt:for_contig_array.obj
 0001:00064c60       _for_write_seq_lis         00465c60 f   libifcoremt:for_wseq_lis.obj
 0001:000664e0       _for_write_seq_lis_xmit    004674e0 f   libifcoremt:for_wseq_lis.obj
 0001:0006a750       _for_read_seq              0046b750 f   libifcoremt:for_rseq.obj
 0001:0006bde0       _for_read_seq_xmit         0046cde0 f   libifcoremt:for_rseq.obj
 0001:0006e590       _for_write_seq             0046f590 f   libifcoremt:for_wseq.obj
 0001:0006fa30       _for_write_seq_xmit        00470a30 f   libifcoremt:for_wseq.obj
 0001:000737c0       _for__finish_ufseq_write   004747c0 f   libifcoremt:for_wseq.obj
 0001:00073b50       _for_f90_index             00474b50 f   libifcoremt:for_90_index.obj
 0001:00073cd0       _for_write_int_fmt         00474cd0 f   libifcoremt:for_wint_fmt.obj
 0001:00074d20       _for_write_int_fmt_xmit    00475d20 f   libifcoremt:for_wint_fmt.obj
 0001:00077260       _for_read_seq_lis          00478260 f   libifcoremt:for_rseq_lis.obj
 0001:00078790       _for_read_seq_lis_xmit     00479790 f   libifcoremt:for_rseq_lis.obj
 0001:0007acb0       _for__swallow_imaginary_part 0047bcb0 f   libifcoremt:for_rseq_lis.obj
 0001:0007aeb0       _for__get_vm               0047beb0 f   libifcoremt:for_vm.obj
 0001:0007aef0       _for__realloc_vm           0047bef0 f   libifcoremt:for_vm.obj
 0001:0007af60       _for__free_vm              0047bf60 f   libifcoremt:for_vm.obj
 0001:0007af80       _for_allocate              0047bf80 f   libifcoremt:for_vm.obj
 0001:0007b090       _for_alloc_allocatable     0047c090 f   libifcoremt:for_vm.obj
 0001:0007b1b0       _for_deallocate            0047c1b0 f   libifcoremt:for_vm.obj
 0001:0007b260       _for_dealloc_allocatable   0047c260 f   libifcoremt:for_vm.obj
 0001:0007b370       _for_check_mult_overflow   0047c370 f   libifcoremt:for_vm.obj
 0001:0007b3f0       _for_since_epoch_t         0047c3f0 f   libifcoremt:for_secnds.obj
 0001:0007b460       _for_cpusec                0047c460 f   libifcoremt:for_secnds.obj
 0001:0007b540       _for_date_and_time         0047c540 f   libifcoremt:for_90_date.obj
 0001:0007ba70       _for_system_clock_count    0047ca70 f   libifcoremt:for_90_date.obj
 0001:0007bc00       _for_system_clock_rate     0047cc00 f   libifcoremt:for_90_date.obj
 0001:0007bc40       _for_exit                  0047cc40 f   libifcoremt:for_exit.obj
 0001:0007bc80       _for__acquire_lun          0047cc80 f   libifcoremt:for_lub_mgt.obj
 0001:0007cf50       _for__release_lun          0047df50 f   libifcoremt:for_lub_mgt.obj
 0001:0007d480       _for__create_lub           0047e480 f   libifcoremt:for_lub_mgt.obj
 0001:0007d570       _for__deallocate_lub       0047e570 f   libifcoremt:for_lub_mgt.obj
 0001:0007ea80       _for__get_next_lub         0047fa80 f   libifcoremt:for_lub_mgt.obj
 0001:0007f6a0       _for__get_free_newunit     004806a0 f   libifcoremt:for_lub_mgt.obj
 0001:0007fa20       _for__release_newunit      00480a20 f   libifcoremt:for_lub_mgt.obj
 0001:0007fa80       _for__add_to_lf_table      00480a80 f   libifcoremt:for_need_lf.obj
 0001:00080050       _for__rm_from_lf_table     00481050 f   libifcoremt:for_need_lf.obj
 0001:00080200       _free_for__l_excpt_info    00481200 f   libifcoremt:for_init.obj
 0001:00080530       _for_get_fpe_              00481530 f   libifcoremt:for_init.obj
 0001:00080600       _for_set_fpe_              00481600 f   libifcoremt:for_init.obj
 0001:000806e0       _for_rtl_finish_           004816e0 f   libifcoremt:for_init.obj
 0001:000807f0       _for__nt_signal_handler    004817f0 f   libifcoremt:for_init.obj
 0001:000816b0       _for_rtl_init_wrap_        004826b0 f   libifcoremt:for_init.obj
 0001:00081a40       _for_rtl_init_             00482a40 f   libifcoremt:for_init.obj
 0001:00081e30       _for__io_return            00482e30 f   libifcoremt:for_diags_intel.obj
 0001:00083240       _for__issue_diagnostic     00484240 f   libifcoremt:for_diags_intel.obj
 0001:00083f00       _for__this_image_number_or_zero 00484f00 f   libifcoremt:for_diags_intel.obj
 0001:00084190       _for__get_msg              00485190 f   libifcoremt:for_diags_intel.obj
 0001:000843c0       _for_msgbox                004853c0 f   libifcoremt:for_diags_intel.obj
 0001:00084850       _for__message_catalog_close 00485850 f   libifcoremt:for_diags_intel.obj
 0001:000851a0       _for__common_inquire       004861a0 f   libifcoremt:for_common_inquire.obj
 0001:00086460       _for__inquire_args         00487460 f   libifcoremt:for_common_inquire.obj
 0001:00086a90       _for__aio_destroy          00487a90 f   libifcoremt:for_aio.obj
 0001:00086ad0       _for__aio_acquire_lun_fname 00487ad0 f   libifcoremt:for_aio.obj
 0001:00086c20       _for__aio_release          00487c20 f   libifcoremt:for_aio.obj
 0001:00086d00       _for__aio_acquire_lun      00487d00 f   libifcoremt:for_aio.obj
 0001:00086d0c       _for__aio_acquire_lun.     00487d0c f   libifcoremt:for_aio.obj
 0001:00087370       _for__aio_release_lun      00488370 f   libifcoremt:for_aio.obj
 0001:00087378       _for__aio_release_lun.     00488378 f   libifcoremt:for_aio.obj
 0001:00087750       _for__aio_check_unit       00488750 f   libifcoremt:for_aio.obj
 0001:00087810       _for__aio_error_handling   00488810 f   libifcoremt:for_aio.obj
 0001:0008781c       _for__aio_error_handling.  0048881c f   libifcoremt:for_aio.obj
 0001:00087c50       _for__aio_init             00488c50 f   libifcoremt:for_aio.obj
 0001:00087cb0       _for__reopen_file          00488cb0 f   libifcoremt:for_nt_open_proc.obj
 0001:00088290       _for__compute_filename     00489290 f   libifcoremt:for_nt_open_proc.obj
 0001:0008829c       _for__compute_filename.    0048929c f   libifcoremt:for_nt_open_proc.obj
 0001:000896e0       _for__open_proc            0048a6e0 f   libifcoremt:for_nt_open_proc.obj
 0001:000896e8       _for__open_proc.           0048a6e8 f   libifcoremt:for_nt_open_proc.obj
 0001:0008ce30       _for__put_su               0048de30 f   libifcoremt:for_put.obj
 0001:0008d340       _for__write_output         0048e340 f   libifcoremt:for_put.obj
 0001:0008d34c       _for__write_output.        0048e34c f   libifcoremt:for_put.obj
 0001:0008d980       _for__put_sf               0048e980 f   libifcoremt:for_put.obj
 0001:0008ea50       _for__flush_readahead      0048fa50 f   libifcoremt:for_put.obj
 0001:0008eb50       _for__key_desc_ret_item    0048fb50 f   libifcoremt:for_desc_item.obj
 0001:0008eb90       _for__desc_test_item       0048fb90 f   libifcoremt:for_desc_item.obj
 0001:0008ec20       _for__desc_ret_item        0048fc20 f   libifcoremt:for_desc_item.obj
 0001:0008ec2c       _for__desc_ret_item.       0048fc2c f   libifcoremt:for_desc_item.obj
 0001:0008eec0       _for__desc_zero_length_item 0048fec0 f   libifcoremt:for_desc_item.obj
 0001:0008ef30       _for__format_compiler      0048ff30 f   libifcoremt:for_fmt_comp.obj
 0001:00091fb0       _for__get_s                00492fb0 f   libifcoremt:for_get.obj
 0001:000933f0       _for__read_input           004943f0 f   libifcoremt:for_get.obj
 0001:000933fc       _for__read_input.          004943fc f   libifcoremt:for_get.obj
 0001:000935e0       _for__get_su_fields        004945e0 f   libifcoremt:for_get.obj
 0001:00094560       _for__get_more_fields      00495560 f   libifcoremt:for_get.obj
 0001:00094820       _for__interp_fmt           00495820 f   libifcoremt:for_intrp_fmt.obj
 0001:00095430       _for__adjust_buffer        00496430 f   libifcoremt:for_io_util.obj
 0001:00095610       _for__lower_bound_index    00496610 f   libifcoremt:for_io_util.obj
 0001:0009561c       _for__lower_bound_index.   0049661c f   libifcoremt:for_io_util.obj
 0001:00095660       _for__cvt_foreign_read     00496660 f   libifcoremt:for_io_util.obj
 0001:000958d0       _for__cvt_foreign_write    004968d0 f   libifcoremt:for_io_util.obj
 0001:00095e00       _for__cvt_foreign_check    00496e00 f   libifcoremt:for_io_util.obj
 0001:00095e70       _for_check_env_name        00496e70 f   libifcoremt:for_io_util.obj
 0001:00095f10       _for__format_value         00496f10 f   libifcoremt:for_fmt_val.obj
 0001:00096ce0       _for__cvt_value            00497ce0 f   libifcoremt:for_fmt_val.obj
 0001:00097740       _for__close_proc           00498740 f   libifcoremt:for_close_proc.obj
 0001:00097ec0       _for__exit_handler         00498ec0 f   libifcoremt:for_exit_handler.obj
 0001:00098110       _for_index                 00499110 f   libifcoremt:for_index.obj
 0001:000981a0       _for_avallocate            004991a0 f   libifcoremt:for_avalloc.obj
 0001:00098480       _for_avdeallocate          00499480 f   libifcoremt:for_avalloc.obj
 0001:000984e0       __unit2handle              004994e0 f   libifcoremt:for_m_qwin.obj
 0001:000984e4       __unit2handle.             004994e4 f   libifcoremt:for_m_qwin.obj
 0001:000987c0       _GETHANDLEQQ               004997c0 f   libifcoremt:for_m_qwin.obj
 0001:000987f0       _GETUNITQQ                 004997f0 f   libifcoremt:for_m_qwin.obj
 0001:000988c0       _for__preconnected_units_create 004998c0 f   libifcoremt:for_preconnected_units_init.obj
 0001:00098aa0       _for__default_io_sizes_env_init 00499aa0 f   libifcoremt:for_default_io_sizes_env_init.obj
 0001:00099030       _tbk_stack_trace           0049a030 f   libifcoremt:tbk_traceback.obj
 0001:00099200       _cvt_text_to_integer       0049a200 f   libifcoremt:cvt_text_to_int.obj
 0001:00099560       _cvt_text_to_unsigned      0049a560 f   libifcoremt:cvt_text_to_int.obj
 0001:000997d0       _cvt_text_to_integer64     0049a7d0 f   libifcoremt:cvt_text_to_int.obj
 0001:00099b40       _cvt_text_to_unsigned64    0049ab40 f   libifcoremt:cvt_text_to_int.obj
 0001:00099dc0       _cvt_ieee_single_to_ibm_short 0049adc0 f   libifcoremt:cvt_ieee_single.obj
 0001:00099dcc       _cvt_ieee_single_to_ibm_short. 0049adcc f   libifcoremt:cvt_ieee_single.obj
 0001:0009a0f0       _cvt_ieee_single_to_vax_f  0049b0f0 f   libifcoremt:cvt_ieee_single.obj
 0001:0009a0fc       _cvt_ieee_single_to_vax_f. 0049b0fc f   libifcoremt:cvt_ieee_single.obj
 0001:0009a3a0       _cvt_ieee_double_to_cray   0049b3a0 f   libifcoremt:cvt_ieee_double.obj
 0001:0009a3ac       _cvt_ieee_double_to_cray.  0049b3ac f   libifcoremt:cvt_ieee_double.obj
 0001:0009a770       _cvt_ieee_double_to_ibm_long 0049b770 f   libifcoremt:cvt_ieee_double.obj
 0001:0009a77c       _cvt_ieee_double_to_ibm_long. 0049b77c f   libifcoremt:cvt_ieee_double.obj
 0001:0009abc0       _cvt_ieee_double_to_vax_d  0049bbc0 f   libifcoremt:cvt_ieee_double.obj
 0001:0009abcc       _cvt_ieee_double_to_vax_d. 0049bbcc f   libifcoremt:cvt_ieee_double.obj
 0001:0009af60       _cvt_ieee_double_to_vax_g  0049bf60 f   libifcoremt:cvt_ieee_double.obj
 0001:0009af6c       _cvt_ieee_double_to_vax_g. 0049bf6c f   libifcoremt:cvt_ieee_double.obj
 0001:0009b300       _cvt_vax_f_to_ieee_single  0049c300 f   libifcoremt:cvt_vax_f.obj
 0001:0009b30c       _cvt_vax_f_to_ieee_single. 0049c30c f   libifcoremt:cvt_vax_f.obj
 0001:0009b6b0       _cvt_ibm_short_to_ieee_single 0049c6b0 f   libifcoremt:cvt_ibm_short.obj
 0001:0009b6bc       _cvt_ibm_short_to_ieee_single. 0049c6bc f   libifcoremt:cvt_ibm_short.obj
 0001:0009ba80       _cvt_vax_g_to_ieee_double  0049ca80 f   libifcoremt:cvt_vax_g.obj
 0001:0009ba8c       _cvt_vax_g_to_ieee_double. 0049ca8c f   libifcoremt:cvt_vax_g.obj
 0001:0009bef0       _cvt_vax_d_to_ieee_double  0049cef0 f   libifcoremt:cvt_vax_d.obj
 0001:0009befc       _cvt_vax_d_to_ieee_double. 0049cefc f   libifcoremt:cvt_vax_d.obj
 0001:0009c360       _cvt_ibm_long_to_ieee_double 0049d360 f   libifcoremt:cvt_ibm_long.obj
 0001:0009c36c       _cvt_ibm_long_to_ieee_double. 0049d36c f   libifcoremt:cvt_ibm_long.obj
 0001:0009c7e0       _cvt_cray_to_ieee_double   0049d7e0 f   libifcoremt:cvt_cray.obj
 0001:0009c7ec       _cvt_cray_to_ieee_double.  0049d7ec f   libifcoremt:cvt_cray.obj
 0001:0009cc70       _cvt_data64_to_text        0049dc70 f   libifcoremt:cvt_data_to_text.obj
 0001:0009cc70       _cvt_data_to_text          0049dc70 f   libifcoremt:cvt_data_to_text.obj
 0001:0009d000       _cvt_integer_to_text       0049e000 f   libifcoremt:cvt_int_to_text.obj
 0001:0009d200       _cvt_unsigned_to_text      0049e200 f   libifcoremt:cvt_int_to_text.obj
 0001:0009d3c0       _cvt_integer64_to_text     0049e3c0 f   libifcoremt:cvt_int_to_text.obj
 0001:0009d610       _cvt_unsigned64_to_text    0049e610 f   libifcoremt:cvt_int_to_text.obj
 0001:0009d840       _cvt_boolean_to_text_ex    0049e840 f   libifcoremt:cvt_log_to_text.obj
 0001:0009dab0       _cvt_boolean64_to_text     0049eab0 f   libifcoremt:cvt_log_to_text.obj
 0001:0009dd10       _cvt_ieee_x_to_text_ex     0049ed10 f   libifcoremt:cvt_cvtas_x.obj
 0001:0009f000       _cvt_text_to_ieee_x_ex     004a0000 f   libifcoremt:cvt_cvtas_x.obj
 0001:0009f160       _cvt_ieee_t_to_text_ex     004a0160 f   libifcoremt:cvt_cvtas_t.obj
 0001:000a03f0       _cvt_text_to_ieee_t_ex     004a13f0 f   libifcoremt:cvt_cvtas_t.obj
 0001:000a0470       _cvt_ieee_s_to_text_ex     004a1470 f   libifcoremt:cvt_cvtas_s.obj
 0001:000a1550       _cvt_text_to_ieee_s_ex     004a2550 f   libifcoremt:cvt_cvtas_s.obj
 0001:000a15d0       _cvt_text_to_data          004a25d0 f   libifcoremt:cvt_text_to_data.obj
 0001:000a1840       _cvt_text_to_boolean       004a2840 f   libifcoremt:cvt_text_to_log.obj
 0001:000a1970       _cvt_text_to_boolean64     004a2970 f   libifcoremt:cvt_text_to_log.obj
 0001:000a1ae0       _cvtas_x_to_a              004a2ae0 f   libifcoremt:cvtas_x_to_a.obj
 0001:000a6a20       _cvtas_a_to_x              004a7a20 f   libifcoremt:cvtas_a_to_x.obj
 0001:000ab6b0       _cvtas_t_to_a              004ac6b0 f   libifcoremt:cvtas_t_to_a.obj
 0001:000b0100       _cvtas_a_to_t              004b1100 f   libifcoremt:cvtas_a_to_t.obj
 0001:000b2940       _cvtas_s_to_a              004b3940 f   libifcoremt:cvtas_s_to_a.obj
 0001:000b6ec0       _cvtas_a_to_s              004b7ec0 f   libifcoremt:cvtas_a_to_s.obj
 0001:000b83c0       _cvtas__nan_x              004b93c0 f   libifcoremt:cvtas_nan_x.obj
 0001:000b84e0       _cvtas__nan_t              004b94e0 f   libifcoremt:cvtas_nan_t.obj
 0001:000b85c0       _cvtas__nan_s              004b95c0 f   libifcoremt:cvtas_nan_s.obj
 0001:000b8670       ___libm_sse2_expf          004b9670 f   libmmt:expf_sse2.obj
 0001:000b8830       ___libm_sse2_atan2f        004b9830 f   libmmt:atan2f_sse2.obj
 0001:000b8d20       ___libm_sse2_powf          004b9d20 f   libmmt:powf_sse2.obj
 0001:000b9450       ___libm_sse2_logf          004ba450 f   libmmt:logf_sse2.obj
 0001:000b95a0       ___libm_sse2_cbrtf         004ba5a0 f   libmmt:cbrtf_sse2.obj
 0001:000b97f0       ___libm_sse2_sin           004ba7f0 f   libmmt:sin_sse2.obj
 0001:000b99d0       ___libm_sse2_exp2f         004ba9d0 f   libmmt:exp2f_sse2.obj
 0001:000b9b70       ___libm_sse2_sincosf       004bab70 f   libmmt:sincosf_sse2.obj
 0001:000b9d40       _fetestexcept.A            004bad40 f   libmmt:fetestexcept.obj
 0001:000b9da0       _fetestexcept.H            004bada0 f   libmmt:fetestexcept.obj
 0001:000b9dd0       _fetestexcept              004badd0 f   libmmt:fetestexcept.obj
 0001:000b9e10       ___libm_sincos_huge        004bae10 f   libmmt:libm_sincos_huge.obj
 0001:000ba2f0       ___libm_reduce_pi04l       004bb2f0 f   libmmt:libm_reduce_pi04l.obj
 0001:000ba690       ___intel_new_feature_proc_init 004bb690 f   libirc:new_proc_init.obj
 0001:000baa00       __intel_fast_memcpy.A      004bba00 f   libirc:fastmemcpy.obj
 0001:000baa10       __intel_fast_memcpy.H      004bba10 f   libirc:fastmemcpy.obj
 0001:000baa20       __intel_fast_memcpy        004bba20 f   libirc:fastmemcpy.obj
 0001:000baa60       __intel_fast_memset.A      004bba60 f   libirc:fastmemset.obj
 0001:000baa70       __intel_fast_memset.H      004bba70 f   libirc:fastmemset.obj
 0001:000baa80       __intel_fast_memset        004bba80 f   libirc:fastmemset.obj
 0001:000baac0       __intel_fast_memcmp        004bbac0 f   libirc:ia32_memcmp.obj
 0001:000bab90       ___qtoj                    004bbb90 f   libirc:q2ints.obj
 0001:000bae50       ___qtok                    004bbe50 f   libirc:q2ints.obj
 0001:000bb030       ___intel_f2int             004bc030 f   libirc:intel_f2int.obj
 0001:000bb090       ___intel_cpu_features_init_x 004bc090 f   libirc:cpu_feature_disp.obj
 0001:000bb0b0       ___intel_cpu_features_init 004bc0b0 f   libirc:cpu_feature_disp.obj
 0001:000bb4a0       _tbk_string_stack_signal_impl 004bc4a0 f   libirc:tbk_display.obj
 0001:000bb4ac       _tbk_string_stack_signal_impl. 004bc4ac f   libirc:tbk_display.obj
 0001:000bbd30       ___libirc_get_msg          004bcd30 f   libirc:irc_msg_support.obj
 0001:000bbe70       ___libirc_print            004bce70 f   libirc:irc_msg_support.obj
 0001:000bbfd0       ___intel_proc_init_ftzdazule 004bcfd0 f   libirc:proc_init_utils.obj
 0001:000bc090       ___intel_new_memcpy        004bd090 f   libirc:fast_memcpy.obj
 0001:000bc09c       ___intel_memcpy            004bd09c f   libirc:fast_memcpy.obj
 0001:000bcc70       ___intel_new_memset        004bdc70 f   libirc:fast_memset.obj
 0001:000bcc7d       ___intel_memset            004bdc7d f   libirc:fast_memset.obj
 0001:000bd340       ___intel_cpu_indicator_init 004be340 f   libirc:cpu_disp.obj
 0001:000bd5e0       _tbk_getPC                 004be5e0 f   libirc:tbk_backtrace.obj
 0001:000bd5f0       _tbk_getModuleName         004be5f0 f   libirc:tbk_backtrace.obj
 0001:000bd690       _tbk_get_pc_info           004be690 f   libirc:tbk_backtrace.obj
 0001:000bde30       _tbk_trace_stack_impl      004bee30 f   libirc:tbk_backtrace.obj
 0001:000bed50       ___svml_atan2              004bfd50 f   svml_dispmt:svml_d_atan2_iface_la.obj
 0001:000bed90       ___svml_atan2_mask         004bfd90 f   svml_dispmt:svml_d_atan2_maskiface_la.obj
 0001:000bedd0       ___svml_roundf4            004bfdd0 f   svml_dispmt:svml_s_roundf4_iface_la.obj
 0001:000bee10       ___svml_feature_flag_init  004bfe10 f   svml_dispmt:svml_d_feature_flag_.obj
 0001:000bf0f0       ___svml_atan2_w7           004c00f0 f   svml_dispmt:svml_d_atan2_core_w7la.obj
 0001:000bf290       ___svml_atan2_t7           004c0290 f   svml_dispmt:svml_d_atan2_core_t7la.obj
 0001:000bf420       ___svml_atan2_n9           004c0420 f   svml_dispmt:svml_d_atan2_core_n9la.obj
 0001:000bf5b0       ___svml_atan2_mask_w7      004c05b0 f   svml_dispmt:svml_d_atan2_maskcore_w7la.obj
 0001:000bf5d0       ___svml_atan2_mask_n9      004c05d0 f   svml_dispmt:svml_d_atan2_maskcore_n9la.obj
 0001:000bf5f0       ___svml_roundf4_a6         004c05f0 f   svml_dispmt:svml_s_roundf4_core_a6la.obj
 0001:000bf660       ___svml_roundf4_w7         004c0660 f   svml_dispmt:svml_s_roundf4_core_w7la.obj
 0001:000bf6c0       ___svml_roundf4_p8         004c06c0 f   svml_dispmt:svml_s_roundf4_core_p8la.obj
 0001:000bf700       ___svml_roundf4_n9         004c0700 f   svml_dispmt:svml_s_roundf4_core_n9la.obj
 0001:000bf770       _PARTMEM.                  004c0770 f   part_data_f:partmem.obj
 0001:000bf780       _GLOBAL_POINTERS.          004c0780 f   part_data_f:global_data.obj
 0001:000bf790       _SPEC_FEAT_PAR.            004c0790 f   part_data_f:global_data.obj
 0001:000bf7a0       _FILEINFO.                 004c07a0 f   part_data_f:file_info.obj
 0001:000bf7b0       _ALLOC_MOD.                004c07b0 f   part_data_f:alloc.obj
 0001:000bf7c0       _ALLOC_MOD_mp_ALLOC_INT_1D 004c07c0 f   part_data_f:alloc.obj
 0001:000bfe00       _ALLOC_MOD_mp_ALLOC_INT_2D 004c0e00 f   part_data_f:alloc.obj
 0001:000c08a0       _ALLOC_MOD_mp_ALLOC_INT_3D 004c18a0 f   part_data_f:alloc.obj
 0001:000c0b00       _ALLOC_MOD_mp_ALLOC_INT_4D 004c1b00 f   part_data_f:alloc.obj
 0001:000c0e00       _ALLOC_MOD_mp_ALLOC_REAL_1D 004c1e00 f   part_data_f:alloc.obj
 0001:000c1440       _ALLOC_MOD_mp_ALLOC_DOUBLE_1D 004c2440 f   part_data_f:alloc.obj
 0001:000c15f0       _ALLOC_MOD_mp_ALLOC_REAL_2D 004c25f0 f   part_data_f:alloc.obj
 0001:000c2080       _ALLOC_MOD_mp_ALLOC_REAL_3D 004c3080 f   part_data_f:alloc.obj
 0001:000c2e10       _ALLOC_MOD_mp_ALLOC_REAL_4D 004c3e10 f   part_data_f:alloc.obj
 0001:000c30b0       _ALLOC_MOD_mp_ALLOC_CHAR_1D 004c40b0 f   part_data_f:alloc.obj
 0001:000c3270       _ALLOC_MOD_mp_ALLOC_CHAR_2D 004c4270 f   part_data_f:alloc.obj
 0001:000c3510       _ALLOC_MOD_mp_ALLOC_ERROR  004c4510 f   part_data_f:alloc.obj
 0001:000c3700       _ALLOC_MOD_mp_EXIT_ALLOC   004c4700 f   part_data_f:alloc.obj
 0001:000c3880       _ALLOC_MOD_mp_INIT_ALLOC   004c4880 f   part_data_f:alloc.obj
 0001:000c3950       _NORMAL_MOD.               004c4950 f   part_utils_f:normal_mod.obj
 0001:000c3960       _NORMAL_MOD_mp_NORMAL      004c4960 f   part_utils_f:normal_mod.obj
 0001:000c3ba0       _NORMAL_MOD_mp_NORM_INIT   004c4ba0 f   part_utils_f:normal_mod.obj
 0001:000c3de0       _STOP_EXIT_MOD_mp_STOP_EXIT 004c4de0 f   part_utils_f:stop_exit.obj
 0001:000c3e50       _STOP_EXIT_MOD.            004c4e50 f   part_utils_f:stop_exit.obj
 0001:000c3e60       _PART11                    004c4e60 f   part_utils_f:part11.obj
 0001:000c4180       _GRID_SEARCH_MOD.          004c5180 f   part_utils_f:grid_search.obj
 0001:000c4190       _GRID_SEARCH_MOD_mp_FIND   004c5190 f   part_utils_f:grid_search.obj
 0001:000c4680       _GRID_SEARCH_MOD_mp_PART07 004c5680 f   part_utils_f:grid_search.obj
 0001:000c4a50       _GRID_SEARCH_MOD_mp_FINDCELL 004c5a50 f   part_utils_f:grid_search.obj
 0001:000c4a5c       _GRID_SEARCH_MOD_mp_FINDCELL. 004c5a5c f   part_utils_f:grid_search.obj
 0001:000c4f40       _GRID_SEARCH_MOD_mp_PART07NM 004c5f40 f   part_utils_f:grid_search.obj
 0001:000c52e0       _GRID_SEARCH_MOD_mp_INTL2V 004c62e0 f   part_utils_f:grid_search.obj
 0001:000c5850       _GRID_SEARCH_MOD_mp_BILIN5 004c6850 f   part_utils_f:grid_search.obj
 0001:000c5b30       _SRSTOP                    004c6b30 f   part_utils_f:SRSTOP.obj
 0001:000c5d50       _PINPOK_MOD.               004c6d50 f   part_utils_f:pinpok.obj
 0001:000c5d60       _PINPOK_MOD_mp_PINPOK      004c6d60 f   part_utils_f:pinpok.obj
 0001:000c60f0       _RND                       004c70f0 f   part_utils_f:random_gen.obj
 0001:000c6140       _PART11SP                  004c7140 f   part_utils_f:part11sp.obj
 0001:000c6300       _BOOMBOUNCE                004c7300 f   part_utils_f:boombounce.obj
 0001:000c6b90       _WAIT_MOD.                 004c7b90 f   part_utils_f:wait.obj
 0001:000c6ba0       _WAIT_MOD_mp_WAIT          004c7ba0 f   part_utils_f:wait.obj
 0001:000c6c60       _GET_KEY_MOD.              004c7c60 f   part_utils_f:get_key.obj
 0001:000c6c70       _GET_KEY_MOD_mp_GET_INT_KEY 004c7c70 f   part_utils_f:get_key.obj
 0001:000c70c0       _GET_KEY_MOD_mp_GET_REAL_KEY 004c80c0 f   part_utils_f:get_key.obj
 0001:000c74f0       _GET_KEY_MOD_mp_GET_STRING_KEY 004c84f0 f   part_utils_f:get_key.obj
 0001:000c77b0       _GET_INDEX                 004c87b0 f   part_utils_f:get_index.obj
 0001:000c78e0       _SKIP_COMMENT_LINES        004c88e0 f   part_utils_f:skip_comments.obj
 0001:000c79d0       _ERROR                     004c89d0 f   part_utils_f:show_error.obj
 0001:000c7a90       _LOWER_CASE                004c8a90 f   part_utils_f:lower_case.obj
 0001:000c7e70       _FILTYP_MOD.               004c8e70 f   part_io_f:filtyp.obj
 0001:000c7e80       _FILTYP_MOD_mp_FILTYP      004c8e80 f   part_io_f:filtyp.obj
 0001:000c7fe0       _RDFNAM                    004c8fe0 f   part_io_f:rdfnam.obj
 0001:000c95f0       _REPORT_DATE_TIME          004ca5f0 f   part_io_f:report_date_time.obj
 0001:000c9800       _RDLGRI                    004ca800 f   part_io_f:rdlgri.obj
 0001:000ce600       _RDCCOL                    004cf600 f   part_io_f:rdccol.obj
 0001:000cede0       _RDHYDR_MOD.               004cfde0 f   part_io_f:rdhydr.obj
 0001:000cedf0       _RDHYDR_MOD_mp_RDHYDR      004cfdf0 f   part_io_f:rdhydr.obj
 0001:000d09b0       _MORE_DATA                 004d19b0 f   part_io_f:rdpart.obj
 0001:000d0aa0       _GETDIM_INI                004d1aa0 f   part_io_f:rdpart.obj
 0001:000d1410       _GETDIM_ASC                004d2410 f   part_io_f:rdpart.obj
 0001:000d1880       _OPEN_INIFILE              004d2880 f   part_io_f:rdpart.obj
 0001:000d1af0       _RDPART                    004d2af0 f   part_io_f:rdpart.obj
 0001:000e8620       _GETDIM_DIS                004e9620 f   part_io_f:rdpart.obj
 0001:000e862c       _GETDIM_DIS.               004e962c f   part_io_f:rdpart.obj
 0001:000e89b0       _GETDPS                    004e99b0 f   part_io_f:getdps.obj
 0001:000e8f00       _WRTTRK                    004e9f00 f   part_io_f:wrttrk.obj
 0001:000e9500       _OPENFL_MOD.               004ea500 f   part_io_f:openfl.obj
 0001:000e9510       _OPENFL_MOD_mp_OPENFL      004ea510 f   part_io_f:openfl.obj
 0001:000e9e50       _PART12_MOD.               004eae50 f   part_io_f:part12.obj
 0001:000e9e60       _PART12_MOD_mp_PART12      004eae60 f   part_io_f:part12.obj
 0001:000ee270       _PART13_MOD.               004ef270 f   part_io_f:part13.obj
 0001:000ee280       _PART13_MOD_mp_PART13      004ef280 f   part_io_f:part13.obj
 0001:000f3da0       _PARTHS_MOD.               004f4da0 f   part_io_f:parths.obj
 0001:000f3db0       _PARTHS_MOD_mp_PARTHS      004f4db0 f   part_io_f:parths.obj
 0001:000f7d00       _WRITRK_MOD.               004f8d00 f   part_io_f:writrk.obj
 0001:000f7d10       _WRITRK_MOD_mp_WRITRK      004f8d10 f   part_io_f:writrk.obj
 0001:000fa490       _DELETE_FILE_MOD.          004fb490 f   part_io_f:delete_file.obj
 0001:000fa4a0       _DELETE_FILE_MOD_mp_DELETE_FILE 004fb4a0 f   part_io_f:delete_file.obj
 0001:000fa640       _M_ITDATE.                 004fb640 f   part_io_f:meteo1.obj
 0001:000fa650       _TIMESPACE_READ.           004fb650 f   part_io_f:meteo1.obj
 0001:000fa660       _TIMESPACE_READ_mp_READWINDSERIESFILES 004fb660 f   part_io_f:meteo1.obj
 0001:000fa680       _TIMESPACE_READ_mp_READGRID 004fb680 f   part_io_f:meteo1.obj
 0001:000faf80       _TIMESPACE_READ_mp_READARCINFOBLOCK 004fbf80 f   part_io_f:meteo1.obj
 0001:000fb690       _TIMESPACE_READ_mp_REACURTIM 004fc690 f   part_io_f:meteo1.obj
 0001:000fbe40       _TIMESPACE_READ_mp_READCURVIBLOCK 004fce40 f   part_io_f:meteo1.obj
 0001:000fc650       _TIMESPACE_READ_mp_READSERIES 004fd650 f   part_io_f:meteo1.obj
 0001:000fc860       _TIMESPACE_READ_mp_REASPV  004fd860 f   part_io_f:meteo1.obj
 0001:000fcd60       _TIMESPACE_READ_mp_REASPWTIM 004fdd60 f   part_io_f:meteo1.obj
 0001:000fdce0       _TIMESPACE_READ_mp_REASPWHEADER 004fece0 f   part_io_f:meteo1.obj
 0001:000fdfc0       _TIMESPACE_READ_mp_READCURVIHEADER 004fefc0 f   part_io_f:meteo1.obj
 0001:000fe5f0       _TIMESPACE_READ_mp_NUMBERSONLINE 004ff5f0 f   part_io_f:meteo1.obj
 0001:000fe680       _TIMESPACE_DATA.           004ff680 f   part_io_f:meteo1.obj
 0001:000fe690       _TIMESPACE_DATA_mp_DESTROYELEMENTSETS 004ff690 f   part_io_f:meteo1.obj
 0001:000fe850       _TIMESPACE_DATA_mp_INCREASEELSETSSIZE 004ff850 f   part_io_f:meteo1.obj
 0001:000fedd0       _TIMESPACE_DATA_mp_COPYELEMENTSETS 004ffdd0 f   part_io_f:meteo1.obj
 0001:000feddc       _TIMESPACE_DATA_mp_COPYELEMENTSETS. 004ffddc f   part_io_f:meteo1.obj
 0001:000fffa0       _TIMESPACE_DATA_mp_COPYQUANTITIES 00500fa0 f   part_io_f:meteo1.obj
 0001:00100060       _TIMESPACE_DATA_mp_DESTROYFIELD 00501060 f   part_io_f:meteo1.obj
 0001:001000c0       _TIMESPACE_DATA_mp_CONNECTSINGLESTATIONFILE 005010c0 f   part_io_f:meteo1.obj
 0001:001002d0       _TIMESPACE_DATA_mp_ADDINDEXWEIGHTS 005012d0 f   part_io_f:meteo1.obj
 0001:00100490       _TIMESPACE_DATA_mp_READ1PLIZ 00501490 f   part_io_f:meteo1.obj
 0001:00100700       _TIMESPACE_DATA_mp_SETTIMESPACEREFDAT 00501700 f   part_io_f:meteo1.obj
 0001:00100830       _TIMESPACE_DATA_mp_ASC     00501830 f   part_io_f:meteo1.obj
 0001:00100b80       _TIMESPACE_DATA_mp_HULPGR  00501b80 f   part_io_f:meteo1.obj
 0001:00100b8c       _TIMESPACE_DATA_mp_HULPGR. 00501b8c f   part_io_f:meteo1.obj
 0001:001016d0       _TIMESPACE_DATA_mp_DATUMI  005026d0 f   part_io_f:meteo1.obj
 0001:00101880       _TIMESPACE_DATA_mp_CMPNUM  00502880 f   part_io_f:meteo1.obj
 0001:00102880       _TIMESPACE_DATA_mp_BEWVUF  00503880 f   part_io_f:meteo1.obj
 0001:00102d00       _TIMESPACE_DATA_mp_METEO_TIDEPOTENTIAL 00503d00 f   part_io_f:meteo1.obj
 0001:00103950       _TIMESPACE_DATA_mp_TFORCE  00504950 f   part_io_f:meteo1.obj
 0001:0010395c       _TIMESPACE_DATA_mp_TFORCE. 0050495c f   part_io_f:meteo1.obj
 0001:00105fe0       _TIMESPACE_DATA_mp_INIHARMONICS 00506fe0 f   part_io_f:meteo1.obj
 0001:00105fe8       _TIMESPACE_DATA_mp_INIHARMONICS. 00506fe8 f   part_io_f:meteo1.obj
 0001:0010cdb0       _TIMESPACE_DATA_mp_ASTROL  0050ddb0 f   part_io_f:meteo1.obj
 0001:0010cfc0       _TIMESPACE_DATA_mp_LEGPOL1 0050dfc0 f   part_io_f:meteo1.obj
 0001:0010d160       _M_ARCUV.                  0050e160 f   part_io_f:meteo1.obj
 0001:0010d170       _TIMESPACE_TRIANGLE.       0050e170 f   part_io_f:meteo1.obj
 0001:0010d180       _TIMESPACE_TRIANGLE_mp_PINPOK 0050e180 f   part_io_f:meteo1.obj
 0001:0010d3e0       _TIMESPACE_TRIANGLE_mp_TRIINT_Z2D 0050e3e0 f   part_io_f:meteo1.obj
 0001:0010dab0       _TIMESPACE_TRIANGLE_mp_TRIINT_Z1D 0050eab0 f   part_io_f:meteo1.obj
 0001:0010dabc       _TIMESPACE_TRIANGLE_mp_TRIINT_Z1D. 0050eabc f   part_io_f:meteo1.obj
 0001:00110310       _TIMESPACE_TRIANGLE_mp_DLAUNY 00511310 f   part_io_f:meteo1.obj
 0001:001112b0       _TIMESPACE_TRIANGLE_mp_FINDTRI_INDICES_WEIGHTS 005122b0 f   part_io_f:meteo1.obj
 0001:00111890       _TIMESPACE_TRIANGLE_mp_LINWEIGHT 00512890 f   part_io_f:meteo1.obj
 0001:00111980       _TIMESPACE_TRIANGLE_mp_LINEAR 00512980 f   part_io_f:meteo1.obj
 0001:00111b30       _TIMESPACE_TRIANGLE_mp_MINMAX_H 00512b30 f   part_io_f:meteo1.obj
 0001:00111ca0       _TIMESPACE_TRIANGLE_mp_GET_EXTEND2D 00512ca0 f   part_io_f:meteo1.obj
 0001:001135b0       _TIMESPACE_TRIANGLE_mp_GET_EXTEND1D 005145b0 f   part_io_f:meteo1.obj
 0001:00113770       _TIMESPACE_TRIANGLE_mp_FIND_NEAREST2D 00514770 f   part_io_f:meteo1.obj
 0001:00114c30       _TIMESPACE_TRIANGLE_mp_FIND_NEAREST2D_MISSING_VALUE 00515c30 f   part_io_f:meteo1.obj
 0001:00116b70       _TIMESPACE_TRIANGLE_mp_FIND_NEAREST1D 00517b70 f   part_io_f:meteo1.obj
 0001:00116cd0       _TIMESPACE_TRIANGLE_mp_FIND_NEAREST1D_MISSING_VALUE 00517cd0 f   part_io_f:meteo1.obj
 0001:00116e90       _TIMESPACE_TRIANGLE_mp_POLYINDEXWEIGHT 00517e90 f   part_io_f:meteo1.obj
 0001:00116fc0       _TIMESPACE_TRIANGLE_mp_LINEDISQ 00517fc0 f   part_io_f:meteo1.obj
 0001:00117100       _TIMESPACE.                00518100 f   part_io_f:meteo1.obj
 0001:00117110       _TIMESPACE_mp_ADDTIMESPACERELATION 00518110 f   part_io_f:meteo1.obj
 0001:00117750       _TIMESPACE_DATA_mp_ADDPROVIDER 00518750 f   part_io_f:meteo1.obj
 0001:0011775c       _TIMESPACE_DATA_mp_ADDPROVIDER. 0051875c f   part_io_f:meteo1.obj
 0001:0011a950       _TIMESPACE_DATA_mp_READPROVIDER 0051b950 f   part_io_f:meteo1.obj
 0001:0011a95c       _TIMESPACE_DATA_mp_READPROVIDER. 0051b95c f   part_io_f:meteo1.obj
 0001:0011b110       _TIMESPACE_DATA_mp_ADDDATAPROVIDER 0051c110 f   part_io_f:meteo1.obj
 0001:0011b11c       _TIMESPACE_DATA_mp_ADDDATAPROVIDER. 0051c11c f   part_io_f:meteo1.obj
 0001:0011cfd0       _TIMESPACE_DATA_mp_ADDELEMENTSET 0051dfd0 f   part_io_f:meteo1.obj
 0001:0011cfdc       _TIMESPACE_DATA_mp_ADDELEMENTSET. 0051dfdc f   part_io_f:meteo1.obj
 0001:0011e000       _TIMESPACE_DATA_mp_ADDFIELD 0051f000 f   part_io_f:meteo1.obj
 0001:0011e00c       _TIMESPACE_DATA_mp_ADDFIELD. 0051f00c f   part_io_f:meteo1.obj
 0001:0011e360       _TIMESPACE_DATA_mp_READFOURIERDIMS 0051f360 f   part_io_f:meteo1.obj
 0001:0011e36c       _TIMESPACE_DATA_mp_READFOURIERDIMS. 0051f36c f   part_io_f:meteo1.obj
 0001:0011e580       _TIMESPACE_READ_mp_READARCINFOHEADER 0051f580 f   part_io_f:meteo1.obj
 0001:0011e58c       _TIMESPACE_READ_mp_READARCINFOHEADER. 0051f58c f   part_io_f:meteo1.obj
 0001:0011f4d0       _TIMESPACE_READ_mp_READARCINFOHEADER_D3D 005204d0 f   part_io_f:meteo1.obj
 0001:0011f4dc       _TIMESPACE_READ_mp_READARCINFOHEADER_D3D. 005204dc f   part_io_f:meteo1.obj
 0001:00120f40       _TIMESPACE_DATA_mp_READ1POLYLIN 00521f40 f   part_io_f:meteo1.obj
 0001:00120f4c       _TIMESPACE_DATA_mp_READ1POLYLIN. 00521f4c f   part_io_f:meteo1.obj
 0001:00121180       _TIMESPACE_DATA_mp_ADDQUANTITY 00522180 f   part_io_f:meteo1.obj
 0001:0012118c       _TIMESPACE_DATA_mp_ADDQUANTITY. 0052218c f   part_io_f:meteo1.obj
 0001:00121990       _TIMESPACE_mp_SELECTELSET  00522990 f   part_io_f:meteo1.obj
 0001:001221e0       _TIMESPACE_mp_SELECTELSET_INTERNAL_LINKS 005231e0 f   part_io_f:meteo1.obj
 0001:001224c0       _TIMESPACE_mp_GETTIMESPACEVALUE 005234c0 f   part_io_f:meteo1.obj
 0001:00124cb0       _TIMESPACE_mp_UPDATETIMESPACEPROVIDERS 00525cb0 f   part_io_f:meteo1.obj
 0001:00124cbc       _TIMESPACE_mp_UPDATETIMESPACEPROVIDERS. 00525cbc f   part_io_f:meteo1.obj
 0001:00125130       _TIMESPACE_mp_UPDATEPROVIDER 00526130 f   part_io_f:meteo1.obj
 0001:0012513c       _TIMESPACE_mp_UPDATEPROVIDER. 0052613c f   part_io_f:meteo1.obj
 0001:00130890       _TIMESPACE_TRIANGLE_mp_TRIINT_Z3D 00531890 f   part_io_f:meteo1.obj
 0001:0013089c       _TIMESPACE_TRIANGLE_mp_TRIINT_Z3D. 0053189c f   part_io_f:meteo1.obj
 0001:00131130       _TIMESPACE_mp_MAGDIR2UV    00532130 f   part_io_f:meteo1.obj
 0001:0013113c       _TIMESPACE_mp_MAGDIR2UV.   0053213c f   part_io_f:meteo1.obj
 0001:00131210       _TIMESPACE_TRIANGLE_mp_POLYINT 00532210 f   part_io_f:meteo1.obj
 0001:0013121c       _TIMESPACE_TRIANGLE_mp_POLYINT. 0053221c f   part_io_f:meteo1.obj
 0001:00131c50       _TIMESPACE_DATA_mp_READFOURIERCOMPSTIM 00532c50 f   part_io_f:meteo1.obj
 0001:00131c5c       _TIMESPACE_DATA_mp_READFOURIERCOMPSTIM. 00532c5c f   part_io_f:meteo1.obj
 0001:00133880       _TIMESPACE_DATA_mp_KOMPBS  00534880 f   part_io_f:meteo1.obj
 0001:00133888       _TIMESPACE_DATA_mp_KOMPBS. 00534888 f   part_io_f:meteo1.obj
 0001:00136db0       _TIMESPACE_READ_mp_REAARCTIM 00537db0 f   part_io_f:meteo1.obj
 0001:00136dbc       _TIMESPACE_READ_mp_REAARCTIM. 00537dbc f   part_io_f:meteo1.obj
 0001:00137570       _TIMESPACE_mp_ALLOCSUBDOMS 00538570 f   part_io_f:meteo1.obj
 0001:00137720       _TIMESPACE_mp_DEALLOCSUBDOMS 00538720 f   part_io_f:meteo1.obj
 0001:00137860       _TIMESPACE_mp_OPERATE      00538860 f   part_io_f:meteo1.obj
 0001:001378a0       _TIMESPACE_mp_REGULATE     005388a0 f   part_io_f:meteo1.obj
 0001:00137b30       _TIMESPACE_mp_REGDIR       00538b30 f   part_io_f:meteo1.obj
 0001:00137b90       _TIMESPACE_mp_BILIN5       00538b90 f   part_io_f:meteo1.obj
 0001:00137e40       _TIMESPACE_mp_DISTANCE2    00538e40 f   part_io_f:meteo1.obj
 0001:00137f60       _TIMESPACE_TRIANGLE_mp_EXTRAPOLATE 00538f60 f   part_io_f:meteo1.obj
 0001:00138140       _TIMESPACE_DATA_mp_GETMETEOERROR 00539140 f   part_io_f:meteo1.obj
 0001:00138150       _TIMESPACE_DATA_mp_TIMESPACEINITIALFIELD_INT 00539150 f   part_io_f:meteo1.obj
 0001:001383c0       _TIMESPACE_DATA_mp_TIMESPACEINITIALFIELD 005393c0 f   part_io_f:meteo1.obj
 0001:00138700       _GENFIL_MOD.               00539700 f   part_io_f:genfil.obj
 0001:00138710       _GENFIL_MOD_mp_GENFIL      00539710 f   part_io_f:genfil.obj
 0001:001388a0       _RDHYD_MOD.                005398a0 f   part_io_f:rdhyd.obj
 0001:001388b0       _RDHYD                     005398b0 f   part_io_f:rdhyd.obj
 0001:0013b5a0       _DD_PREPARE_MOD.           0053c5a0 f   part_io_f:dd_prepare.obj
 0001:0013b5b0       _DD_PREPARE                0053c5b0 f   part_io_f:dd_prepare.obj
 0001:0013c290       _DLWQTD                    0053d290 f   part_io_f:dlwqtd.obj
 0001:0013cec0       _DLWQFL                    0053dec0 f   part_io_f:dlwqfl.obj
 0001:0013d9e0       _DLWQBL                    0053e9e0 f   part_io_f:dlwqbl.obj
 0001:0013e5d0       _RDWND                     0053f5d0 f   part_io_f:rdwnd.obj
 0001:0013f300       _FILLDM_MOD.               00540300 f   part_io_f:filldm.obj
 0001:0013f310       _FILLDM_MOD_mp_FILLDM      00540310 f   part_io_f:filldm.obj
 0001:0013f410       _PUTGET_MOD.               00540410 f   part_io_f:putget.obj
 0001:0013f420       _PUTGET_MOD_mp_PUTGET_INT  00540420 f   part_io_f:putget.obj
 0001:0013ff70       _PUTGET_MOD_mp_PUTGET_INT1D 00540f70 f   part_io_f:putget.obj
 0001:00141320       _PUTGET_MOD_mp_PUTGET_INT2D 00542320 f   part_io_f:putget.obj
 0001:00142160       _PUTGET_MOD_mp_PUTGET_REAL 00543160 f   part_io_f:putget.obj
 0001:00142cb0       _PUTGET_MOD_mp_PUTGET_REAL1D 00543cb0 f   part_io_f:putget.obj
 0001:00144050       _PUTGET_MOD_mp_PUTGET_REAL2D 00545050 f   part_io_f:putget.obj
 0001:00144e90       _PUTGET_MOD_mp_PUTGET_CHAR 00545e90 f   part_io_f:putget.obj
 0001:001459b0       _PUTGET_MOD_mp_PUTGET_CHAR1D 005469b0 f   part_io_f:putget.obj
 0001:00146800       _DLPR12_MOD.               00547800 f   part_io_f:dlpr12.obj
 0001:00146810       _DLPR12_MOD_mp_DLPR12      00547810 f   part_io_f:dlpr12.obj
 0001:00148680       _M_MISSING.                00549680 f   part_io_f:meteo1temphelpers.obj
 0001:00148690       _NUMUNI                    00549690 f   part_io_f:meteo1temphelpers.obj
 0001:00148700       _DOCLOSE                   00549700 f   part_io_f:meteo1temphelpers.obj
 0001:00148750       _ZOEKJA                    00549750 f   part_io_f:meteo1temphelpers.obj
 0001:00148940       _ZOEKOPT                   00549940 f   part_io_f:meteo1temphelpers.obj
 0001:00148b00       _IFIRSTCHAR                00549b00 f   part_io_f:meteo1temphelpers.obj
 0001:00148b60       _IFIRSTLETTER              00549b60 f   part_io_f:meteo1temphelpers.obj
 0001:00148bf0       _JULDAY                    00549bf0 f   part_io_f:meteo1temphelpers.obj
 0001:00148cb0       _GETDX                     00549cb0 f   part_io_f:meteo1temphelpers.obj
 0001:00148cd0       _GETDY                     00549cd0 f   part_io_f:meteo1temphelpers.obj
 0001:00148cf0       _PINPOK                    00549cf0 f   part_io_f:meteo1temphelpers.obj
 0001:00149010       _OLDFIL                    0054a010 f   part_io_f:meteo1temphelpers.obj
 0001:001492f0       _NEWFIL                    0054a2f0 f   part_io_f:meteo1temphelpers.obj
 0001:00149600       _ZOEKVAL                   0054a600 f   part_io_f:meteo1temphelpers.obj
 0001:001498c0       _ILOCATESTRING             0054a8c0 f   part_io_f:meteo1temphelpers.obj
 0001:00149950       _CROSS                     0054a950 f   part_io_f:meteo1temphelpers.obj
 0001:00149b10       _CROSSPOLY                 0054ab10 f   part_io_f:meteo1temphelpers.obj
 0001:00149d10       _DBDISTANCE                0054ad10 f   part_io_f:meteo1temphelpers.obj
 0001:00149d70       _EOFERROR                  0054ad70 f   part_io_f:meteo1temphelpers.obj
 0001:00149de0       _READERROR                 0054ade0 f   part_io_f:meteo1temphelpers.obj
 0001:00149e80       _M_SFERIC.                 0054ae80 f   part_io_f:m_sferic.obj
 0001:00149e90       _M_ALLOC.                  0054ae90 f   part_io_f:malloc.obj
 0001:00149ea0       _M_ALLOC_mp_REALLOCREAL2X  0054aea0 f   part_io_f:malloc.obj
 0001:0014b940       _M_ALLOC_mp_REALLOCDOUBLE2X 0054c940 f   part_io_f:malloc.obj
 0001:0014d3f0       _M_ALLOC_mp_REALLOCINT2X   0054e3f0 f   part_io_f:malloc.obj
 0001:0014eeb0       _M_ALLOC_mp_REALLOCCHARACTER2X 0054feb0 f   part_io_f:malloc.obj
 0001:0014ff80       _M_ALLOC_mp_REALLOCREAL3X  00550f80 f   part_io_f:malloc.obj
 0001:00152520       _M_ALLOC_mp_REALLOCPINT    00553520 f   part_io_f:malloc.obj
 0001:00152c70       _M_ALLOC_mp_REALLOCINT     00553c70 f   part_io_f:malloc.obj
 0001:001535c0       _M_ALLOC_mp_REALLOCPINT2   005545c0 f   part_io_f:malloc.obj
 0001:00154040       _M_ALLOC_mp_REALLOCINT2    00555040 f   part_io_f:malloc.obj
 0001:00154f70       _M_ALLOC_mp_REALLOCPINT3   00555f70 f   part_io_f:malloc.obj
 0001:001560e0       _M_ALLOC_mp_REALLOCINT3    005570e0 f   part_io_f:malloc.obj
 0001:001574b0       _M_ALLOC_mp_REALLOCPINT4   005584b0 f   part_io_f:malloc.obj
 0001:001588f0       _M_ALLOC_mp_REALLOCINT4    005598f0 f   part_io_f:malloc.obj
 0001:0015a080       _M_ALLOC_mp_REALLOCPCHARACTER 0055b080 f   part_io_f:malloc.obj
 0001:0015a510       _M_ALLOC_mp_REALLOCCHARACTER 0055b510 f   part_io_f:malloc.obj
 0001:0015ab50       _M_ALLOC_mp_REALLOCPCHARACTER2 0055bb50 f   part_io_f:malloc.obj
 0001:0015b1d0       _M_ALLOC_mp_REALLOCCHARACTER2 0055c1d0 f   part_io_f:malloc.obj
 0001:0015bbb0       _M_ALLOC_mp_REALLOCPCHARACTER3 0055cbb0 f   part_io_f:malloc.obj
 0001:0015c420       _M_ALLOC_mp_REALLOCCHARACTER3 0055d420 f   part_io_f:malloc.obj
 0001:0015d070       _M_ALLOC_mp_REALLOCPCHARACTER4 0055e070 f   part_io_f:malloc.obj
 0001:0015dab0       _M_ALLOC_mp_REALLOCCHARACTER4 0055eab0 f   part_io_f:malloc.obj
 0001:0015ea30       _M_ALLOC_mp_REALLOCPREAL   0055fa30 f   part_io_f:malloc.obj
 0001:0015f170       _M_ALLOC_mp_REALLOCREAL    00560170 f   part_io_f:malloc.obj
 0001:0015fab0       _M_ALLOC_mp_REALLOCPREAL2  00560ab0 f   part_io_f:malloc.obj
 0001:00160560       _M_ALLOC_mp_REALLOCREAL2   00561560 f   part_io_f:malloc.obj
 0001:001614a0       _M_ALLOC_mp_REALLOCPREAL3  005624a0 f   part_io_f:malloc.obj
 0001:001625e0       _M_ALLOC_mp_REALLOCREAL3   005635e0 f   part_io_f:malloc.obj
 0001:00163bd0       _M_ALLOC_mp_REALLOCPREAL4  00564bd0 f   part_io_f:malloc.obj
 0001:00165040       _M_ALLOC_mp_REALLOCREAL4   00566040 f   part_io_f:malloc.obj
 0001:00166860       _M_ALLOC_mp_REALLOCPDOUBLE 00567860 f   part_io_f:malloc.obj
 0001:00167070       _M_ALLOC_mp_REALLOCDOUBLE  00568070 f   part_io_f:malloc.obj
 0001:001679b0       _M_ALLOC_mp_REALLOCPDOUBLE2 005689b0 f   part_io_f:malloc.obj
 0001:00168660       _M_ALLOC_mp_REALLOCDOUBLE2 00569660 f   part_io_f:malloc.obj
 0001:001695a0       _M_ALLOC_mp_REALLOCPDOUBLE3 0056a5a0 f   part_io_f:malloc.obj
 0001:0016a7d0       _M_ALLOC_mp_REALLOCDOUBLE3 0056b7d0 f   part_io_f:malloc.obj
 0001:0016bb70       _M_ALLOC_mp_REALLOCPDOUBLE4 0056cb70 f   part_io_f:malloc.obj
 0001:0016d0e0       _M_ALLOC_mp_REALLOCDOUBLE4 0056e0e0 f   part_io_f:malloc.obj
 0001:0016e910       _M_ALLOC_mp_REALLOCPLOGICAL 0056f910 f   part_io_f:malloc.obj
 0001:0016f060       _M_ALLOC_mp_REALLOCLOGICAL 00570060 f   part_io_f:malloc.obj
 0001:0016f9b0       _M_ALLOC_mp_REALLOCPLOGICAL2 005709b0 f   part_io_f:malloc.obj
 0001:00170430       _M_ALLOC_mp_REALLOCLOGICAL2 00571430 f   part_io_f:malloc.obj
 0001:00171290       _M_ALLOC_mp_REALLOCPLOGICAL3 00572290 f   part_io_f:malloc.obj
 0001:00172400       _M_ALLOC_mp_REALLOCLOGICAL3 00573400 f   part_io_f:malloc.obj
 0001:001737d0       _M_ALLOC_mp_REALLOCPLOGICAL4 005747d0 f   part_io_f:malloc.obj
 0001:00174c10       _M_ALLOC_mp_REALLOCLOGICAL4 00575c10 f   part_io_f:malloc.obj
 0001:001763a0       _RD_TOKEN.                 005773a0 f   deltares_common:rd_token.obj
 0001:001763b0       _RD_TOKEN_mp_GET_CHAR_TOK  005773b0 f   deltares_common:rd_token.obj
 0001:001764c0       _RD_TOKEN_mp_GET_INT_TOK   005774c0 f   deltares_common:rd_token.obj
 0001:00176570       _RD_TOKEN_mp_GET_REAL_TOK  00577570 f   deltares_common:rd_token.obj
 0001:00176630       _RD_TOKEN_mp_GET_NOCHAR_TOK 00577630 f   deltares_common:rd_token.obj
 0001:00176720       _RD_TOKEN_mp_GET_NOREAL_TOK 00577720 f   deltares_common:rd_token.obj
 0001:00176880       _RD_TOKEN_mp_GET_ALL_TOK   00577880 f   deltares_common:rd_token.obj
 0001:001769d0       _RD_TOKEN_mp_PUTTOKEN      005779d0 f   deltares_common:rd_token.obj
 0001:00176a30       _STRING_MODULE.            00577a30 f   deltares_common:string_module.obj
 0001:00176a40       _STRING_MODULE_mp_STRING_MODULE_INFO 00577a40 f   deltares_common:string_module.obj
 0001:00176a70       _STRING_MODULE_mp_STR_TOKEN 00577a70 f   deltares_common:string_module.obj
 0001:001770d0       _STRING_MODULE_mp_STR_LOWER 005780d0 f   deltares_common:string_module.obj
 0001:00177480       _STRING_MODULE_mp_STR_UPPER 00578480 f   deltares_common:string_module.obj
 0001:00177830       _STRING_MODULE_mp_REMOVE_ALL_SPACES 00578830 f   deltares_common:string_module.obj
 0001:00177930       _STRING_MODULE_mp_REMOVE_LEADING_SPACES 00578930 f   deltares_common:string_module.obj
 0001:001779d0       _STRING_MODULE_mp_STRCMPI  005789d0 f   deltares_common:string_module.obj
 0001:00177cc0       _STRING_MODULE_mp_FIND_FIRST_CHAR 00578cc0 f   deltares_common:string_module.obj
 0001:00177d30       _STRING_MODULE_mp_FIND_FIRST_WORD 00578d30 f   deltares_common:string_module.obj
 0001:00177e40       _STRING_MODULE_mp_FIND_FIRST_LETTER 00578e40 f   deltares_common:string_module.obj
 0001:00177ec0       _STRING_MODULE_mp_COUNT_WORDS 00578ec0 f   deltares_common:string_module.obj
 0001:00178000       _STRING_MODULE_mp_IS_WHITESPACE 00579000 f   deltares_common:string_module.obj
 0001:00178030       _STRING_MODULE_mp_REPLACE_CHAR 00579030 f   deltares_common:string_module.obj
 0001:00178440       _STRING_MODULE_mp_REMOVE_SUBSTR 00579440 f   deltares_common:string_module.obj
 0001:00178570       _RDTOK1                    00579570 f   deltares_common:rdtok1.obj
 0001:00179330       _MESSAGE_MODULE.           0057a330 f   deltares_common:message_module.obj
 0001:00179340       _MESSAGE_MODULE_mp_CLEARSTACK 0057a340 f   deltares_common:message_module.obj
 0001:00179400       _MESSAGE_MODULE_mp_ADDMESSAGE 0057a400 f   deltares_common:message_module.obj
 0001:00179580       _MESSAGE_MODULE_mp_ISEMPTY 0057a580 f   deltares_common:message_module.obj
 0001:001795a0       _MESSAGE_MODULE_mp_GETMESSAGE 0057a5a0 f   deltares_common:message_module.obj
 0001:00179620       _MESSAGE_MODULE_mp_WRITEMESSAGES 0057a620 f   deltares_common:message_module.obj
 0001:00179740       _MESSAGE_MODULE_mp_WRITE_WARNING 0057a740 f   deltares_common:message_module.obj
 0001:00179890       _MESSAGE_MODULE_mp_WRITE_ERROR 0057a890 f   deltares_common:message_module.obj
 0001:00179a00       _MESSAGE_MODULE_mp_ADDWARNING 0057aa00 f   deltares_common:message_module.obj
 0001:00179be0       _MESSAGE_MODULE_mp_ADDERROR 0057abe0 f   deltares_common:message_module.obj
 0001:00179dc0       _MESSAGE_MODULE_mp_INITSTACK 0057adc0 f   deltares_common:message_module.obj
 0001:00179de0       _GETTOK                    0057ade0 f   deltares_common:gettok.obj
 0001:0017a880       _MESTOK                    0057b880 f   deltares_common:mestok.obj
 0001:0017aeb0       __QWINGetFileName          0057beb0 f   ifconsol:for_m_console.obj
 0001:0017aeb0       __wgopen                   0057beb0 f   ifconsol:for_m_console.obj
 0001:0017aeb0       __QWINMsgBox               0057beb0 f   ifconsol:for_m_console.obj
 0001:0017aeb0       __QWINNiceExit             0057beb0 f   ifconsol:for_m_console.obj
 0001:0017aeb0       __wgsetactive              0057beb0 f   ifconsol:for_m_console.obj
 0001:0017aeb0       __QWINSetIOFOCUS           0057beb0 f   ifconsol:for_m_console.obj
 0001:0017aeb0       __QWINGetTitle             0057beb0 f   ifconsol:for_m_console.obj
 0001:0017aeb0       __QWINRead                 0057beb0 f   ifconsol:for_m_console.obj
 0001:0017aeb0       __QWINClose                0057beb0 f   ifconsol:for_m_console.obj
 0001:0017aeb0       __QWINWrite                0057beb0 f   ifconsol:for_m_console.obj
 0001:0017aed0       _RegisterGetHandleQQ       0057bed0 f   ifconsol:for_m_console.obj
 0001:0017aed0       _RegisterGetUnitQQ         0057bed0 f   ifconsol:for_m_console.obj
 0001:0017aed0       _ChangeQWINCP              0057bed0 f   ifconsol:for_m_console.obj
 0001:0017aee0       __QWINGetDefaultWindow     0057bee0 f   ifconsol:for_m_console.obj
 0001:0017aee0       __QWINSetFocus             0057bee0 f   ifconsol:for_m_console.obj
 0001:0017af00       _for_read_int_fmt          0057bf00 f   libifcoremt:for_rint_fmt.obj
 0001:0017bf10       _for_read_int_fmt_xmit     0057cf10 f   libifcoremt:for_rint_fmt.obj
 0001:0017e260       _for_backspace             0057f260 f   libifcoremt:for_backspace.obj
 0001:00180f50       _for_rewind                00581f50 f   libifcoremt:for_rewind.obj
 0001:00181cd0       _for_read_int_lis          00582cd0 f   libifcoremt:for_rint_lis.obj
 0001:00182b70       _for_read_int_lis_xmit     00583b70 f   libifcoremt:for_rint_lis.obj
 0001:00183ea0       _for_ri_cvt_2step          00584ea0 f   libifcoremt:for_rint_lis.obj
 0001:00183eac       _for_ri_cvt_2step.         00584eac f   libifcoremt:for_rint_lis.obj
 0001:00184c30       _for_write_int_lis         00585c30 f   libifcoremt:for_wint_lis.obj
 0001:00185ab0       _for_write_int_lis_xmit    00586ab0 f   libifcoremt:for_wint_lis.obj
 0001:00187520       _for_f90_scan              00588520 f   libifcoremt:for_90_scan.obj
 0001:001875f0       ___libm_sse2_log           005885f0 f   libmmt:log_sse2.obj
 0001:00187820       ___libm_sse2_log10f        00588820 f   libmmt:log10f_sse2.obj
 0001:00187990       _sincos                    00588990 f   libmmt:sincos_stub.obj
 0001:001879d0       _atan                      005889d0 f   libmmt:atan_stub.obj
 0001:00187a10       _cos                       00588a10 f   libmmt:cos_stub.obj
 0001:00187a90       _sin                       00588a90 f   libmmt:sin_stub.obj
 0001:00187b10       ___powr8i4                 00588b10 f   libmmt:f__powr8i4.obj
 0001:00187bc0       ___libm_sse2_sincos        00588bc0 f   libmmt:sincos_sse2.obj
 0001:00187e60       ___libm_sse2_cos           00588e60 f   libmmt:cos_sse2.obj
 0001:00188030       ___libm_sse2_acos          00589030 f   libmmt:acos_sse2.obj
 0001:001884e0       _sincos.J                  005894e0 f   libmmt:sincos_wmt.obj
 0001:001887e0       _sincos.A                  005897e0 f   libmmt:sincos_gen.obj
 0001:00188e20       _atan.J                    00589e20 f   libmmt:atan_wmt.obj
 0001:001890f0       _atan.A                    0058a0f0 f   libmmt:atan_gen.obj
 0001:00189510       _cos.O                     0058a510 f   libmmt:cos_atm.obj
 0001:00189e70       _cos.N                     0058ae70 f   libmmt:cos_pnr.obj
 0001:0018a040       _cos.J                     0058b040 f   libmmt:cos_wmt.obj
 0001:0018a230       _cos.A                     0058b230 f   libmmt:cos_gen.obj
 0001:0018a970       _sin.O                     0058b970 f   libmmt:sin_atm.obj
 0001:0018b330       _sin.N                     0058c330 f   libmmt:sin_pnr.obj
 0001:0018b510       _sin.J                     0058c510 f   libmmt:sin_wmt.obj
 0001:0018b710       _sin.A                     0058c710 f   libmmt:sin_gen.obj
 0001:0018beb0       _fegetround                0058ceb0 f   libmmt:fegetround.obj
 0001:0018bec0       _fesetround.A              0058cec0 f   libmmt:fesetround.obj
 0001:0018bf70       _fesetround.H              0058cf70 f   libmmt:fesetround.obj
 0001:0018bfd0       _fesetround                0058cfd0 f   libmmt:fesetround.obj
 0001:0018c010       ___svml_irem4              0058d010 f   svml_dispmt:svml_i_rem4_iface_la.obj
 0001:0018c050       ___svml_fmod2              0058d050 f   svml_dispmt:svml_d_fmod2_iface_la.obj
 0001:0018c090       ___svml_sincos2            0058d090 f   svml_dispmt:svml_d_sincos2_iface_la.obj
 0001:0018c0e0       ___svml_cos2               0058d0e0 f   svml_dispmt:svml_d_cos2_iface_la.obj
 0001:0018c120       ___svml_irem4_a6           0058d120 f   svml_dispmt:svml_i_rem4_core_a6la.obj
 0001:0018c180       ___svml_irem4_t7           0058d180 f   svml_dispmt:svml_i_rem4_core_t7la.obj
 0001:0018c250       ___svml_irem4_p8           0058d250 f   svml_dispmt:svml_i_rem4_core_p8la.obj
 0001:0018c330       ___svml_irem4_n9           0058d330 f   svml_dispmt:svml_i_rem4_core_n9la.obj
 0001:0018c3a0       ___svml_fmod2_w7           0058d3a0 f   svml_dispmt:svml_d_fmod2_core_w7la.obj
 0001:0018c520       ___svml_fmod2_t7           0058d520 f   svml_dispmt:svml_d_fmod2_core_t7la.obj
 0001:0018c6a0       ___svml_fmod2_n9           0058d6a0 f   svml_dispmt:svml_d_fmod2_core_n9la.obj
 0001:0018c7c0       ___svml_sincos2_w7         0058d7c0 f   svml_dispmt:svml_d_sincos2_core_w7la.obj
 0001:0018cfa0       ___svml_sincos2_n9         0058dfa0 f   svml_dispmt:svml_d_sincos2_core_n9la.obj
 0001:0018d6c0       ___svml_cos2_w7            0058e6c0 f   svml_dispmt:svml_d_cos2_core_w7la.obj
 0001:0018d860       ___svml_cos2_t7            0058e860 f   svml_dispmt:svml_d_cos2_core_t7la.obj
 0001:0018db90       ___svml_cos2_p8            0058eb90 f   svml_dispmt:svml_d_cos2_core_p8la.obj
 0001:0018dec0       ___svml_cos2_n9            0058eec0 f   svml_dispmt:svml_d_cos2_core_n9la.obj
 0001:0018e1f0       ___svml_dfmod_cout_rare    0058f1f0 f   svml_dispmt:svml_d_fmod_cout_w7la.obj
 0001:0018e690       ___svml_dsincos_cout_rare  0058f690 f   svml_dispmt:svml_d_sincos_cout_w7la.obj
 0001:0018e770       ___svml_cos_reduction_LA   0058f770 f   svml_dispmt:svml_d_dtrig_.obj
 0001:0018ea70       _WRITE_VERSION             0058fa70 f   part_utils_f:write_version.obj
 0001:0018ede0       _POLPART                   0058fde0 f   part_utils_f:polpart.obj
 0001:0018f6b0       _NOEXTSPACES_MOD.          005906b0 f   part_utils_f:noextspaces.obj
 0001:0018f6c0       _NOEXTSPACES_MOD_mp_NOEXTSPACES 005906c0 f   part_utils_f:noextspaces.obj
 0001:0018f830       _GETENV                    00590830 f   libifport:getenv.obj
 0001:0018f940       _main                      00590940 f   libifcoremt:for_main.obj
 0001:0018fa10       _for__nt_handler_jacket    00590a10 f   libifcoremt:for_main.obj
 0001:0018fa14       _for__nt_handler_jacket.   00590a14 f   libifcoremt:for_main.obj
 0001:0018fa70       _for__nt_user_handler_jacket 00590a70 f   libifcoremt:for_main.obj
 0001:0018fc70       _CLSNEF                    00590c70 f   nefis:f2c.obj
 0001:0018fc90       _DEFCEL                    00590c90 f   nefis:f2c.obj
 0001:0018fe40       _CREDAT                    00590e40 f   nefis:f2c.obj
 0001:0018ff80       _DEFELM                    00590f80 f   nefis:f2c.obj
 0001:001902a0       _DEFGRP                    005912a0 f   nefis:f2c.obj
 0001:00190450       _CRENEF                    00591450 f   nefis:f2c.obj
 0001:001905f0       _GETELT                    005915f0 f   nefis:f2c.obj
 0001:001907c0       _GETELS                    005917c0 f   nefis:f2c.obj
 0001:00190800       _INQELM                    00591800 f   nefis:f2c.obj
 0001:00190ae0       _NEFERR                    00591ae0 f   nefis:f2c.obj
 0001:00190b70       _PUTELS                    00591b70 f   nefis:f2c.obj
 0001:00190d40       _PUTELT                    00591d40 f   nefis:f2c.obj
 0001:00190d80       _Define_element            00591d80 f   nefis:df.obj
 0001:00191460       _Define_cel                00592460 f   nefis:df.obj
 0001:00191be0       _Define_group              00592be0 f   nefis:df.obj
 0001:00192150       _Define_data               00593150 f   nefis:df.obj
 0001:001928d0       _DF_check_bytes_elm        005938d0 f   nefis:df.obj
 0001:00192aa0       _create_nefis_files        00593aa0 f   nefis:oc.obj
 0001:00194280       _close_nefis_files         00595280 f   nefis:oc.obj
 0001:00194690       _open_nefis_file           00595690 f   nefis:oc.obj
 0001:00194880       _setConversionExistingFile 00595880 f   nefis:oc.obj
 0001:00194910       _new_capacity_retrieve_var 00595910 f   nefis:oc.obj
 0001:00194a40       _GP_read_file_pointers     00595a40 f   nefis:gp.obj
 0001:00194bb0       _GP_write_file             00595bb0 f   nefis:gp.obj
 0001:00194c60       _GP_write_file_pointers    00595c60 f   nefis:gp.obj
 0001:00194de0       _GP_flush_hash             00595de0 f   nefis:gp.obj
 0001:001950b0       _GP_inquire_cel            005960b0 f   nefis:gp.obj
 0001:00195170       _GP_inquire_dat            00596170 f   nefis:gp.obj
 0001:00195250       _GP_inquire_elm            00596250 f   nefis:gp.obj
 0001:00195320       _GP_inquire_grp_def        00596320 f   nefis:gp.obj
 0001:001953e0       _GP_variable_pointer       005963e0 f   nefis:gp.obj
 0001:001959c0       _Put_element               005969c0 f   nefis:pt.obj
 0001:00196570       _Get_element               00597570 f   nefis:gt.obj
 0001:001971e0       _nefis_error               005981e0 f   nefis:er.obj
 0001:00197300       _HS_check_ecg              00598300 f   nefis:hs.obj
 0001:00197670       _HS_get_cont_cel           00598670 f   nefis:hs.obj
 0001:00197bd0       _HS_get_cont_elm           00598bd0 f   nefis:hs.obj
 0001:001980f0       _HS_get_cont_grp           005990f0 f   nefis:hs.obj
 0001:00198400       _HS_get_cont_dat           00599400 f   nefis:hs.obj
 0001:001986a0       _convert_ieee              005996a0 f   nefis:wl-xdr.obj
 0001:00199260       _RT_retrieve               0059a260 f   nefis:rt.obj
 0001:00199740       _free_retrieve_ptrs        0059a740 f   nefis:rt.obj
 0001:00199780       _RT_retrieve_var           0059a780 f   nefis:rt.obj
 0001:00199910       _RT_update_var_index_array 0059a910 f   nefis:rt.obj
 0001:00199f00       _GETFULLVERSIONSTRING_PART 0059af00 f   part_version_number:f2c.obj
 0001:00199f52       _omp_get_max_threads       0059af52 f   libiomp5md:libiomp5md.dll
 0001:00199f58       ___kmpc_global_thread_num  0059af58 f   libiomp5md:libiomp5md.dll
 0001:00199f5e       ___kmpc_ok_to_fork         0059af5e f   libiomp5md:libiomp5md.dll
 0001:00199f64       ___kmpc_fork_call          0059af64 f   libiomp5md:libiomp5md.dll
 0001:00199f6a       ___kmpc_serialized_parallel 0059af6a f   libiomp5md:libiomp5md.dll
 0001:00199f70       ___kmpc_end_serialized_parallel 0059af70 f   libiomp5md:libiomp5md.dll
 0001:00199f76       ___kmpc_for_static_init_4  0059af76 f   libiomp5md:libiomp5md.dll
 0001:00199f7c       ___kmpc_for_static_fini    0059af7c f   libiomp5md:libiomp5md.dll
 0001:00199f82       ___kmpc_reduce_nowait      0059af82 f   libiomp5md:libiomp5md.dll
 0001:00199f88       ___kmpc_end_reduce_nowait  0059af88 f   libiomp5md:libiomp5md.dll
 0001:00199f8e       ___kmpc_atomic_float8_add  0059af8e f   libiomp5md:libiomp5md.dll
 0001:00199f94       ___kmpc_atomic_fixed4_add  0059af94 f   libiomp5md:libiomp5md.dll
 0001:00199f9a       ___kmpc_dispatch_init_4    0059af9a f   libiomp5md:libiomp5md.dll
 0001:00199fa0       ___kmpc_dispatch_next_4    0059afa0 f   libiomp5md:libiomp5md.dll
 0001:00199fa6       ___kmpc_atomic_float4_max  0059afa6 f   libiomp5md:libiomp5md.dll
 0001:00199fac       ___kmpc_atomic_float4_min  0059afac f   libiomp5md:libiomp5md.dll
 0001:00199fb2       ___kmpc_atomic_float4_add  0059afb2 f   libiomp5md:libiomp5md.dll
 0001:0019a221       _mainCRTStartup            0059b221 f   MSVCRT:crtexe.obj
 0001:0019a230       __alloca_probe             0059b230 f   MSVCRT:chkstk.obj
 0001:0019a230       __chkstk                   0059b230 f   MSVCRT:chkstk.obj
 0001:0019a260       _memcpy                    0059b260 f   MSVCRT:MSVCR120.dll
 0001:0019a266       _memmove                   0059b266 f   MSVCRT:MSVCR120.dll
 0001:0019a26c       _signal                    0059b26c f   MSVCRT:MSVCR120.dll
 0001:0019a272       ___atonexitinit            0059b272 f   MSVCRT:atonexit.obj
 0001:0019a2ae       __onexit                   0059b2ae f   MSVCRT:atonexit.obj
 0001:0019a357       _atexit                    0059b357 f   MSVCRT:atonexit.obj
 0001:0019a36c       __stricmp                  0059b36c f   MSVCRT:MSVCR120.dll
 0001:0019a372       _getenv                    0059b372 f   MSVCRT:MSVCR120.dll
 0001:0019a378       _strchr                    0059b378 f   MSVCRT:MSVCR120.dll
 0001:0019a37e       _strstr                    0059b37e f   MSVCRT:MSVCR120.dll
 0001:0019a384       _toupper                   0059b384 f   MSVCRT:MSVCR120.dll
 0001:0019a38a       _strncmp                   0059b38a f   MSVCRT:MSVCR120.dll
 0001:0019a390       _strncpy                   0059b390 f   MSVCRT:MSVCR120.dll
 0001:0019a396       _sprintf                   0059b396 f   MSVCRT:MSVCR120.dll
 0001:0019a39c       _memchr                    0059b39c f   MSVCRT:MSVCR120.dll
 0001:0019a3a2       _exit                      0059b3a2 f   MSVCRT:MSVCR120.dll
 0001:0019a3a8       _malloc                    0059b3a8 f   MSVCRT:MSVCR120.dll
 0001:0019a3ae       _free                      0059b3ae f   MSVCRT:MSVCR120.dll
 0001:0019a3c0       __alldiv                   0059b3c0 f   MSVCRT:lldiv.obj
 0001:0019a46a       _realloc                   0059b46a f   MSVCRT:MSVCR120.dll
 0001:0019a470       __aligned_malloc           0059b470 f   MSVCRT:MSVCR120.dll
 0001:0019a476       __aligned_free             0059b476 f   MSVCRT:MSVCR120.dll
 0001:0019a480       __allmul                   0059b480 f   MSVCRT:llmul.obj
 0001:0019a4b4       _clock                     0059b4b4 f   MSVCRT:MSVCR120.dll
 0001:0019a4ba       _atol                      0059b4ba f   MSVCRT:MSVCR120.dll
 0001:0019a4c0       __allrem                   0059b4c0 f   MSVCRT:llrem.obj
 0001:0019a572       __localtime64              0059b572 f   MSVCRT:MSVCR120.dll
 0001:0019a578       _strftime                  0059b578 f   MSVCRT:MSVCR120.dll
 0001:0019a57e       __gmtime64                 0059b57e f   MSVCRT:MSVCR120.dll
 0001:0019a584       __controlfp_s              0059b584 f   MSVCRT:MSVCR120.dll
 0001:0019a58a       __clearfp                  0059b58a f   MSVCRT:MSVCR120.dll
 0001:0019a590       _vsprintf                  0059b590 f   MSVCRT:MSVCR120.dll
 0001:0019a596       ___iob_func                0059b596 f   MSVCRT:MSVCR120.dll
 0001:0019a59c       _freopen                   0059b59c f   MSVCRT:MSVCR120.dll
 0001:0019a5a2       _fprintf                   0059b5a2 f   MSVCRT:MSVCR120.dll
 0001:0019a5a8       _abort                     0059b5a8 f   MSVCRT:MSVCR120.dll
 0001:0019a5ae       _fopen                     0059b5ae f   MSVCRT:MSVCR120.dll
 0001:0019a5b4       _fputs                     0059b5b4 f   MSVCRT:MSVCR120.dll
 0001:0019a5ba       _fclose                    0059b5ba f   MSVCRT:MSVCR120.dll
 0001:0019a5c0       _fflush                    0059b5c0 f   MSVCRT:MSVCR120.dll
 0001:0019a5c6       _getenv_s                  0059b5c6 f   MSVCRT:MSVCR120.dll
 0001:0019a5cc       _strtok                    0059b5cc f   MSVCRT:MSVCR120.dll
 0001:0019a5d2       _atoi                      0059b5d2 f   MSVCRT:MSVCR120.dll
 0001:0019a5d8       __get_osfhandle            0059b5d8 f   MSVCRT:MSVCR120.dll
 0001:0019a5de       __open_osfhandle           0059b5de f   MSVCRT:MSVCR120.dll
 0001:0019a5e4       __fileno                   0059b5e4 f   MSVCRT:MSVCR120.dll
 0001:0019a5ea       __access                   0059b5ea f   MSVCRT:MSVCR120.dll
 0001:0019a5f0       __errno                    0059b5f0 f   MSVCRT:MSVCR120.dll
 0001:0019a5f6       __write                    0059b5f6 f   MSVCRT:MSVCR120.dll
 0001:0019a5fc       _tolower                   0059b5fc f   MSVCRT:MSVCR120.dll
 0001:0019a602       _isdigit                   0059b602 f   MSVCRT:MSVCR120.dll
 0001:0019a608       _sscanf                    0059b608 f   MSVCRT:MSVCR120.dll
 0001:0019a60e       _rand                      0059b60e f   MSVCRT:MSVCR120.dll
 0001:0019a614       __getpid                   0059b614 f   MSVCRT:MSVCR120.dll
 0001:0019a620       __aulldiv                  0059b620 f   MSVCRT:ulldiv.obj
 0001:0019a688       _strlen                    0059b688 f   MSVCRT:MSVCR120.dll
 0001:0019a68e       _strncat                   0059b68e f   MSVCRT:MSVCR120.dll
 0001:0019a694       _memset                    0059b694 f   MSVCRT:MSVCR120.dll
 0001:0019a69a       _strcat                    0059b69a f   MSVCRT:MSVCR120.dll
 0001:0019a6a0       __snprintf                 0059b6a0 f   MSVCRT:MSVCR120.dll
 0001:0019a6a6       _strcpy                    0059b6a6 f   MSVCRT:MSVCR120.dll
 0001:0019a6ac       __splitpath                0059b6ac f   MSVCRT:MSVCR120.dll
 0001:0019a6b2       _printf                    0059b6b2 f   MSVCRT:MSVCR120.dll
 0001:0019a6b8       _memcmp                    0059b6b8 f   MSVCRT:MSVCR120.dll
 0001:0019a6be       __except_handler3          0059b6be f   MSVCRT:MSVCR120.dll
 0001:0019a6c4       @__security_check_cookie@4 0059b6c4 f   MSVCRT:secchk.obj
 0001:0019a6d3       ___raise_securityfailure   0059b6d3 f   MSVCRT:gs_report.obj
 0001:0019a710       ___report_gsfailure        0059b710 f   MSVCRT:gs_report.obj
 0001:0019a80b       ___report_rangecheckfailure 0059b80b f   MSVCRT:gs_report.obj
 0001:0019a817       ___report_securityfailure  0059b817 f   MSVCRT:gs_report.obj
 0001:0019a8e8       _calloc                    0059b8e8 f   MSVCRT:MSVCR120.dll
 0001:0019a8ee       ?__CxxUnhandledExceptionFilter@@YGJPAU_EXCEPTION_POINTERS@@@Z 0059b8ee f   MSVCRT:unhandld.obj
 0001:0019a92f       ___CxxSetUnhandledExceptionFilter 0059b92f f   MSVCRT:unhandld.obj
 0001:0019a93e       __XcptFilter               0059b93e f   MSVCRT:MSVCR120.dll
 0001:0019a944       __amsg_exit                0059b944 f   MSVCRT:MSVCR120.dll
 0001:0019a94a       __setargv                  0059b94a f   MSVCRT:dllargv.obj
 0001:0019a94a       __matherr                  0059b94a f   MSVCRT:merr.obj
 0001:0019a950       __FindPESection            0059b950 f   MSVCRT:pesect.obj
 0001:0019a9a0       __IsNonwritableInCurrentImage 0059b9a0 f   MSVCRT:pesect.obj
 0001:0019aa60       __ValidateImageBase        0059ba60 f   MSVCRT:pesect.obj
 0001:0019aa91       ___security_init_cookie    0059ba91 f   MSVCRT:gs_support.obj
 0001:0019ab2d       __RTC_Initialize           0059bb2d f   MSVCRT:initsect.obj
 0001:0019ab4d       __RTC_Terminate            0059bb4d f   MSVCRT:initsect.obj
 0001:0019ab6d       __setdefaultprecision      0059bb6d f   MSVCRT:fp8.obj
 0001:0019ab94       __initterm_e               0059bb94 f   MSVCRT:MSVCR120.dll
 0001:0019ab9a       __initterm                 0059bb9a f   MSVCRT:MSVCR120.dll
 0001:0019aba0       __SEH_prolog4              0059bba0 f   MSVCRT:sehprolg4.obj
 0001:0019abe5       __SEH_epilog4              0059bbe5 f   MSVCRT:sehprolg4.obj
 0001:0019abf9       __except_handler4          0059bbf9 f   MSVCRT:chandler4gs.obj
 0001:0019ac1c       __lock                     0059bc1c f   MSVCRT:MSVCR120.dll
 0001:0019ac22       __unlock                   0059bc22 f   MSVCRT:MSVCR120.dll
 0001:0019ac28       ___dllonexit               0059bc28 f   MSVCRT:MSVCR120.dll
 0001:0019ac2e       __crt_debugger_hook        0059bc2e f   MSVCRT:MSVCR120.dll
 0001:0019ac34       ___crtUnhandledException   0059bc34 f   MSVCRT:MSVCR120.dll
 0001:0019ac3a       ___crtTerminateProcess     0059bc3a f   MSVCRT:MSVCR120.dll
 0001:0019ac40       ?terminate@@YAXXZ          0059bc40 f   MSVCRT:MSVCR120.dll
 0001:0019ac46       ___crtSetUnhandledExceptionFilter 0059bc46 f   MSVCRT:MSVCR120.dll
 0001:0019ac4c       __invoke_watson            0059bc4c f   MSVCRT:MSVCR120.dll
 0001:0019ac52       __except_handler4_common   0059bc52 f   MSVCRT:MSVCR120.dll
 0001:0019ac58       _IsProcessorFeaturePresent@4 0059bc58 f   kernel32:KERNEL32.dll
 0001:0019ac5e       __fpieee_flt               0059bc5e f   MSVCRT:MSVCR120.dll
 0002:00000000       __VInfreq__main            0059c000     libifcoremt:for_main.obj
 0003:00000000       __imp__ReadFile@20         0059d000     kernel32:KERNEL32.dll
 0003:00000004       __imp__GetFullPathNameW@16 0059d004     kernel32:KERNEL32.dll
 0003:00000008       __imp__GetCurrentProcessId@0 0059d008     kernel32:KERNEL32.dll
 0003:0000000c       __imp__QueryPerformanceCounter@4 0059d00c     kernel32:KERNEL32.dll
 0003:00000010       __imp__IsProcessorFeaturePresent@4 0059d010     kernel32:KERNEL32.dll
 0003:00000014       __imp__DecodePointer@4     0059d014     kernel32:KERNEL32.dll
 0003:00000018       __imp__EncodePointer@4     0059d018     kernel32:KERNEL32.dll
 0003:0000001c       __imp__GetCurrentThread@0  0059d01c     kernel32:KERNEL32.dll
 0003:00000020       __imp__VirtualQuery@12     0059d020     kernel32:KERNEL32.dll
 0003:00000024       __imp__GetModuleFileNameA@12 0059d024     kernel32:KERNEL32.dll
 0003:00000028       __imp__IsBadReadPtr@8      0059d028     kernel32:KERNEL32.dll
 0003:0000002c       __imp__GetHandleInformation@8 0059d02c     kernel32:KERNEL32.dll
 0003:00000030       __imp__UnmapViewOfFile@4   0059d030     kernel32:KERNEL32.dll
 0003:00000034       __imp__OpenFileMappingA@12 0059d034     kernel32:KERNEL32.dll
 0003:00000038       __imp__CreateFileMappingA@24 0059d038     kernel32:KERNEL32.dll
 0003:0000003c       __imp__MapViewOfFile@20    0059d03c     kernel32:KERNEL32.dll
 0003:00000040       __imp__CreateProcessA@40   0059d040     kernel32:KERNEL32.dll
 0003:00000044       __imp__SetThreadPriority@8 0059d044     kernel32:KERNEL32.dll
 0003:00000048       __imp__GetVersionExA@4     0059d048     kernel32:KERNEL32.dll
 0003:0000004c       __imp__DeleteFileA@4       0059d04c     kernel32:KERNEL32.dll
 0003:00000050       __imp__GetSystemDefaultLangID@0 0059d050     kernel32:KERNEL32.dll
 0003:00000054       __imp__GetFullPathNameA@16 0059d054     kernel32:KERNEL32.dll
 0003:00000058       __imp__GetTempFileNameA@16 0059d058     kernel32:KERNEL32.dll
 0003:0000005c       __imp__GetTempPathA@8      0059d05c     kernel32:KERNEL32.dll
 0003:00000060       __imp__GetFileInformationByHandle@8 0059d060     kernel32:KERNEL32.dll
 0003:00000064       __imp__TerminateThread@8   0059d064     kernel32:KERNEL32.dll
 0003:00000068       __imp__SetEvent@4          0059d068     kernel32:KERNEL32.dll
 0003:0000006c       __imp__CreateEventA@16     0059d06c     kernel32:KERNEL32.dll
 0003:00000070       __imp__ExitThread@4        0059d070     kernel32:KERNEL32.dll
 0003:00000074       __imp__InitializeCriticalSection@4 0059d074     kernel32:KERNEL32.dll
 0003:00000078       __imp__DeleteCriticalSection@4 0059d078     kernel32:KERNEL32.dll
[...]
 0004:00042530       _M_ALLOC_mp_REALLOCINT4$LIND.0.14 0062a530     part_io_f:malloc.obj
 0004:00042540       _M_ALLOC_mp_REALLOCINT4$MLIND.0.14 0062a540     part_io_f:malloc.obj
 0004:00042550       _M_ALLOC_mp_REALLOCINT4$MUIND.0.14 0062a550     part_io_f:malloc.obj
 0004:00042560       _M_ALLOC_mp_REALLOCPCHARACTER2$LINDEX_.0.17 0062a560     part_io_f:malloc.obj
 0004:00042570       _M_ALLOC_mp_REALLOCPCHARACTER2$SHIFT_.0.17 0062a570     part_io_f:malloc.obj
 0004:00042580       _M_ALLOC_mp_REALLOCPCHARACTER2$LIND.0.17 0062a580     part_io_f:malloc.obj
 0004:00042590       _M_ALLOC_mp_REALLOCPCHARACTER2$UIND.0.17 0062a590     part_io_f:malloc.obj
 0004:000425a0       _M_ALLOC_mp_REALLOCPCHARACTER2$MLIND.0.17 0062a5a0     part_io_f:malloc.obj
 0004:000425b0       _M_ALLOC_mp_REALLOCPCHARACTER2$MUIND.0.17 0062a5b0     part_io_f:malloc.obj
 0004:000425c0       _M_ALLOC_mp_REALLOCPCHARACTER3$LINDEX_.0.19 0062a5c0     part_io_f:malloc.obj
 0004:000425d0       _M_ALLOC_mp_REALLOCPCHARACTER3$SHIFT_.0.19 0062a5d0     part_io_f:malloc.obj
 0004:000425e0       _M_ALLOC_mp_REALLOCPCHARACTER3$UIND.0.19 0062a5e0     part_io_f:malloc.obj
 0004:000425f0       _M_ALLOC_mp_REALLOCPCHARACTER3$LIND.0.19 0062a5f0     part_io_f:malloc.obj
 0004:00042600       _M_ALLOC_mp_REALLOCPCHARACTER3$MLIND.0.19 0062a600     part_io_f:malloc.obj
 0004:00042610       _M_ALLOC_mp_REALLOCPCHARACTER3$MUIND.0.19 0062a610     part_io_f:malloc.obj
 0004:00042620       _M_ALLOC_mp_REALLOCCHARACTER3$LINDEX_.0.20 0062a620     part_io_f:malloc.obj
 0004:00042630       _M_ALLOC_mp_REALLOCCHARACTER3$SHIFT_.0.20 0062a630     part_io_f:malloc.obj
 0004:00042640       _M_ALLOC_mp_REALLOCCHARACTER3$UIND.0.20 0062a640     part_io_f:malloc.obj
 0004:00042650       _M_ALLOC_mp_REALLOCCHARACTER3$LIND.0.20 0062a650     part_io_f:malloc.obj
 0004:00042660       _M_ALLOC_mp_REALLOCCHARACTER3$MLIND.0.20 0062a660     part_io_f:malloc.obj
 0004:00042670       _M_ALLOC_mp_REALLOCCHARACTER3$MUIND.0.20 0062a670     part_io_f:malloc.obj
 0004:00042680       _M_ALLOC_mp_REALLOCPCHARACTER4$LINDEX_.0.21 0062a680     part_io_f:malloc.obj
 0004:00042690       _M_ALLOC_mp_REALLOCPCHARACTER4$SHIFT_.0.21 0062a690     part_io_f:malloc.obj
 0004:000426a0       _M_ALLOC_mp_REALLOCPCHARACTER4$UIND.0.21 0062a6a0     part_io_f:malloc.obj
 0004:000426b0       _M_ALLOC_mp_REALLOCPCHARACTER4$LIND.0.21 0062a6b0     part_io_f:malloc.obj
 0004:000426c0       _M_ALLOC_mp_REALLOCPCHARACTER4$MLIND.0.21 0062a6c0     part_io_f:malloc.obj
 0004:000426d0       _M_ALLOC_mp_REALLOCPCHARACTER4$MUIND.0.21 0062a6d0     part_io_f:malloc.obj
 0004:000426e0       _M_ALLOC_mp_REALLOCCHARACTER4$LINDEX_.0.22 0062a6e0     part_io_f:malloc.obj
 0004:000426f0       _M_ALLOC_mp_REALLOCCHARACTER4$SHIFT_.0.22 0062a6f0     part_io_f:malloc.obj
 0004:00042700       _M_ALLOC_mp_REALLOCCHARACTER4$UIND.0.22 0062a700     part_io_f:malloc.obj
 0004:00042710       _M_ALLOC_mp_REALLOCCHARACTER4$LIND.0.22 0062a710     part_io_f:malloc.obj
 0004:00042720       _M_ALLOC_mp_REALLOCCHARACTER4$MLIND.0.22 0062a720     part_io_f:malloc.obj
 0004:00042730       _M_ALLOC_mp_REALLOCCHARACTER4$MUIND.0.22 0062a730     part_io_f:malloc.obj
 0004:00042740       _M_ALLOC_mp_REALLOCPREAL2$LINDEX_.0.25 0062a740     part_io_f:malloc.obj
 0004:00042750       _M_ALLOC_mp_REALLOCPREAL2$SHIFT_.0.25 0062a750     part_io_f:malloc.obj
 0004:00042760       _M_ALLOC_mp_REALLOCPREAL2$LIND.0.25 0062a760     part_io_f:malloc.obj
 0004:00042770       _M_ALLOC_mp_REALLOCPREAL2$UIND.0.25 0062a770     part_io_f:malloc.obj
 0004:00042780       _M_ALLOC_mp_REALLOCPREAL2$MLIND.0.25 0062a780     part_io_f:malloc.obj
 0004:00042790       _M_ALLOC_mp_REALLOCPREAL2$MUIND.0.25 0062a790     part_io_f:malloc.obj
 0004:000427a0       _M_ALLOC_mp_REALLOCPREAL3$LINDEX_.0.27 0062a7a0     part_io_f:malloc.obj
 0004:000427b0       _M_ALLOC_mp_REALLOCPREAL3$SHIFT_.0.27 0062a7b0     part_io_f:malloc.obj
 0004:000427c0       _M_ALLOC_mp_REALLOCPREAL3$UIND.0.27 0062a7c0     part_io_f:malloc.obj
 0004:000427d0       _M_ALLOC_mp_REALLOCPREAL3$LIND.0.27 0062a7d0     part_io_f:malloc.obj
 0004:000427e0       _M_ALLOC_mp_REALLOCPREAL3$MLIND.0.27 0062a7e0     part_io_f:malloc.obj
 0004:000427f0       _M_ALLOC_mp_REALLOCPREAL3$MUIND.0.27 0062a7f0     part_io_f:malloc.obj
 0004:00042800       _M_ALLOC_mp_REALLOCPREAL4$LINDEX_.0.29 0062a800     part_io_f:malloc.obj
 0004:00042810       _M_ALLOC_mp_REALLOCPREAL4$SHIFT_.0.29 0062a810     part_io_f:malloc.obj
 0004:00042820       _M_ALLOC_mp_REALLOCPREAL4$UIND.0.29 0062a820     part_io_f:malloc.obj
 0004:00042830       _M_ALLOC_mp_REALLOCPREAL4$LIND.0.29 0062a830     part_io_f:malloc.obj
 0004:00042840       _M_ALLOC_mp_REALLOCPREAL4$MLIND.0.29 0062a840     part_io_f:malloc.obj
 0004:00042850       _M_ALLOC_mp_REALLOCPREAL4$MUIND.0.29 0062a850     part_io_f:malloc.obj
 0004:00042860       _M_ALLOC_mp_REALLOCREAL4$LINDEX_.0.30 0062a860     part_io_f:malloc.obj
 0004:00042870       _M_ALLOC_mp_REALLOCREAL4$SHIFT_.0.30 0062a870     part_io_f:malloc.obj
 0004:00042880       _M_ALLOC_mp_REALLOCREAL4$UIND.0.30 0062a880     part_io_f:malloc.obj
 0004:00042890       _M_ALLOC_mp_REALLOCREAL4$LIND.0.30 0062a890     part_io_f:malloc.obj
 0004:000428a0       _M_ALLOC_mp_REALLOCREAL4$MLIND.0.30 0062a8a0     part_io_f:malloc.obj
 0004:000428b0       _M_ALLOC_mp_REALLOCREAL4$MUIND.0.30 0062a8b0     part_io_f:malloc.obj
 0004:000428c0       _M_ALLOC_mp_REALLOCPDOUBLE2$LINDEX_.0.33 0062a8c0     part_io_f:malloc.obj
 0004:000428d0       _M_ALLOC_mp_REALLOCPDOUBLE2$SHIFT_.0.33 0062a8d0     part_io_f:malloc.obj
 0004:000428e0       _M_ALLOC_mp_REALLOCPDOUBLE2$LIND.0.33 0062a8e0     part_io_f:malloc.obj
 0004:000428f0       _M_ALLOC_mp_REALLOCPDOUBLE2$UIND.0.33 0062a8f0     part_io_f:malloc.obj
 0004:00042900       _M_ALLOC_mp_REALLOCPDOUBLE2$MLIND.0.33 0062a900     part_io_f:malloc.obj
 0004:00042910       _M_ALLOC_mp_REALLOCPDOUBLE2$MUIND.0.33 0062a910     part_io_f:malloc.obj
 0004:00042920       _M_ALLOC_mp_REALLOCPDOUBLE3$LINDEX_.0.35 0062a920     part_io_f:malloc.obj
 0004:00042930       _M_ALLOC_mp_REALLOCPDOUBLE3$SHIFT_.0.35 0062a930     part_io_f:malloc.obj
 0004:00042940       _M_ALLOC_mp_REALLOCPDOUBLE3$UIND.0.35 0062a940     part_io_f:malloc.obj
 0004:00042950       _M_ALLOC_mp_REALLOCPDOUBLE3$LIND.0.35 0062a950     part_io_f:malloc.obj
 0004:00042960       _M_ALLOC_mp_REALLOCPDOUBLE3$MLIND.0.35 0062a960     part_io_f:malloc.obj
 0004:00042970       _M_ALLOC_mp_REALLOCPDOUBLE3$MUIND.0.35 0062a970     part_io_f:malloc.obj
 0004:00042980       _M_ALLOC_mp_REALLOCDOUBLE3$LINDEX_.0.36 0062a980     part_io_f:malloc.obj
 0004:00042990       _M_ALLOC_mp_REALLOCDOUBLE3$SHIFT_.0.36 0062a990     part_io_f:malloc.obj
 0004:000429a0       _M_ALLOC_mp_REALLOCDOUBLE3$UIND.0.36 0062a9a0     part_io_f:malloc.obj
 0004:000429b0       _M_ALLOC_mp_REALLOCDOUBLE3$LIND.0.36 0062a9b0     part_io_f:malloc.obj
 0004:000429c0       _M_ALLOC_mp_REALLOCDOUBLE3$MLIND.0.36 0062a9c0     part_io_f:malloc.obj
 0004:000429d0       _M_ALLOC_mp_REALLOCDOUBLE3$MUIND.0.36 0062a9d0     part_io_f:malloc.obj
 0004:000429e0       _M_ALLOC_mp_REALLOCPDOUBLE4$LINDEX_.0.37 0062a9e0     part_io_f:malloc.obj
 0004:000429f0       _M_ALLOC_mp_REALLOCPDOUBLE4$SHIFT_.0.37 0062a9f0     part_io_f:malloc.obj
 0004:00042a00       _M_ALLOC_mp_REALLOCPDOUBLE4$UIND.0.37 0062aa00     part_io_f:malloc.obj
 0004:00042a10       _M_ALLOC_mp_REALLOCPDOUBLE4$LIND.0.37 0062aa10     part_io_f:malloc.obj
 0004:00042a20       _M_ALLOC_mp_REALLOCPDOUBLE4$MLIND.0.37 0062aa20     part_io_f:malloc.obj
 0004:00042a30       _M_ALLOC_mp_REALLOCPDOUBLE4$MUIND.0.37 0062aa30     part_io_f:malloc.obj
 0004:00042a40       _M_ALLOC_mp_REALLOCDOUBLE4$LINDEX_.0.38 0062aa40     part_io_f:malloc.obj
 0004:00042a50       _M_ALLOC_mp_REALLOCDOUBLE4$SHIFT_.0.38 0062aa50     part_io_f:malloc.obj
 0004:00042a60       _M_ALLOC_mp_REALLOCDOUBLE4$UIND.0.38 0062aa60     part_io_f:malloc.obj
 0004:00042a70       _M_ALLOC_mp_REALLOCDOUBLE4$LIND.0.38 0062aa70     part_io_f:malloc.obj
 0004:00042a80       _M_ALLOC_mp_REALLOCDOUBLE4$MLIND.0.38 0062aa80     part_io_f:malloc.obj
 0004:00042a90       _M_ALLOC_mp_REALLOCDOUBLE4$MUIND.0.38 0062aa90     part_io_f:malloc.obj
 0004:00042aa0       _M_ALLOC_mp_REALLOCPLOGICAL2$LINDEX_.0.41 0062aaa0     part_io_f:malloc.obj
 0004:00042ab0       _M_ALLOC_mp_REALLOCPLOGICAL2$SHIFT_.0.41 0062aab0     part_io_f:malloc.obj
 0004:00042ac0       _M_ALLOC_mp_REALLOCPLOGICAL2$LIND.0.41 0062aac0     part_io_f:malloc.obj
 0004:00042ad0       _M_ALLOC_mp_REALLOCPLOGICAL2$UIND.0.41 0062aad0     part_io_f:malloc.obj
 0004:00042ae0       _M_ALLOC_mp_REALLOCPLOGICAL2$MLIND.0.41 0062aae0     part_io_f:malloc.obj
 0004:00042af0       _M_ALLOC_mp_REALLOCPLOGICAL2$MUIND.0.41 0062aaf0     part_io_f:malloc.obj
 0004:00042b00       _M_ALLOC_mp_REALLOCLOGICAL2$LINDEX_.0.42 0062ab00     part_io_f:malloc.obj
 0004:00042b10       _M_ALLOC_mp_REALLOCLOGICAL2$SHIFT_.0.42 0062ab10     part_io_f:malloc.obj
 0004:00042b20       _M_ALLOC_mp_REALLOCLOGICAL2$UIND.0.42 0062ab20     part_io_f:malloc.obj
 0004:00042b30       _M_ALLOC_mp_REALLOCLOGICAL2$LIND.0.42 0062ab30     part_io_f:malloc.obj
 0004:00042b40       _M_ALLOC_mp_REALLOCLOGICAL2$MUIND.0.42 0062ab40     part_io_f:malloc.obj
 0004:00042b50       _M_ALLOC_mp_REALLOCLOGICAL2$MLIND.0.42 0062ab50     part_io_f:malloc.obj
 0004:00042b60       _M_ALLOC_mp_REALLOCPLOGICAL3$LINDEX_.0.43 0062ab60     part_io_f:malloc.obj
 0004:00042b70       _M_ALLOC_mp_REALLOCPLOGICAL3$SHIFT_.0.43 0062ab70     part_io_f:malloc.obj
 0004:00042b80       _M_ALLOC_mp_REALLOCPLOGICAL3$UIND.0.43 0062ab80     part_io_f:malloc.obj
 0004:00042b90       _M_ALLOC_mp_REALLOCPLOGICAL3$LIND.0.43 0062ab90     part_io_f:malloc.obj
 0004:00042ba0       _M_ALLOC_mp_REALLOCPLOGICAL3$MLIND.0.43 0062aba0     part_io_f:malloc.obj
 0004:00042bb0       _M_ALLOC_mp_REALLOCPLOGICAL3$MUIND.0.43 0062abb0     part_io_f:malloc.obj
 0004:00042bc0       _M_ALLOC_mp_REALLOCLOGICAL3$LINDEX_.0.44 0062abc0     part_io_f:malloc.obj
 0004:00042bd0       _M_ALLOC_mp_REALLOCLOGICAL3$SHIFT_.0.44 0062abd0     part_io_f:malloc.obj
 0004:00042be0       _M_ALLOC_mp_REALLOCLOGICAL3$UIND.0.44 0062abe0     part_io_f:malloc.obj
 0004:00042bf0       _M_ALLOC_mp_REALLOCLOGICAL3$LIND.0.44 0062abf0     part_io_f:malloc.obj
 0004:00042c00       _M_ALLOC_mp_REALLOCLOGICAL3$MLIND.0.44 0062ac00     part_io_f:malloc.obj
 0004:00042c10       _M_ALLOC_mp_REALLOCLOGICAL3$MUIND.0.44 0062ac10     part_io_f:malloc.obj
 0004:00042c20       _M_ALLOC_mp_REALLOCPLOGICAL4$LINDEX_.0.45 0062ac20     part_io_f:malloc.obj
 0004:00042c30       _M_ALLOC_mp_REALLOCPLOGICAL4$SHIFT_.0.45 0062ac30     part_io_f:malloc.obj
 0004:00042c40       _M_ALLOC_mp_REALLOCPLOGICAL4$UIND.0.45 0062ac40     part_io_f:malloc.obj
 0004:00042c50       _M_ALLOC_mp_REALLOCPLOGICAL4$LIND.0.45 0062ac50     part_io_f:malloc.obj
 0004:00042c60       _M_ALLOC_mp_REALLOCPLOGICAL4$MLIND.0.45 0062ac60     part_io_f:malloc.obj
 0004:00042c70       _M_ALLOC_mp_REALLOCPLOGICAL4$MUIND.0.45 0062ac70     part_io_f:malloc.obj
 0004:00042c80       _M_ALLOC_mp_REALLOCLOGICAL4$LINDEX_.0.46 0062ac80     part_io_f:malloc.obj
 0004:00042c90       _M_ALLOC_mp_REALLOCLOGICAL4$SHIFT_.0.46 0062ac90     part_io_f:malloc.obj
 0004:00042ca0       _M_ALLOC_mp_REALLOCLOGICAL4$UIND.0.46 0062aca0     part_io_f:malloc.obj
 0004:00042cb0       _M_ALLOC_mp_REALLOCLOGICAL4$LIND.0.46 0062acb0     part_io_f:malloc.obj
 0004:00042cc0       _M_ALLOC_mp_REALLOCLOGICAL4$MLIND.0.46 0062acc0     part_io_f:malloc.obj
 0004:00042cd0       _M_ALLOC_mp_REALLOCLOGICAL4$MUIND.0.46 0062acd0     part_io_f:malloc.obj
 0004:00042ce0       .T2466_.0.26               0062ace0     part_io_f:malloc.obj
 0004:00042cf0       _M_ALLOC_mp_REALLOCREAL2$SHIFT_.0.26 0062acf0     part_io_f:malloc.obj
 0004:00042d00       _M_ALLOC_mp_REALLOCREAL2$LINDEX_.0.26 0062ad00     part_io_f:malloc.obj
 0004:00042d10       _M_ALLOC_mp_REALLOCREAL2$UIND.0.26 0062ad10     part_io_f:malloc.obj
 0004:00042d20       _M_ALLOC_mp_REALLOCREAL2$LIND.0.26 0062ad20     part_io_f:malloc.obj
 0004:00042d30       _M_ALLOC_mp_REALLOCREAL2$MLIND.0.26 0062ad30     part_io_f:malloc.obj
 0004:00042d40       _M_ALLOC_mp_REALLOCREAL2$MUIND.0.26 0062ad40     part_io_f:malloc.obj
 0004:00042d50       .T3272_.0.34               0062ad50     part_io_f:malloc.obj
 0004:00042d60       _M_ALLOC_mp_REALLOCDOUBLE2$SHIFT_.0.34 0062ad60     part_io_f:malloc.obj
 0004:00042d70       _M_ALLOC_mp_REALLOCDOUBLE2$LINDEX_.0.34 0062ad70     part_io_f:malloc.obj
 0004:00042d80       _M_ALLOC_mp_REALLOCDOUBLE2$UIND.0.34 0062ad80     part_io_f:malloc.obj
 0004:00042d90       _M_ALLOC_mp_REALLOCDOUBLE2$LIND.0.34 0062ad90     part_io_f:malloc.obj
 0004:00042da0       _M_ALLOC_mp_REALLOCDOUBLE2$MLIND.0.34 0062ada0     part_io_f:malloc.obj
 0004:00042db0       _M_ALLOC_mp_REALLOCDOUBLE2$MUIND.0.34 0062adb0     part_io_f:malloc.obj
 0004:00042dc0       .T838_.0.10                0062adc0     part_io_f:malloc.obj
 0004:00042dd0       _M_ALLOC_mp_REALLOCINT2$SHIFT_.0.10 0062add0     part_io_f:malloc.obj
 0004:00042de0       _M_ALLOC_mp_REALLOCINT2$LINDEX_.0.10 0062ade0     part_io_f:malloc.obj
 0004:00042df0       _M_ALLOC_mp_REALLOCINT2$UIND.0.10 0062adf0     part_io_f:malloc.obj
 0004:00042e00       _M_ALLOC_mp_REALLOCINT2$LIND.0.10 0062ae00     part_io_f:malloc.obj
 0004:00042e10       _M_ALLOC_mp_REALLOCINT2$MLIND.0.10 0062ae10     part_io_f:malloc.obj
 0004:00042e20       _M_ALLOC_mp_REALLOCINT2$MUIND.0.10 0062ae20     part_io_f:malloc.obj
 0004:00042e30       .T1661_.0.18               0062ae30     part_io_f:malloc.obj
 0004:00042e40       _M_ALLOC_mp_REALLOCCHARACTER2$SHIFT_.0.18 0062ae40     part_io_f:malloc.obj
 0004:00042e50       _M_ALLOC_mp_REALLOCCHARACTER2$LINDEX_.0.18 0062ae50     part_io_f:malloc.obj
 0004:00042e60       _M_ALLOC_mp_REALLOCCHARACTER2$UIND.0.18 0062ae60     part_io_f:malloc.obj
 0004:00042e70       _M_ALLOC_mp_REALLOCCHARACTER2$LIND.0.18 0062ae70     part_io_f:malloc.obj
 0004:00042e80       _M_ALLOC_mp_REALLOCCHARACTER2$MUIND.0.18 0062ae80     part_io_f:malloc.obj
 0004:00042e90       _M_ALLOC_mp_REALLOCCHARACTER2$MLIND.0.18 0062ae90     part_io_f:malloc.obj
 0004:00042ea0       _M_ALLOC_mp_REALLOCREAL3$LINDEX_.0.28 0062aea0     part_io_f:malloc.obj
 0004:00042eb0       .T2686_.0.28               0062aeb0     part_io_f:malloc.obj
 0004:00042ec0       _M_ALLOC_mp_REALLOCREAL3$SHIFT_.0.28 0062aec0     part_io_f:malloc.obj
 0004:00042ed0       _M_ALLOC_mp_REALLOCREAL3$UIND.0.28 0062aed0     part_io_f:malloc.obj
 0004:00042ee0       _M_ALLOC_mp_REALLOCREAL3$LIND.0.28 0062aee0     part_io_f:malloc.obj
 0004:00042ef0       _M_ALLOC_mp_REALLOCREAL3$MLIND.0.28 0062aef0     part_io_f:malloc.obj
 0004:00042f00       _M_ALLOC_mp_REALLOCREAL3$MUIND.0.28 0062af00     part_io_f:malloc.obj
 0004:00042f20       _RDTOK1$CHULP.0.1          0062af20     deltares_common:rdtok1.obj
 0004:00043320       _RDTOK1$LINE.0.1           0062b320     deltares_common:rdtok1.obj
 0004:00043720       _RDTOK1$LINE2.0.1          0062b720     deltares_common:rdtok1.obj
 0004:00043770       _RDTOK1$I.0.1              0062b770     deltares_common:rdtok1.obj
 0004:00043774       _RDTOK1$IFL.0.1            0062b774     deltares_common:rdtok1.obj
 0004:00043778       _RDTOK1$LUNIN.0.1          0062b778     deltares_common:rdtok1.obj
 0004:0004377c       _RDTOK1$IPOSL.0.1          0062b77c     deltares_common:rdtok1.obj
 0004:00043780       _RDTOK1$ITYPE.0.1          0062b780     deltares_common:rdtok1.obj
 0004:000437a0       _GETTOK$STRS.0.1           0062b7a0     deltares_common:gettok.obj
 0004:00043820       _GETTOK$NTOT.0.1           0062b820     deltares_common:gettok.obj
 0004:00043824       _GETTOK$ITYPES.0.1         0062b824     deltares_common:gettok.obj
 0004:00043828       _GETTOK$INTS.0.1           0062b828     deltares_common:gettok.obj
 0004:0004382c       _GETTOK$REELS.0.1          0062b82c     deltares_common:gettok.obj
 0004:00043830       _GETTOK$IPOSLS.0.1         0062b830     deltares_common:gettok.obj
 0004:00043834       _GETTOK$IPOSRS.0.1         0062b834     deltares_common:gettok.obj
 0004:00043838       _GETTOK$NUM.0.1            0062b838     deltares_common:gettok.obj
 0004:0004383c       _GETTOK$I.0.1              0062b83c     deltares_common:gettok.obj
 0004:00043840       _GETTOK$J.0.1              0062b840     deltares_common:gettok.obj
 0004:00043844       _GETTOK$DOT.0.1            0062b844     deltares_common:gettok.obj
 0004:00043848       _GETTOK$EXP.0.1            0062b848     deltares_common:gettok.obj
 0004:0004384c       _GETTOK$IEXP.0.1           0062b84c     deltares_common:gettok.obj
 0004:00043850       _GETTOK$I2.0.1             0062b850     deltares_common:gettok.obj
 0004:00043854       _GETTOK$IHLP.0.1           0062b854     deltares_common:gettok.obj
 0004:00043858       _GETTOK$CHTAB.0.1          0062b858     deltares_common:gettok.obj
 0004:00043859       _GETTOK$CH_CR.0.1          0062b859     deltares_common:gettok.obj
 0004:0004385a       _GETTOK$CTRLZ.0.1          0062b85a     deltares_common:gettok.obj
 0004:0004385b       _GETTOK$LIMC.0.1           0062b85b     deltares_common:gettok.obj
 0004:00043880       _WRITE_VERSION$CIDENT.0.1  0062b880     part_utils_f:write_version.obj
 0004:000438d0       _WRITE_VERSION$ITHNDL.0.1  0062b8d0     part_utils_f:write_version.obj
 0004:000438d4       _WRITE_VERSION$OS.0.1      0062b8d4     part_utils_f:write_version.obj
 0004:000438e0       _POLPART$ITHNDL.0.1        0062b8e0     part_utils_f:polpart.obj
 0004:000438e4       _POLPART$BLOK.0.1          0062b8e4     part_utils_f:polpart.obj
 0004:000438e8       _NOEXTSPACES_MOD_mp_NOEXTSPACES$ITHNDL.0.2 0062b8e8     part_utils_f:noextspaces.obj
 0004:000438ec       _has_cctor                 0062b8ec     MSVCRT:crtexe.obj
 0004:000438f0       _mainret                   0062b8f0     MSVCRT:crtexe.obj
 0004:000438f4       _managedapp                0062b8f4     MSVCRT:crtexe.obj
 0004:000438f8       _argc                      0062b8f8     MSVCRT:crtexe.obj
 0004:000438fc       _argv                      0062b8fc     MSVCRT:crtexe.obj
 0004:00043900       _envp                      0062b900     MSVCRT:crtexe.obj
 0004:00043904       _argret                    0062b904     MSVCRT:crtexe.obj
 0004:00043908       _startinfo                 0062b908     MSVCRT:crtexe.obj
 0004:00043910       _GS_ExceptionRecord        0062b910     MSVCRT:gs_report.obj
 0004:00043960       _GS_ContextRecord          0062b960     MSVCRT:gs_report.obj
 0004:00043c2c       _DebuggerWasPresent        0062bc2c     MSVCRT:gs_report.obj
 0004:00043c40       _eptr                      0062bc40     libifcoremt:for_main.obj
 0004:00043c44       _fpe_ieee_sts              0062bc44     libifcoremt:for_main.obj
 0004:00043c50       ?defhdr@?1??create_nefis_files@@9@9 0062bc50     * CIL library *:* CIL module *
 0004:00043c90       ?dathdr@?1??create_nefis_files@@9@9 0062bc90     * CIL library *:* CIL module *
 0004:00043cd0       ?dafhdr@?1??create_nefis_files@@9@9 0062bcd0     * CIL library *:* CIL module *
 0004:00043d54       _index_copy                0062bd54     * CIL library *:* CIL module *
 0004:00043d58       ?found@?1??RT_retrieve_struc@@9@9 0062bd58     * CIL library *:* CIL module *
 0004:00043d60       ?found@?1??RT_update_var_index_array@@9@9 0062bd60     * CIL library *:* CIL module *
 0006:00000000       fwdPxDx                    025da000     libirc:fast_memcpy.obj
 0006:00000140       SSE_src                    025da140     libirc:fast_memcpy.obj
 0006:00000180       Fix16EndTableb             025da180     libirc:fast_memcpy.obj
 0006:000001b0       Fix16EndTable              025da1b0     libirc:fast_memcpy.obj
 0006:000001e0       sse2_align_tbl             025da1e0     libirc:fast_memcpy.obj
 0006:000001f0       setPxDx                    025da1f0     libirc:fast_memset.obj
 0006:00000300       SSExDx                     025da300     libirc:fast_memset.obj
