.\engines_gpl\dflowfm\packages\dflowfm-cli_exe\PGOPTI.SPI
.\engines_gpl\dflowfm\packages\dflowfm_kernel\PGOPTI.SPI
.\engines_gpl\dflowfm\packages\dflowfm_lib\PGOPTI.SPI
.\engines_gpl\waq\packages\waq_process\PGOPTI.SPI
.\engines_gpl\waq\packages\waq_utils_f\PGOPTI.SPI
.\engines_gpl\waq\packages\wq_processes\PGOPTI.SPI
.\third_party\interacter_stub\PGOPTI.SPI
.\third_party_open\FLAP\src\PGOPTI.SPI
.\third_party_open\fortrangis\libfortranc\PGOPTI.SPI
.\third_party_open\fortrangis\libfortrangis\PGOPTI.SPI
.\third_party_open\kdtree2\src-f90\PGOPTI.SPI
.\third_party_open\netcdf\PGOPTI.SPI
.\third_party_open\petsc\PGOPTI.SPI
.\third_party_open\polypack\PGOPTI.SPI
.\third_party_open\shapelib\test\PGOPTI.SPI
.\tools_gpl\dfmoutput\PGOPTI.SPI
.\utils_gpl\flow1d\packages\flow1d_core\PGOPTI.SPI
.\utils_gpl\flow1d\packages\flow1d_io\PGOPTI.SPI
.\utils_gpl\morphology\packages\morphology_data\PGOPTI.SPI
.\utils_gpl\morphology\packages\morphology_io\PGOPTI.SPI
.\utils_gpl\morphology\packages\morphology_kernel\PGOPTI.SPI
.\utils_gpl\trachytopes\packages\trachytopes_io\PGOPTI.SPI
.\utils_gpl\trachytopes\packages\trachytopes_kernel\PGOPTI.SPI
.\utils_lgpl\deltares_common\packages\deltares_common\PGOPTI.SPI
.\utils_lgpl\deltares_common\packages\deltares_common_mpi\PGOPTI.SPI
.\utils_lgpl\ec_module\packages\ec_module\PGOPTI.SPI
.\utils_lgpl\gridgeom\packages\gridgeom\PGOPTI.SPI
.\utils_lgpl\io_netcdf\packages\io_netcdf\PGOPTI.SPI
.\utils_lgpl\kdtree_wrapper\packages\kdtree_wrapper\PGOPTI.SPI
